Component: ARM Compiler 5.06 update 1 (build 61) Tool: armlink [4d35a8]

==============================================================================

Section Cross References

    keil_startup_lpc15xx.o(STACK) refers (Special) to heapauxi.o(.text) for __use_two_region_memory
    keil_startup_lpc15xx.o(HEAP) refers (Special) to heapauxi.o(.text) for __use_two_region_memory
    keil_startup_lpc15xx.o(RESET) refers (Special) to heapauxi.o(.text) for __use_two_region_memory
    keil_startup_lpc15xx.o(RESET) refers to keil_startup_lpc15xx.o(STACK) for __initial_sp
    keil_startup_lpc15xx.o(RESET) refers to keil_startup_lpc15xx.o(.text) for Reset_Handler
    keil_startup_lpc15xx.o(RESET) refers to main.o(i.SysTick_Handler) for SysTick_Handler
    keil_startup_lpc15xx.o(RESET) refers to can.o(i.CAN_IRQHandler) for CAN_IRQHandler
    keil_startup_lpc15xx.o(.ARM.__at_0x02FC) refers (Special) to heapauxi.o(.text) for __use_two_region_memory
    keil_startup_lpc15xx.o(.text) refers (Special) to heapauxi.o(.text) for __use_two_region_memory
    keil_startup_lpc15xx.o(.text) refers to sysinit.o(i.SystemInit) for SystemInit
    keil_startup_lpc15xx.o(.text) refers to __main.o(!!!main) for __main
    keil_startup_lpc15xx.o(.text) refers to keil_startup_lpc15xx.o(HEAP) for Heap_Mem
    keil_startup_lpc15xx.o(.text) refers to keil_startup_lpc15xx.o(STACK) for Stack_Mem
    sysinit.o(i.SystemInit) refers to board_sysinit.o(i.Board_SystemInit) for Board_SystemInit
    main.o(i.SysTick_Handler) refers to main.o(.data) for ticks
    main.o(i.main) refers to chip_15xx.o(i.SystemCoreClockUpdate) for SystemCoreClockUpdate
    main.o(i.main) refers to board.o(i.Board_Init) for Board_Init
    main.o(i.main) refers to board.o(i.Board_LED_Set) for Board_LED_Set
    main.o(i.main) refers to can.o(i.can_init) for can_init
    main.o(i.main) refers to can.o(i.can_transmit) for can_transmit
    main.o(i.main) refers to board.o(i.Board_LED_Toggle) for Board_LED_Toggle
    main.o(i.main) refers to chip_15xx.o(.data) for SystemCoreClock
    main.o(i.main) refers to can.o(.bss) for msg1_obj
    main.o(i.main) refers to can.o(.data) for message_received
    main.o(i.main) refers to main.o(.data) for t_flag
    can.o(i.CAN_IRQHandler) refers to can.o(.data) for pCanHandle
    can.o(i.CAN_error) refers to can.o(.bss) for can_err
    can.o(i.CAN_rx) refers to board.o(i.Board_LED_Toggle) for Board_LED_Toggle
    can.o(i.CAN_rx) refers to can.o(.bss) for rec_obj
    can.o(i.CAN_rx) refers to can.o(.data) for pCanHandle
    can.o(i.CAN_tx) refers to board.o(i.Board_LED_Toggle) for Board_LED_Toggle
    can.o(i.CAN_tx) refers to can.o(.data) for tx_busy
    can.o(i.can_init) refers to rt_memcpy_w.o(.text) for __aeabi_memcpy4
    can.o(i.can_init) refers to clock_15xx.o(i.Chip_Clock_EnablePeriphClock) for Chip_Clock_EnablePeriphClock
    can.o(i.can_init) refers to sysctl_15xx.o(i.Chip_SYSCTL_AssertPeriphReset) for Chip_SYSCTL_AssertPeriphReset
    can.o(i.can_init) refers to sysctl_15xx.o(i.Chip_SYSCTL_DeassertPeriphReset) for Chip_SYSCTL_DeassertPeriphReset
    can.o(i.can_init) refers to can.o(i.Chip_IOCON_PinMuxSet) for Chip_IOCON_PinMuxSet
    can.o(i.can_init) refers to swm_15xx.o(i.Chip_SWM_MovablePinAssign) for Chip_SWM_MovablePinAssign
    can.o(i.can_init) refers to can.o(i.can_speed) for can_speed
    can.o(i.can_init) refers to can.o(.constdata) for .constdata
    can.o(i.can_init) refers to can.o(.bss) for gCANapiMem
    can.o(i.can_init) refers to can.o(.data) for pCanHandle
    can.o(i.can_speed) refers to can.o(.constdata) for c_speed
    can.o(i.can_speed) refers to can.o(.bss) for gCANConfig
    can.o(i.can_speed) refers to can.o(.data) for act_kbaud
    can.o(i.can_transmit) refers to can.o(.data) for tx_busy
    can.o(.constdata) refers to can.o(.bss) for gCANConfig
    can.o(.constdata) refers to can.o(.data) for callbacks
    can.o(.data) refers to can.o(i.CAN_rx) for CAN_rx
    can.o(.data) refers to can.o(i.CAN_tx) for CAN_tx
    can.o(.data) refers to can.o(i.CAN_error) for CAN_error
    board.o(i.Board_Debug_Init) refers to board.o(i.Chip_SWM_MovablePortPinAssign) for Chip_SWM_MovablePortPinAssign
    board.o(i.Board_Debug_Init) refers to clock_15xx.o(i.Chip_Clock_GetMainClockRate) for Chip_Clock_GetMainClockRate
    board.o(i.Board_Debug_Init) refers to clock_15xx.o(i.Chip_Clock_SetUARTBaseClockRate) for Chip_Clock_SetUARTBaseClockRate
    board.o(i.Board_Debug_Init) refers to uart_15xx.o(i.Chip_UART_Init) for Chip_UART_Init
    board.o(i.Board_Debug_Init) refers to uart_15xx.o(i.Chip_UART_SetBaud) for Chip_UART_SetBaud
    board.o(i.Board_Init) refers to board.o(i.Board_Debug_Init) for Board_Debug_Init
    board.o(i.Board_Init) refers to gpio_15xx.o(i.Chip_GPIO_Init) for Chip_GPIO_Init
    board.o(i.Board_Init) refers to board.o(.constdata) for .constdata
    board.o(i.Board_Joystick_Init) refers to board.o(.constdata) for .constdata
    board.o(i.Board_LED_Set) refers to board.o(.constdata) for .constdata
    board.o(i.Board_LED_Test) refers to board.o(i.Chip_GPIO_GetPinState) for Chip_GPIO_GetPinState
    board.o(i.Board_LED_Test) refers to board.o(.constdata) for .constdata
    board.o(i.Board_LED_Toggle) refers to board.o(.constdata) for .constdata
    board.o(i.Board_UARTGetChar) refers to uart_15xx.o(i.Chip_UART_Read) for Chip_UART_Read
    board.o(i.Board_UARTPutChar) refers to uart_15xx.o(i.Chip_UART_SendBlocking) for Chip_UART_SendBlocking
    board.o(i.Board_UARTPutSTR) refers to board.o(i.Board_UARTPutChar) for Board_UARTPutChar
    board.o(i.Chip_SWM_MovablePortPinAssign) refers to swm_15xx.o(i.Chip_SWM_MovablePinAssign) for Chip_SWM_MovablePinAssign
    board.o(i.Joystick_GetStatus) refers to board.o(i.Chip_GPIO_GetPinState) for Chip_GPIO_GetPinState
    board.o(i.Joystick_GetStatus) refers to board.o(.constdata) for .constdata
    board.o(i.fgetc) refers to board.o(i.Board_UARTGetChar) for Board_UARTGetChar
    board.o(i.fputc) refers to board.o(i.Board_UARTPutChar) for Board_UARTPutChar
    board_sysinit.o(i.Board_SetupClocking) refers to sysinit_15xx.o(i.Chip_SetupXtalClocking) for Chip_SetupXtalClocking
    board_sysinit.o(i.Board_SetupClocking) refers to sysctl_15xx.o(i.Chip_SYSCTL_PowerUp) for Chip_SYSCTL_PowerUp
    board_sysinit.o(i.Board_SetupMuxing) refers to clock_15xx.o(i.Chip_Clock_EnablePeriphClock) for Chip_Clock_EnablePeriphClock
    board_sysinit.o(i.Board_SetupMuxing) refers to sysctl_15xx.o(i.Chip_SYSCTL_AssertPeriphReset) for Chip_SYSCTL_AssertPeriphReset
    board_sysinit.o(i.Board_SetupMuxing) refers to sysctl_15xx.o(i.Chip_SYSCTL_DeassertPeriphReset) for Chip_SYSCTL_DeassertPeriphReset
    board_sysinit.o(i.Board_SetupMuxing) refers to iocon_15xx.o(i.Chip_IOCON_SetPinMuxing) for Chip_IOCON_SetPinMuxing
    board_sysinit.o(i.Board_SetupMuxing) refers to swm_15xx.o(i.Chip_SWM_MovablePinAssign) for Chip_SWM_MovablePinAssign
    board_sysinit.o(i.Board_SetupMuxing) refers to board_sysinit.o(.constdata) for .constdata
    board_sysinit.o(i.Board_SystemInit) refers to board_sysinit.o(i.Board_SetupMuxing) for Board_SetupMuxing
    board_sysinit.o(i.Board_SystemInit) refers to board_sysinit.o(i.Board_SetupClocking) for Board_SetupClocking
    clock_15xx.o(i.Chip_Clock_GetADCASYNCRate) refers to clock_15xx.o(i.Chip_Clock_GetSCTPLLOutClockRate) for Chip_Clock_GetSCTPLLOutClockRate
    clock_15xx.o(i.Chip_Clock_GetADCASYNCRate) refers to clock_15xx.o(i.Chip_Clock_GetSystemPLLOutClockRate) for Chip_Clock_GetSystemPLLOutClockRate
    clock_15xx.o(i.Chip_Clock_GetADCASYNCRate) refers to clock_15xx.o(i.Chip_Clock_GetUSBPLLOutClockRate) for Chip_Clock_GetUSBPLLOutClockRate
    clock_15xx.o(i.Chip_Clock_GetMainClockRate) refers to clock_15xx.o(i.Chip_Clock_GetMain_B_ClockRate) for Chip_Clock_GetMain_B_ClockRate
    clock_15xx.o(i.Chip_Clock_GetMainClockRate) refers to clock_15xx.o(i.Chip_Clock_GetMain_A_ClockRate) for Chip_Clock_GetMain_A_ClockRate
    clock_15xx.o(i.Chip_Clock_GetMain_A_ClockRate) refers to board.o(.constdata) for OscRateIn
    clock_15xx.o(i.Chip_Clock_GetMain_B_ClockRate) refers to clock_15xx.o(i.Chip_Clock_GetMain_A_ClockRate) for Chip_Clock_GetMain_A_ClockRate
    clock_15xx.o(i.Chip_Clock_GetMain_B_ClockRate) refers to clock_15xx.o(i.Chip_Clock_GetSystemPLLInClockRate) for Chip_Clock_GetSystemPLLInClockRate
    clock_15xx.o(i.Chip_Clock_GetMain_B_ClockRate) refers to clock_15xx.o(i.Chip_Clock_GetSystemPLLOutClockRate) for Chip_Clock_GetSystemPLLOutClockRate
    clock_15xx.o(i.Chip_Clock_GetMain_B_ClockRate) refers to board.o(.constdata) for RTCOscRateIn
    clock_15xx.o(i.Chip_Clock_GetPLLInClockRate) refers to board.o(.constdata) for OscRateIn
    clock_15xx.o(i.Chip_Clock_GetSCTPLLInClockRate) refers to clock_15xx.o(i.Chip_Clock_GetPLLInClockRate) for Chip_Clock_GetPLLInClockRate
    clock_15xx.o(i.Chip_Clock_GetSCTPLLOutClockRate) refers to clock_15xx.o(i.Chip_Clock_GetSCTPLLInClockRate) for Chip_Clock_GetSCTPLLInClockRate
    clock_15xx.o(i.Chip_Clock_GetSCTPLLOutClockRate) refers to clock_15xx.o(i.Chip_Clock_GetPLLFreq) for Chip_Clock_GetPLLFreq
    clock_15xx.o(i.Chip_Clock_GetSysTickClockRate) refers to clock_15xx.o(i.Chip_Clock_GetMainClockRate) for Chip_Clock_GetMainClockRate
    clock_15xx.o(i.Chip_Clock_GetSystemClockRate) refers to clock_15xx.o(i.Chip_Clock_GetMainClockRate) for Chip_Clock_GetMainClockRate
    clock_15xx.o(i.Chip_Clock_GetSystemPLLInClockRate) refers to clock_15xx.o(i.Chip_Clock_GetPLLInClockRate) for Chip_Clock_GetPLLInClockRate
    clock_15xx.o(i.Chip_Clock_GetSystemPLLOutClockRate) refers to clock_15xx.o(i.Chip_Clock_GetSystemPLLInClockRate) for Chip_Clock_GetSystemPLLInClockRate
    clock_15xx.o(i.Chip_Clock_GetSystemPLLOutClockRate) refers to clock_15xx.o(i.Chip_Clock_GetPLLFreq) for Chip_Clock_GetPLLFreq
    clock_15xx.o(i.Chip_Clock_GetUARTBaseClockRate) refers to clock_15xx.o(i.Chip_Clock_GetMainClockRate) for Chip_Clock_GetMainClockRate
    clock_15xx.o(i.Chip_Clock_GetUARTBaseClockRate) refers to lludivv7m.o(.text) for __aeabi_uldivmod
    clock_15xx.o(i.Chip_Clock_GetUSBPLLInClockRate) refers to clock_15xx.o(i.Chip_Clock_GetPLLInClockRate) for Chip_Clock_GetPLLInClockRate
    clock_15xx.o(i.Chip_Clock_GetUSBPLLOutClockRate) refers to clock_15xx.o(i.Chip_Clock_GetUSBPLLInClockRate) for Chip_Clock_GetUSBPLLInClockRate
    clock_15xx.o(i.Chip_Clock_GetUSBPLLOutClockRate) refers to clock_15xx.o(i.Chip_Clock_GetPLLFreq) for Chip_Clock_GetPLLFreq
    clock_15xx.o(i.Chip_Clock_SetUARTBaseClockRate) refers to clock_15xx.o(i.Chip_Clock_GetMainClockRate) for Chip_Clock_GetMainClockRate
    clock_15xx.o(i.Chip_Clock_SetUARTBaseClockRate) refers to lludivv7m.o(.text) for __aeabi_uldivmod
    clock_15xx.o(i.Chip_Clock_SetUARTBaseClockRate) refers to clock_15xx.o(i.Chip_Clock_GetUARTBaseClockRate) for Chip_Clock_GetUARTBaseClockRate
    swm_15xx.o(i.Chip_SWM_FixedPinEnable) refers to swm_15xx.o(i.Chip_SWM_EnableFixedPin) for Chip_SWM_EnableFixedPin
    swm_15xx.o(i.Chip_SWM_FixedPinEnable) refers to swm_15xx.o(i.Chip_SWM_DisableFixedPin) for Chip_SWM_DisableFixedPin
    chip_15xx.o(i.Chip_USB_Init) refers to sysctl_15xx.o(i.Chip_SYSCTL_PowerUp) for Chip_SYSCTL_PowerUp
    chip_15xx.o(i.Chip_USB_Init) refers to clock_15xx.o(i.Chip_Clock_EnablePeriphClock) for Chip_Clock_EnablePeriphClock
    chip_15xx.o(i.Chip_USB_Init) refers to sysctl_15xx.o(i.Chip_SYSCTL_AssertPeriphReset) for Chip_SYSCTL_AssertPeriphReset
    chip_15xx.o(i.Chip_USB_Init) refers to sysctl_15xx.o(i.Chip_SYSCTL_DeassertPeriphReset) for Chip_SYSCTL_DeassertPeriphReset
    chip_15xx.o(i.SystemCoreClockUpdate) refers to clock_15xx.o(i.Chip_Clock_GetSystemClockRate) for Chip_Clock_GetSystemClockRate
    chip_15xx.o(i.SystemCoreClockUpdate) refers to chip_15xx.o(.data) for .data
    gpio_15xx.o(i.Chip_GPIO_DeInit) refers to clock_15xx.o(i.Chip_Clock_DisablePeriphClock) for Chip_Clock_DisablePeriphClock
    gpio_15xx.o(i.Chip_GPIO_Init) refers to clock_15xx.o(i.Chip_Clock_EnablePeriphClock) for Chip_Clock_EnablePeriphClock
    gpio_15xx.o(i.Chip_GPIO_Init) refers to sysctl_15xx.o(i.Chip_SYSCTL_AssertPeriphReset) for Chip_SYSCTL_AssertPeriphReset
    gpio_15xx.o(i.Chip_GPIO_Init) refers to sysctl_15xx.o(i.Chip_SYSCTL_DeassertPeriphReset) for Chip_SYSCTL_DeassertPeriphReset
    sysinit_15xx.o(i.Chip_SetupIrcClocking) refers to sysctl_15xx.o(i.Chip_SYSCTL_PowerUp) for Chip_SYSCTL_PowerUp
    sysinit_15xx.o(i.Chip_SetupIrcClocking) refers to sysctl_15xx.o(i.Chip_SYSCTL_PowerDown) for Chip_SYSCTL_PowerDown
    sysinit_15xx.o(i.Chip_SetupIrcClocking) refers to sysinit_15xx.o(i.Chip_FMC_SetFLASHAccess) for Chip_FMC_SetFLASHAccess
    sysinit_15xx.o(i.Chip_SetupIrcClocking) refers to clock_15xx.o(i.Chip_Clock_SetMainClockSource) for Chip_Clock_SetMainClockSource
    sysinit_15xx.o(i.Chip_SetupXtalClocking) refers to sysctl_15xx.o(i.Chip_SYSCTL_PowerUp) for Chip_SYSCTL_PowerUp
    sysinit_15xx.o(i.Chip_SetupXtalClocking) refers to sysctl_15xx.o(i.Chip_SYSCTL_PowerDown) for Chip_SYSCTL_PowerDown
    sysinit_15xx.o(i.Chip_SetupXtalClocking) refers to sysinit_15xx.o(i.Chip_FMC_SetFLASHAccess) for Chip_FMC_SetFLASHAccess
    sysinit_15xx.o(i.Chip_SetupXtalClocking) refers to clock_15xx.o(i.Chip_Clock_SetMainClockSource) for Chip_Clock_SetMainClockSource
    sysinit_15xx.o(i.Chip_SystemInit) refers to sysinit_15xx.o(i.Chip_SetupIrcClocking) for Chip_SetupIrcClocking
    uart_15xx.o(i.Chip_SYSCTL_PeriphReset) refers to sysctl_15xx.o(i.Chip_SYSCTL_AssertPeriphReset) for Chip_SYSCTL_AssertPeriphReset
    uart_15xx.o(i.Chip_SYSCTL_PeriphReset) refers to sysctl_15xx.o(i.Chip_SYSCTL_DeassertPeriphReset) for Chip_SYSCTL_DeassertPeriphReset
    uart_15xx.o(i.Chip_UART_DeInit) refers to uart_15xx.o(i.getUARTClockID) for getUARTClockID
    uart_15xx.o(i.Chip_UART_DeInit) refers to clock_15xx.o(i.Chip_Clock_DisablePeriphClock) for Chip_Clock_DisablePeriphClock
    uart_15xx.o(i.Chip_UART_IRQRBHandler) refers to uart_15xx.o(i.Chip_UART_TXIntHandlerRB) for Chip_UART_TXIntHandlerRB
    uart_15xx.o(i.Chip_UART_IRQRBHandler) refers to uart_15xx.o(i.Chip_UART_RXIntHandlerRB) for Chip_UART_RXIntHandlerRB
    uart_15xx.o(i.Chip_UART_Init) refers to uart_15xx.o(i.getUARTClockID) for getUARTClockID
    uart_15xx.o(i.Chip_UART_Init) refers to clock_15xx.o(i.Chip_Clock_EnablePeriphClock) for Chip_Clock_EnablePeriphClock
    uart_15xx.o(i.Chip_UART_Init) refers to uart_15xx.o(i.Chip_SYSCTL_PeriphReset) for Chip_SYSCTL_PeriphReset
    uart_15xx.o(i.Chip_UART_RXIntHandlerRB) refers to ring_buffer.o(i.RingBuffer_Insert) for RingBuffer_Insert
    uart_15xx.o(i.Chip_UART_ReadBlocking) refers to uart_15xx.o(i.Chip_UART_Read) for Chip_UART_Read
    uart_15xx.o(i.Chip_UART_ReadRB) refers to ring_buffer.o(i.RingBuffer_PopMult) for RingBuffer_PopMult
    uart_15xx.o(i.Chip_UART_SendBlocking) refers to uart_15xx.o(i.Chip_UART_Send) for Chip_UART_Send
    uart_15xx.o(i.Chip_UART_SendRB) refers to ring_buffer.o(i.RingBuffer_InsertMult) for RingBuffer_InsertMult
    uart_15xx.o(i.Chip_UART_SendRB) refers to uart_15xx.o(i.Chip_UART_TXIntHandlerRB) for Chip_UART_TXIntHandlerRB
    uart_15xx.o(i.Chip_UART_SetBaud) refers to clock_15xx.o(i.Chip_Clock_GetUARTBaseClockRate) for Chip_Clock_GetUARTBaseClockRate
    uart_15xx.o(i.Chip_UART_SetBaudWithRTC32K) refers to board.o(.constdata) for RTCOscRateIn
    uart_15xx.o(i.Chip_UART_TXIntHandlerRB) refers to ring_buffer.o(i.RingBuffer_Pop) for RingBuffer_Pop
    ring_buffer.o(i.RingBuffer_Insert) refers to ring_buffer.o(i.RingBuffer_IsFull) for RingBuffer_IsFull
    ring_buffer.o(i.RingBuffer_Insert) refers to rt_memcpy_v6.o(.text) for __aeabi_memcpy
    ring_buffer.o(i.RingBuffer_InsertMult) refers to ring_buffer.o(i.RingBuffer_IsFull) for RingBuffer_IsFull
    ring_buffer.o(i.RingBuffer_InsertMult) refers to rt_memcpy_v6.o(.text) for __aeabi_memcpy
    ring_buffer.o(i.RingBuffer_Pop) refers to ring_buffer.o(i.RingBuffer_IsEmpty) for RingBuffer_IsEmpty
    ring_buffer.o(i.RingBuffer_Pop) refers to rt_memcpy_v6.o(.text) for __aeabi_memcpy
    ring_buffer.o(i.RingBuffer_PopMult) refers to ring_buffer.o(i.RingBuffer_IsEmpty) for RingBuffer_IsEmpty
    ring_buffer.o(i.RingBuffer_PopMult) refers to rt_memcpy_v6.o(.text) for __aeabi_memcpy
    rt_memcpy_v6.o(.text) refers to rt_memcpy_w.o(.text) for __aeabi_memcpy4
    __main.o(!!!main) refers to __rtentry.o(.ARM.Collect$$rtentry$$00000000) for __rt_entry
    __rtentry.o(.ARM.Collect$$rtentry$$00000000) refers (Special) to __rtentry2.o(.ARM.Collect$$rtentry$$0000000A) for __rt_entry_li
    __rtentry.o(.ARM.Collect$$rtentry$$00000000) refers (Special) to __rtentry2.o(.ARM.Collect$$rtentry$$0000000D) for __rt_entry_main
    __rtentry.o(.ARM.Collect$$rtentry$$00000000) refers (Special) to __rtentry2.o(.ARM.Collect$$rtentry$$0000000C) for __rt_entry_postli_1
    __rtentry.o(.ARM.Collect$$rtentry$$00000000) refers (Special) to __rtentry2.o(.ARM.Collect$$rtentry$$00000009) for __rt_entry_postsh_1
    __rtentry.o(.ARM.Collect$$rtentry$$00000000) refers (Special) to __rtentry2.o(.ARM.Collect$$rtentry$$00000002) for __rt_entry_presh_1
    __rtentry.o(.ARM.Collect$$rtentry$$00000000) refers (Special) to __rtentry4.o(.ARM.Collect$$rtentry$$00000004) for __rt_entry_sh
    aeabi_ldiv0_sigfpe.o(.text) refers to rt_div0.o(.text) for __rt_div0
    __rtentry2.o(.ARM.Collect$$rtentry$$00000008) refers to boardinit2.o(.text) for _platform_post_stackheap_init
    __rtentry2.o(.ARM.Collect$$rtentry$$0000000A) refers to libinit.o(.ARM.Collect$$libinit$$00000000) for __rt_lib_init
    __rtentry2.o(.ARM.Collect$$rtentry$$0000000B) refers to boardinit3.o(.text) for _platform_post_lib_init
    __rtentry2.o(.ARM.Collect$$rtentry$$0000000D) refers to main.o(i.main) for main
    __rtentry2.o(.ARM.Collect$$rtentry$$0000000D) refers to exit.o(.text) for exit
    __rtentry2.o(.ARM.exidx) refers to __rtentry2.o(.ARM.Collect$$rtentry$$00000001) for .ARM.Collect$$rtentry$$00000001
    __rtentry2.o(.ARM.exidx) refers to __rtentry2.o(.ARM.Collect$$rtentry$$00000008) for .ARM.Collect$$rtentry$$00000008
    __rtentry2.o(.ARM.exidx) refers to __rtentry2.o(.ARM.Collect$$rtentry$$0000000A) for .ARM.Collect$$rtentry$$0000000A
    __rtentry2.o(.ARM.exidx) refers to __rtentry2.o(.ARM.Collect$$rtentry$$0000000B) for .ARM.Collect$$rtentry$$0000000B
    __rtentry2.o(.ARM.exidx) refers to __rtentry2.o(.ARM.Collect$$rtentry$$0000000D) for .ARM.Collect$$rtentry$$0000000D
    __rtentry4.o(.ARM.Collect$$rtentry$$00000004) refers to sys_stackheap_outer.o(.text) for __user_setup_stackheap
    __rtentry4.o(.ARM.exidx) refers to __rtentry4.o(.ARM.Collect$$rtentry$$00000004) for .ARM.Collect$$rtentry$$00000004
    rt_div0.o(.text) refers to defsig_fpe_outer.o(.text) for __rt_SIGFPE
    sys_stackheap_outer.o(.text) refers to libspace.o(.text) for __user_perproc_libspace
    sys_stackheap_outer.o(.text) refers to keil_startup_lpc15xx.o(.text) for __user_initial_stackheap
    exit.o(.text) refers to rtexit.o(.ARM.Collect$$rtexit$$00000000) for __rt_exit
    defsig_fpe_outer.o(.text) refers to defsig_fpe_inner.o(.text) for __rt_SIGFPE_inner
    defsig_fpe_outer.o(.text) refers to defsig_exit.o(.text) for __sig_exit
    defsig_fpe_formal.o(.text) refers to rt_raise.o(.text) for __rt_raise
    libinit.o(.ARM.Collect$$libinit$$00000000) refers (Special) to libinit2.o(.ARM.Collect$$libinit$$0000002E) for __rt_lib_init_alloca_1
    libinit.o(.ARM.Collect$$libinit$$00000000) refers (Special) to libinit2.o(.ARM.Collect$$libinit$$0000002C) for __rt_lib_init_argv_1
    libinit.o(.ARM.Collect$$libinit$$00000000) refers (Special) to libinit2.o(.ARM.Collect$$libinit$$0000001B) for __rt_lib_init_atexit_1
    libinit.o(.ARM.Collect$$libinit$$00000000) refers (Special) to libinit2.o(.ARM.Collect$$libinit$$00000021) for __rt_lib_init_clock_1
    libinit.o(.ARM.Collect$$libinit$$00000000) refers (Special) to libinit2.o(.ARM.Collect$$libinit$$00000032) for __rt_lib_init_cpp_1
    libinit.o(.ARM.Collect$$libinit$$00000000) refers (Special) to libinit2.o(.ARM.Collect$$libinit$$00000030) for __rt_lib_init_exceptions_1
    libinit.o(.ARM.Collect$$libinit$$00000000) refers (Special) to libinit2.o(.ARM.Collect$$libinit$$00000002) for __rt_lib_init_fp_1
    libinit.o(.ARM.Collect$$libinit$$00000000) refers (Special) to libinit2.o(.ARM.Collect$$libinit$$0000001F) for __rt_lib_init_fp_trap_1
    libinit.o(.ARM.Collect$$libinit$$00000000) refers (Special) to libinit2.o(.ARM.Collect$$libinit$$00000023) for __rt_lib_init_getenv_1
    libinit.o(.ARM.Collect$$libinit$$00000000) refers (Special) to libinit2.o(.ARM.Collect$$libinit$$0000000A) for __rt_lib_init_heap_1
    libinit.o(.ARM.Collect$$libinit$$00000000) refers (Special) to libinit2.o(.ARM.Collect$$libinit$$00000011) for __rt_lib_init_lc_collate_1
    libinit.o(.ARM.Collect$$libinit$$00000000) refers (Special) to libinit2.o(.ARM.Collect$$libinit$$00000013) for __rt_lib_init_lc_ctype_1
    libinit.o(.ARM.Collect$$libinit$$00000000) refers (Special) to libinit2.o(.ARM.Collect$$libinit$$00000015) for __rt_lib_init_lc_monetary_1
    libinit.o(.ARM.Collect$$libinit$$00000000) refers (Special) to libinit2.o(.ARM.Collect$$libinit$$00000017) for __rt_lib_init_lc_numeric_1
    libinit.o(.ARM.Collect$$libinit$$00000000) refers (Special) to libinit2.o(.ARM.Collect$$libinit$$00000019) for __rt_lib_init_lc_time_1
    libinit.o(.ARM.Collect$$libinit$$00000000) refers (Special) to libinit2.o(.ARM.Collect$$libinit$$00000004) for __rt_lib_init_preinit_1
    libinit.o(.ARM.Collect$$libinit$$00000000) refers (Special) to libinit2.o(.ARM.Collect$$libinit$$0000000E) for __rt_lib_init_rand_1
    libinit.o(.ARM.Collect$$libinit$$00000000) refers (Special) to libinit2.o(.ARM.Collect$$libinit$$00000033) for __rt_lib_init_return
    libinit.o(.ARM.Collect$$libinit$$00000000) refers (Special) to libinit2.o(.ARM.Collect$$libinit$$0000001D) for __rt_lib_init_signal_1
    libinit.o(.ARM.Collect$$libinit$$00000000) refers (Special) to libinit2.o(.ARM.Collect$$libinit$$00000025) for __rt_lib_init_stdio_1
    libinit.o(.ARM.Collect$$libinit$$00000000) refers (Special) to libinit2.o(.ARM.Collect$$libinit$$0000000C) for __rt_lib_init_user_alloc_1
    libspace.o(.text) refers to libspace.o(.bss) for __libspace_start
    rtexit.o(.ARM.Collect$$rtexit$$00000000) refers (Special) to rtexit2.o(.ARM.Collect$$rtexit$$00000004) for __rt_exit_exit
    rtexit.o(.ARM.Collect$$rtexit$$00000000) refers (Special) to rtexit2.o(.ARM.Collect$$rtexit$$00000003) for __rt_exit_ls
    rtexit.o(.ARM.Collect$$rtexit$$00000000) refers (Special) to rtexit2.o(.ARM.Collect$$rtexit$$00000002) for __rt_exit_prels_1
    rtexit.o(.ARM.exidx) refers (Special) to rtexit2.o(.ARM.Collect$$rtexit$$00000004) for __rt_exit_exit
    rtexit.o(.ARM.exidx) refers (Special) to rtexit2.o(.ARM.Collect$$rtexit$$00000003) for __rt_exit_ls
    rtexit.o(.ARM.exidx) refers (Special) to rtexit2.o(.ARM.Collect$$rtexit$$00000002) for __rt_exit_prels_1
    rtexit.o(.ARM.exidx) refers to rtexit.o(.ARM.Collect$$rtexit$$00000000) for .ARM.Collect$$rtexit$$00000000
    rt_raise.o(.text) refers to __raise.o(.text) for __raise
    rt_raise.o(.text) refers to board.o(i._sys_exit) for _sys_exit
    defsig_exit.o(.text) refers to board.o(i._sys_exit) for _sys_exit
    defsig_fpe_inner.o(.text) refers to defsig_general.o(.text) for __default_signal_display
    libinit2.o(.ARM.Collect$$libinit$$00000010) refers to libinit2.o(.ARM.Collect$$libinit$$0000000F) for .ARM.Collect$$libinit$$0000000F
    libinit2.o(.ARM.Collect$$libinit$$00000012) refers to libinit2.o(.ARM.Collect$$libinit$$0000000F) for .ARM.Collect$$libinit$$0000000F
    libinit2.o(.ARM.Collect$$libinit$$00000014) refers to libinit2.o(.ARM.Collect$$libinit$$0000000F) for .ARM.Collect$$libinit$$0000000F
    libinit2.o(.ARM.Collect$$libinit$$00000016) refers to libinit2.o(.ARM.Collect$$libinit$$0000000F) for .ARM.Collect$$libinit$$0000000F
    libinit2.o(.ARM.Collect$$libinit$$00000018) refers to libinit2.o(.ARM.Collect$$libinit$$0000000F) for .ARM.Collect$$libinit$$0000000F
    libinit2.o(.ARM.Collect$$libinit$$00000026) refers to argv_veneer.o(.emb_text) for __ARM_argv_veneer
    libinit2.o(.ARM.Collect$$libinit$$00000027) refers to argv_veneer.o(.emb_text) for __ARM_argv_veneer
    rtexit2.o(.ARM.Collect$$rtexit$$00000003) refers to libshutdown.o(.ARM.Collect$$libshutdown$$00000000) for __rt_lib_shutdown
    rtexit2.o(.ARM.Collect$$rtexit$$00000004) refers to board.o(i._sys_exit) for _sys_exit
    rtexit2.o(.ARM.exidx) refers to rtexit2.o(.ARM.Collect$$rtexit$$00000001) for .ARM.Collect$$rtexit$$00000001
    rtexit2.o(.ARM.exidx) refers to rtexit2.o(.ARM.Collect$$rtexit$$00000003) for .ARM.Collect$$rtexit$$00000003
    rtexit2.o(.ARM.exidx) refers to rtexit2.o(.ARM.Collect$$rtexit$$00000004) for .ARM.Collect$$rtexit$$00000004
    __raise.o(.text) refers to defsig.o(CL$$defsig) for __default_signal_handler
    defsig_general.o(.text) refers to sys_wrch.o(.text) for _ttywrch
    argv_veneer.o(.emb_text) refers to no_argv.o(.text) for __ARM_get_argv
    sys_wrch.o(.text) refers (Special) to use_no_semi.o(.text) for __I$use$semihosting
    sys_wrch.o(.text) refers (Special) to indicate_semi.o(.text) for __semihosting_library_function
    defsig.o(CL$$defsig) refers to defsig_fpe_inner.o(.text) for __rt_SIGFPE_inner
    defsig.o(CL$$defsig) refers to defsig_rtmem_inner.o(.text) for __rt_SIGRTMEM_inner
    _get_argv_nomalloc.o(.text) refers (Special) to hrguard.o(.text) for __heap_region$guard
    _get_argv_nomalloc.o(.text) refers to defsig_rtmem_outer.o(.text) for __rt_SIGRTMEM
    _get_argv_nomalloc.o(.text) refers to sys_command.o(.text) for _sys_command_string
    libshutdown.o(.ARM.Collect$$libshutdown$$00000000) refers (Special) to libshutdown2.o(.ARM.Collect$$libshutdown$$00000002) for __rt_lib_shutdown_cpp_1
    libshutdown.o(.ARM.Collect$$libshutdown$$00000000) refers (Special) to libshutdown2.o(.ARM.Collect$$libshutdown$$00000007) for __rt_lib_shutdown_fp_trap_1
    libshutdown.o(.ARM.Collect$$libshutdown$$00000000) refers (Special) to libshutdown2.o(.ARM.Collect$$libshutdown$$0000000F) for __rt_lib_shutdown_heap_1
    libshutdown.o(.ARM.Collect$$libshutdown$$00000000) refers (Special) to libshutdown2.o(.ARM.Collect$$libshutdown$$00000010) for __rt_lib_shutdown_return
    libshutdown.o(.ARM.Collect$$libshutdown$$00000000) refers (Special) to libshutdown2.o(.ARM.Collect$$libshutdown$$0000000A) for __rt_lib_shutdown_signal_1
    libshutdown.o(.ARM.Collect$$libshutdown$$00000000) refers (Special) to libshutdown2.o(.ARM.Collect$$libshutdown$$00000004) for __rt_lib_shutdown_stdio_1
    libshutdown.o(.ARM.Collect$$libshutdown$$00000000) refers (Special) to libshutdown2.o(.ARM.Collect$$libshutdown$$0000000C) for __rt_lib_shutdown_user_alloc_1
    sys_command.o(.text) refers (Special) to use_no_semi.o(.text) for __I$use$semihosting
    sys_command.o(.text) refers (Special) to indicate_semi.o(.text) for __semihosting_library_function
    defsig_abrt_inner.o(.text) refers to defsig_general.o(.text) for __default_signal_display
    defsig_rtred_inner.o(.text) refers to defsig_general.o(.text) for __default_signal_display
    defsig_rtmem_inner.o(.text) refers to defsig_general.o(.text) for __default_signal_display
    defsig_rtmem_outer.o(.text) refers to defsig_rtmem_inner.o(.text) for __rt_SIGRTMEM_inner
    defsig_rtmem_outer.o(.text) refers to defsig_exit.o(.text) for __sig_exit
    defsig_rtmem_formal.o(.text) refers to rt_raise.o(.text) for __rt_raise
    defsig_stak_inner.o(.text) refers to defsig_general.o(.text) for __default_signal_display
    defsig_pvfn_inner.o(.text) refers to defsig_general.o(.text) for __default_signal_display
    defsig_cppl_inner.o(.text) refers to defsig_general.o(.text) for __default_signal_display
    defsig_segv_inner.o(.text) refers to defsig_general.o(.text) for __default_signal_display
    defsig_other.o(.text) refers to defsig_general.o(.text) for __default_signal_display


==============================================================================

Removing Unused input sections from the image.

    Removing sysinit.o(.rev16_text), (4 bytes).
    Removing sysinit.o(.revsh_text), (4 bytes).
    Removing sysinit.o(.rrx_text), (6 bytes).
    Removing main.o(.rev16_text), (4 bytes).
    Removing main.o(.revsh_text), (4 bytes).
    Removing main.o(.rrx_text), (6 bytes).
    Removing main.o(.constdata), (40 bytes).
    Removing can.o(.rev16_text), (4 bytes).
    Removing can.o(.revsh_text), (4 bytes).
    Removing can.o(.rrx_text), (6 bytes).
    Removing board.o(.rev16_text), (4 bytes).
    Removing board.o(.revsh_text), (4 bytes).
    Removing board.o(i.Board_Joystick_Init), (48 bytes).
    Removing board.o(i.Board_LED_Test), (36 bytes).
    Removing board.o(i.Board_UARTGetChar), (32 bytes).
    Removing board.o(i.Board_UARTPutChar), (20 bytes).
    Removing board.o(i.Board_UARTPutSTR), (20 bytes).
    Removing board.o(i.Chip_GPIO_GetPinState), (14 bytes).
    Removing board.o(i.Joystick_GetStatus), (56 bytes).
    Removing board.o(i._sys_open), (4 bytes).
    Removing board.o(i.ferror), (6 bytes).
    Removing board.o(i.fgetc), (4 bytes).
    Removing board.o(i.fputc), (12 bytes).
    Removing board.o(.data), (4 bytes).
    Removing board.o(.data), (4 bytes).
    Removing board.o(.data), (4 bytes).
    Removing board_sysinit.o(.rev16_text), (4 bytes).
    Removing board_sysinit.o(.revsh_text), (4 bytes).
    Removing sysctl_15xx.o(.rev16_text), (4 bytes).
    Removing sysctl_15xx.o(.revsh_text), (4 bytes).
    Removing sysctl_15xx.o(i.Chip_SYSCTL_GetCompFreqMeas), (52 bytes).
    Removing sysctl_15xx.o(i.Chip_SYSCTL_SetWakeup), (20 bytes).
    Removing clock_15xx.o(.rev16_text), (4 bytes).
    Removing clock_15xx.o(.revsh_text), (4 bytes).
    Removing clock_15xx.o(i.Chip_Clock_DisablePeriphClock), (32 bytes).
    Removing clock_15xx.o(i.Chip_Clock_GetADCASYNCRate), (52 bytes).
    Removing clock_15xx.o(i.Chip_Clock_GetMainClockSource), (32 bytes).
    Removing clock_15xx.o(i.Chip_Clock_GetSCTPLLInClockRate), (16 bytes).
    Removing clock_15xx.o(i.Chip_Clock_GetSCTPLLOutClockRate), (28 bytes).
    Removing clock_15xx.o(i.Chip_Clock_GetSysTickClockRate), (28 bytes).
    Removing clock_15xx.o(i.Chip_Clock_GetUSBPLLInClockRate), (16 bytes).
    Removing clock_15xx.o(i.Chip_Clock_GetUSBPLLOutClockRate), (28 bytes).
    Removing clock_15xx.o(i.Chip_Clock_SetCLKOUTSource), (32 bytes).
    Removing clock_15xx.o(i.Chip_Clock_SetPLLBypass), (24 bytes).
    Removing swm_15xx.o(.rev16_text), (4 bytes).
    Removing swm_15xx.o(.revsh_text), (4 bytes).
    Removing swm_15xx.o(i.Chip_SWM_DisableFixedPin), (32 bytes).
    Removing swm_15xx.o(i.Chip_SWM_EnableFixedPin), (32 bytes).
    Removing swm_15xx.o(i.Chip_SWM_FixedPinEnable), (10 bytes).
    Removing swm_15xx.o(i.Chip_SWM_IsFixedPinEnabled), (36 bytes).
    Removing chip_15xx.o(.rev16_text), (4 bytes).
    Removing chip_15xx.o(.revsh_text), (4 bytes).
    Removing chip_15xx.o(i.Chip_USB_Init), (84 bytes).
    Removing gpio_15xx.o(.rev16_text), (4 bytes).
    Removing gpio_15xx.o(.revsh_text), (4 bytes).
    Removing gpio_15xx.o(i.Chip_GPIO_DeInit), (30 bytes).
    Removing gpio_15xx.o(i.Chip_GPIO_SetDir), (22 bytes).
    Removing gpio_15xx.o(i.Chip_GPIO_SetPinDIR), (26 bytes).
    Removing gpio_15xx.o(i.Chip_GPIO_SetPortDIR), (22 bytes).
    Removing gpio_15xx.o(i.Chip_GPIO_WriteDirBit), (28 bytes).
    Removing iocon_15xx.o(.rev16_text), (4 bytes).
    Removing iocon_15xx.o(.revsh_text), (4 bytes).
    Removing sysinit_15xx.o(.rev16_text), (4 bytes).
    Removing sysinit_15xx.o(.revsh_text), (4 bytes).
    Removing sysinit_15xx.o(i.Chip_SetupIrcClocking), (88 bytes).
    Removing sysinit_15xx.o(i.Chip_SystemInit), (4 bytes).
    Removing uart_15xx.o(.rev16_text), (4 bytes).
    Removing uart_15xx.o(.revsh_text), (4 bytes).
    Removing uart_15xx.o(i.Chip_UART_DeInit), (14 bytes).
    Removing uart_15xx.o(i.Chip_UART_IRQRBHandler), (46 bytes).
    Removing uart_15xx.o(i.Chip_UART_RXIntHandlerRB), (30 bytes).
    Removing uart_15xx.o(i.Chip_UART_Read), (28 bytes).
    Removing uart_15xx.o(i.Chip_UART_ReadBlocking), (36 bytes).
    Removing uart_15xx.o(i.Chip_UART_ReadRB), (16 bytes).
    Removing uart_15xx.o(i.Chip_UART_Send), (28 bytes).
    Removing uart_15xx.o(i.Chip_UART_SendBlocking), (36 bytes).
    Removing uart_15xx.o(i.Chip_UART_SendRB), (56 bytes).
    Removing uart_15xx.o(i.Chip_UART_SetBaudWithRTC32K), (32 bytes).
    Removing uart_15xx.o(i.Chip_UART_TXIntHandlerRB), (34 bytes).
    Removing ring_buffer.o(i.RingBuffer_Init), (16 bytes).
    Removing ring_buffer.o(i.RingBuffer_Insert), (48 bytes).
    Removing ring_buffer.o(i.RingBuffer_InsertMult), (122 bytes).
    Removing ring_buffer.o(i.RingBuffer_IsEmpty), (16 bytes).
    Removing ring_buffer.o(i.RingBuffer_IsFull), (20 bytes).
    Removing ring_buffer.o(i.RingBuffer_Pop), (48 bytes).
    Removing ring_buffer.o(i.RingBuffer_PopMult), (118 bytes).

86 unused section(s) (total 1944 bytes) removed from the image.

==============================================================================

Image Symbol Table

    Local Symbols

    Symbol Name                              Value     Ov Type        Size  Object(Section)

    RESET                                    0x00000000   Section      252  keil_startup_lpc15xx.o(RESET)
    ../clib/angel/boardlib.s                 0x00000000   Number         0  boardinit1.o ABSOLUTE
    ../clib/angel/boardlib.s                 0x00000000   Number         0  boardinit2.o ABSOLUTE
    ../clib/angel/boardlib.s                 0x00000000   Number         0  boardinit3.o ABSOLUTE
    ../clib/angel/boardlib.s                 0x00000000   Number         0  boardshut.o ABSOLUTE
    ../clib/angel/handlers.s                 0x00000000   Number         0  __scatter_zi.o ABSOLUTE
    ../clib/angel/handlers.s                 0x00000000   Number         0  __scatter_copy.o ABSOLUTE
    ../clib/angel/kernel.s                   0x00000000   Number         0  rtexit2.o ABSOLUTE
    ../clib/angel/kernel.s                   0x00000000   Number         0  rtexit.o ABSOLUTE
    ../clib/angel/kernel.s                   0x00000000   Number         0  __rtentry.o ABSOLUTE
    ../clib/angel/kernel.s                   0x00000000   Number         0  __rtentry4.o ABSOLUTE
    ../clib/angel/kernel.s                   0x00000000   Number         0  __rtentry2.o ABSOLUTE
    ../clib/angel/rt.s                       0x00000000   Number         0  aeabi_ldiv0.o ABSOLUTE
    ../clib/angel/rt.s                       0x00000000   Number         0  rt_div0.o ABSOLUTE
    ../clib/angel/rt.s                       0x00000000   Number         0  aeabi_ldiv0_sigfpe.o ABSOLUTE
    ../clib/angel/rt.s                       0x00000000   Number         0  rt_raise.o ABSOLUTE
    ../clib/angel/scatter.s                  0x00000000   Number         0  __scatter.o ABSOLUTE
    ../clib/angel/startup.s                  0x00000000   Number         0  __main.o ABSOLUTE
    ../clib/angel/sys.s                      0x00000000   Number         0  libspace.o ABSOLUTE
    ../clib/angel/sys.s                      0x00000000   Number         0  use_no_semi.o ABSOLUTE
    ../clib/angel/sys.s                      0x00000000   Number         0  indicate_semi.o ABSOLUTE
    ../clib/angel/sys.s                      0x00000000   Number         0  sys_stackheap_outer.o ABSOLUTE
    ../clib/angel/sysapp.c                   0x00000000   Number         0  sys_wrch.o ABSOLUTE
    ../clib/angel/sysapp.c                   0x00000000   Number         0  sys_command.o ABSOLUTE
    ../clib/armsys.c                         0x00000000   Number         0  _get_argv_nomalloc.o ABSOLUTE
    ../clib/armsys.c                         0x00000000   Number         0  argv_veneer.o ABSOLUTE
    ../clib/armsys.c                         0x00000000   Number         0  argv_veneer.o ABSOLUTE
    ../clib/armsys.c                         0x00000000   Number         0  no_argv.o ABSOLUTE
    ../clib/heapalloc.c                      0x00000000   Number         0  hrguard.o ABSOLUTE
    ../clib/heapaux.c                        0x00000000   Number         0  heapauxi.o ABSOLUTE
    ../clib/libinit.s                        0x00000000   Number         0  libshutdown2.o ABSOLUTE
    ../clib/libinit.s                        0x00000000   Number         0  libinit.o ABSOLUTE
    ../clib/libinit.s                        0x00000000   Number         0  libinit2.o ABSOLUTE
    ../clib/libinit.s                        0x00000000   Number         0  libshutdown.o ABSOLUTE
    ../clib/longlong.s                       0x00000000   Number         0  lludivv7m.o ABSOLUTE
    ../clib/memcpset.s                       0x00000000   Number         0  rt_memcpy_v6.o ABSOLUTE
    ../clib/memcpset.s                       0x00000000   Number         0  rt_memcpy_w.o ABSOLUTE
    ../clib/signal.c                         0x00000000   Number         0  defsig_segv_inner.o ABSOLUTE
    ../clib/signal.c                         0x00000000   Number         0  defsig_other.o ABSOLUTE
    ../clib/signal.c                         0x00000000   Number         0  defsig_fpe_inner.o ABSOLUTE
    ../clib/signal.c                         0x00000000   Number         0  defsig_exit.o ABSOLUTE
    ../clib/signal.c                         0x00000000   Number         0  defsig_fpe_formal.o ABSOLUTE
    ../clib/signal.c                         0x00000000   Number         0  defsig_fpe_outer.o ABSOLUTE
    ../clib/signal.c                         0x00000000   Number         0  defsig_stak_inner.o ABSOLUTE
    ../clib/signal.c                         0x00000000   Number         0  __raise.o ABSOLUTE
    ../clib/signal.c                         0x00000000   Number         0  defsig_general.o ABSOLUTE
    ../clib/signal.c                         0x00000000   Number         0  defsig_abrt_inner.o ABSOLUTE
    ../clib/signal.c                         0x00000000   Number         0  defsig_rtred_inner.o ABSOLUTE
    ../clib/signal.c                         0x00000000   Number         0  defsig_rtmem_inner.o ABSOLUTE
    ../clib/signal.c                         0x00000000   Number         0  defsig_rtmem_outer.o ABSOLUTE
    ../clib/signal.c                         0x00000000   Number         0  defsig_rtmem_formal.o ABSOLUTE
    ../clib/signal.c                         0x00000000   Number         0  defsig_pvfn_inner.o ABSOLUTE
    ../clib/signal.c                         0x00000000   Number         0  defsig_cppl_inner.o ABSOLUTE
    ../clib/signal.s                         0x00000000   Number         0  defsig.o ABSOLUTE
    ../clib/stdlib.c                         0x00000000   Number         0  exit.o ABSOLUTE
    ../fplib/fpinit.s                        0x00000000   Number         0  fpinit.o ABSOLUTE
    ..\..\sw\startup_code\keil_startup_lpc15xx.s 0x00000000   Number         0  keil_startup_lpc15xx.o ABSOLUTE
    ..\..\sw\startup_code\sysinit.c          0x00000000   Number         0  sysinit.o ABSOLUTE
    ..\\..\\sw\\startup_code\\sysinit.c      0x00000000   Number         0  sysinit.o ABSOLUTE
    ..\chip_common\ring_buffer.c             0x00000000   Number         0  ring_buffer.o ABSOLUTE
    board.c                                  0x00000000   Number         0  board.o ABSOLUTE
    board.c                                  0x00000000   Number         0  board.o ABSOLUTE
    board_sysinit.c                          0x00000000   Number         0  board_sysinit.o ABSOLUTE
    board_sysinit.c                          0x00000000   Number         0  board_sysinit.o ABSOLUTE
    can.c                                    0x00000000   Number         0  can.o ABSOLUTE
    can.c                                    0x00000000   Number         0  can.o ABSOLUTE
    chip_15xx.c                              0x00000000   Number         0  chip_15xx.o ABSOLUTE
    chip_15xx.c                              0x00000000   Number         0  chip_15xx.o ABSOLUTE
    clock_15xx.c                             0x00000000   Number         0  clock_15xx.o ABSOLUTE
    clock_15xx.c                             0x00000000   Number         0  clock_15xx.o ABSOLUTE
    dc.s                                     0x00000000   Number         0  dc.o ABSOLUTE
    gpio_15xx.c                              0x00000000   Number         0  gpio_15xx.o ABSOLUTE
    gpio_15xx.c                              0x00000000   Number         0  gpio_15xx.o ABSOLUTE
    iocon_15xx.c                             0x00000000   Number         0  iocon_15xx.o ABSOLUTE
    iocon_15xx.c                             0x00000000   Number         0  iocon_15xx.o ABSOLUTE
    main.c                                   0x00000000   Number         0  main.o ABSOLUTE
    main.c                                   0x00000000   Number         0  main.o ABSOLUTE
    swm_15xx.c                               0x00000000   Number         0  swm_15xx.o ABSOLUTE
    swm_15xx.c                               0x00000000   Number         0  swm_15xx.o ABSOLUTE
    sysctl_15xx.c                            0x00000000   Number         0  sysctl_15xx.o ABSOLUTE
    sysctl_15xx.c                            0x00000000   Number         0  sysctl_15xx.o ABSOLUTE
    sysinit_15xx.c                           0x00000000   Number         0  sysinit_15xx.o ABSOLUTE
    sysinit_15xx.c                           0x00000000   Number         0  sysinit_15xx.o ABSOLUTE
    uart_15xx.c                              0x00000000   Number         0  uart_15xx.o ABSOLUTE
    uart_15xx.c                              0x00000000   Number         0  uart_15xx.o ABSOLUTE
    !!!main                                  0x000000fc   Section        8  __main.o(!!!main)
    !!!scatter                               0x00000104   Section       52  __scatter.o(!!!scatter)
    !!handler_copy                           0x00000138   Section       26  __scatter_copy.o(!!handler_copy)
    !!handler_zi                             0x00000154   Section       28  __scatter_zi.o(!!handler_zi)
    .ARM.Collect$$libinit$$00000000          0x00000170   Section        2  libinit.o(.ARM.Collect$$libinit$$00000000)
    .ARM.Collect$$libinit$$00000002          0x00000172   Section        0  libinit2.o(.ARM.Collect$$libinit$$00000002)
    .ARM.Collect$$libinit$$00000004          0x00000172   Section        0  libinit2.o(.ARM.Collect$$libinit$$00000004)
    .ARM.Collect$$libinit$$0000000A          0x00000172   Section        0  libinit2.o(.ARM.Collect$$libinit$$0000000A)
    .ARM.Collect$$libinit$$0000000C          0x00000172   Section        0  libinit2.o(.ARM.Collect$$libinit$$0000000C)
    .ARM.Collect$$libinit$$0000000E          0x00000172   Section        0  libinit2.o(.ARM.Collect$$libinit$$0000000E)
    .ARM.Collect$$libinit$$00000011          0x00000172   Section        0  libinit2.o(.ARM.Collect$$libinit$$00000011)
    .ARM.Collect$$libinit$$00000013          0x00000172   Section        0  libinit2.o(.ARM.Collect$$libinit$$00000013)
    .ARM.Collect$$libinit$$00000015          0x00000172   Section        0  libinit2.o(.ARM.Collect$$libinit$$00000015)
    .ARM.Collect$$libinit$$00000017          0x00000172   Section        0  libinit2.o(.ARM.Collect$$libinit$$00000017)
    .ARM.Collect$$libinit$$00000019          0x00000172   Section        0  libinit2.o(.ARM.Collect$$libinit$$00000019)
    .ARM.Collect$$libinit$$0000001B          0x00000172   Section        0  libinit2.o(.ARM.Collect$$libinit$$0000001B)
    .ARM.Collect$$libinit$$0000001D          0x00000172   Section        0  libinit2.o(.ARM.Collect$$libinit$$0000001D)
    .ARM.Collect$$libinit$$0000001F          0x00000172   Section        0  libinit2.o(.ARM.Collect$$libinit$$0000001F)
    .ARM.Collect$$libinit$$00000021          0x00000172   Section        0  libinit2.o(.ARM.Collect$$libinit$$00000021)
    .ARM.Collect$$libinit$$00000023          0x00000172   Section        0  libinit2.o(.ARM.Collect$$libinit$$00000023)
    .ARM.Collect$$libinit$$00000025          0x00000172   Section        0  libinit2.o(.ARM.Collect$$libinit$$00000025)
    .ARM.Collect$$libinit$$0000002C          0x00000172   Section        0  libinit2.o(.ARM.Collect$$libinit$$0000002C)
    .ARM.Collect$$libinit$$0000002E          0x00000172   Section        0  libinit2.o(.ARM.Collect$$libinit$$0000002E)
    .ARM.Collect$$libinit$$00000030          0x00000172   Section        0  libinit2.o(.ARM.Collect$$libinit$$00000030)
    .ARM.Collect$$libinit$$00000032          0x00000172   Section        0  libinit2.o(.ARM.Collect$$libinit$$00000032)
    .ARM.Collect$$libinit$$00000033          0x00000172   Section        2  libinit2.o(.ARM.Collect$$libinit$$00000033)
    .ARM.Collect$$libshutdown$$00000000      0x00000174   Section        2  libshutdown.o(.ARM.Collect$$libshutdown$$00000000)
    .ARM.Collect$$libshutdown$$00000002      0x00000176   Section        0  libshutdown2.o(.ARM.Collect$$libshutdown$$00000002)
    .ARM.Collect$$libshutdown$$00000004      0x00000176   Section        0  libshutdown2.o(.ARM.Collect$$libshutdown$$00000004)
    .ARM.Collect$$libshutdown$$00000007      0x00000176   Section        0  libshutdown2.o(.ARM.Collect$$libshutdown$$00000007)
    .ARM.Collect$$libshutdown$$0000000A      0x00000176   Section        0  libshutdown2.o(.ARM.Collect$$libshutdown$$0000000A)
    .ARM.Collect$$libshutdown$$0000000C      0x00000176   Section        0  libshutdown2.o(.ARM.Collect$$libshutdown$$0000000C)
    .ARM.Collect$$libshutdown$$0000000F      0x00000176   Section        0  libshutdown2.o(.ARM.Collect$$libshutdown$$0000000F)
    .ARM.Collect$$libshutdown$$00000010      0x00000176   Section        2  libshutdown2.o(.ARM.Collect$$libshutdown$$00000010)
    .ARM.Collect$$rtentry$$00000000          0x00000178   Section        0  __rtentry.o(.ARM.Collect$$rtentry$$00000000)
    .ARM.Collect$$rtentry$$00000002          0x00000178   Section        0  __rtentry2.o(.ARM.Collect$$rtentry$$00000002)
    .ARM.Collect$$rtentry$$00000004          0x00000178   Section        6  __rtentry4.o(.ARM.Collect$$rtentry$$00000004)
    .ARM.Collect$$rtentry$$00000009          0x0000017e   Section        0  __rtentry2.o(.ARM.Collect$$rtentry$$00000009)
    .ARM.Collect$$rtentry$$0000000A          0x0000017e   Section        4  __rtentry2.o(.ARM.Collect$$rtentry$$0000000A)
    .ARM.Collect$$rtentry$$0000000C          0x00000182   Section        0  __rtentry2.o(.ARM.Collect$$rtentry$$0000000C)
    .ARM.Collect$$rtentry$$0000000D          0x00000182   Section        8  __rtentry2.o(.ARM.Collect$$rtentry$$0000000D)
    .ARM.Collect$$rtexit$$00000000           0x0000018a   Section        2  rtexit.o(.ARM.Collect$$rtexit$$00000000)
    .ARM.Collect$$rtexit$$00000002           0x0000018c   Section        0  rtexit2.o(.ARM.Collect$$rtexit$$00000002)
    .ARM.Collect$$rtexit$$00000003           0x0000018c   Section        4  rtexit2.o(.ARM.Collect$$rtexit$$00000003)
    .ARM.Collect$$rtexit$$00000004           0x00000190   Section        6  rtexit2.o(.ARM.Collect$$rtexit$$00000004)
    .text                                    0x00000198   Section       60  keil_startup_lpc15xx.o(.text)
    .text                                    0x000001d4   Section      238  lludivv7m.o(.text)
    .text                                    0x000002c2   Section        0  heapauxi.o(.text)
    .text                                    0x000002c8   Section        0  exit.o(.text)
    .text                                    0x000002dc   Section        8  libspace.o(.text)
    i.Board_SystemInit                       0x000002e4   Section        0  board_sysinit.o(i.Board_SystemInit)
    .ARM.__at_0x02FC                         0x000002fc   Section        4  keil_startup_lpc15xx.o(.ARM.__at_0x02FC)
    .text                                    0x00000300   Section      100  rt_memcpy_w.o(.text)
    .text                                    0x00000364   Section       74  sys_stackheap_outer.o(.text)
    i.Board_Debug_Init                       0x000003b0   Section        0  board.o(i.Board_Debug_Init)
    i.Board_Init                             0x00000410   Section        0  board.o(i.Board_Init)
    i.Board_LED_Set                          0x00000458   Section        0  board.o(i.Board_LED_Set)
    i.Board_LED_Toggle                       0x0000047c   Section        0  board.o(i.Board_LED_Toggle)
    i.Board_SetupClocking                    0x000004a0   Section        0  board_sysinit.o(i.Board_SetupClocking)
    i.Board_SetupMuxing                      0x000004d8   Section        0  board_sysinit.o(i.Board_SetupMuxing)
    i.CAN_IRQHandler                         0x00000528   Section        0  can.o(i.CAN_IRQHandler)
    i.CAN_error                              0x00000544   Section        0  can.o(i.CAN_error)
    CAN_error                                0x00000545   Thumb Code   146  can.o(i.CAN_error)
    i.CAN_rx                                 0x000005dc   Section        0  can.o(i.CAN_rx)
    CAN_rx                                   0x000005dd   Thumb Code    42  can.o(i.CAN_rx)
    i.CAN_tx                                 0x00000614   Section        0  can.o(i.CAN_tx)
    CAN_tx                                   0x00000615   Thumb Code    18  can.o(i.CAN_tx)
    i.Chip_Clock_EnablePeriphClock           0x0000062c   Section        0  clock_15xx.o(i.Chip_Clock_EnablePeriphClock)
    i.Chip_Clock_GetMainClockRate            0x0000064c   Section        0  clock_15xx.o(i.Chip_Clock_GetMainClockRate)
    i.Chip_Clock_GetMain_A_ClockRate         0x00000664   Section        0  clock_15xx.o(i.Chip_Clock_GetMain_A_ClockRate)
    i.Chip_Clock_GetMain_B_ClockRate         0x00000698   Section        0  clock_15xx.o(i.Chip_Clock_GetMain_B_ClockRate)
    i.Chip_Clock_GetPLLFreq                  0x000006cc   Section        0  clock_15xx.o(i.Chip_Clock_GetPLLFreq)
    Chip_Clock_GetPLLFreq                    0x000006cd   Thumb Code    12  clock_15xx.o(i.Chip_Clock_GetPLLFreq)
    i.Chip_Clock_GetPLLInClockRate           0x000006d8   Section        0  clock_15xx.o(i.Chip_Clock_GetPLLInClockRate)
    Chip_Clock_GetPLLInClockRate             0x000006d9   Thumb Code    24  clock_15xx.o(i.Chip_Clock_GetPLLInClockRate)
    i.Chip_Clock_GetSystemClockRate          0x000006f8   Section        0  clock_15xx.o(i.Chip_Clock_GetSystemClockRate)
    i.Chip_Clock_GetSystemPLLInClockRate     0x00000710   Section        0  clock_15xx.o(i.Chip_Clock_GetSystemPLLInClockRate)
    i.Chip_Clock_GetSystemPLLOutClockRate    0x00000720   Section        0  clock_15xx.o(i.Chip_Clock_GetSystemPLLOutClockRate)
    i.Chip_Clock_GetUARTBaseClockRate        0x0000073c   Section        0  clock_15xx.o(i.Chip_Clock_GetUARTBaseClockRate)
    i.Chip_Clock_SetMainClockSource          0x0000077c   Section        0  clock_15xx.o(i.Chip_Clock_SetMainClockSource)
    i.Chip_Clock_SetUARTBaseClockRate        0x0000079c   Section        0  clock_15xx.o(i.Chip_Clock_SetUARTBaseClockRate)
    i.Chip_FMC_SetFLASHAccess                0x000007ec   Section        0  sysinit_15xx.o(i.Chip_FMC_SetFLASHAccess)
    Chip_FMC_SetFLASHAccess                  0x000007ed   Thumb Code    24  sysinit_15xx.o(i.Chip_FMC_SetFLASHAccess)
    i.Chip_GPIO_Init                         0x00000808   Section        0  gpio_15xx.o(i.Chip_GPIO_Init)
    i.Chip_IOCON_PinMuxSet                   0x00000834   Section        0  can.o(i.Chip_IOCON_PinMuxSet)
    Chip_IOCON_PinMuxSet                     0x00000835   Thumb Code    12  can.o(i.Chip_IOCON_PinMuxSet)
    i.Chip_IOCON_SetPinMuxing                0x00000840   Section        0  iocon_15xx.o(i.Chip_IOCON_SetPinMuxing)
    i.Chip_SWM_MovablePinAssign              0x00000864   Section        0  swm_15xx.o(i.Chip_SWM_MovablePinAssign)
    i.Chip_SWM_MovablePortPinAssign          0x00000888   Section        0  board.o(i.Chip_SWM_MovablePortPinAssign)
    Chip_SWM_MovablePortPinAssign            0x00000889   Thumb Code    10  board.o(i.Chip_SWM_MovablePortPinAssign)
    i.Chip_SYSCTL_AssertPeriphReset          0x00000894   Section        0  sysctl_15xx.o(i.Chip_SYSCTL_AssertPeriphReset)
    i.Chip_SYSCTL_DeassertPeriphReset        0x000008b8   Section        0  sysctl_15xx.o(i.Chip_SYSCTL_DeassertPeriphReset)
    i.Chip_SYSCTL_PeriphReset                0x000008dc   Section        0  uart_15xx.o(i.Chip_SYSCTL_PeriphReset)
    Chip_SYSCTL_PeriphReset                  0x000008dd   Thumb Code    18  uart_15xx.o(i.Chip_SYSCTL_PeriphReset)
    i.Chip_SYSCTL_PowerDown                  0x000008f0   Section        0  sysctl_15xx.o(i.Chip_SYSCTL_PowerDown)
    i.Chip_SYSCTL_PowerUp                    0x0000090c   Section        0  sysctl_15xx.o(i.Chip_SYSCTL_PowerUp)
    i.Chip_SetupXtalClocking                 0x00000928   Section        0  sysinit_15xx.o(i.Chip_SetupXtalClocking)
    i.Chip_UART_Init                         0x00000988   Section        0  uart_15xx.o(i.Chip_UART_Init)
    i.Chip_UART_SetBaud                      0x000009bc   Section        0  uart_15xx.o(i.Chip_UART_SetBaud)
    i.SysTick_Handler                        0x000009d4   Section        0  main.o(i.SysTick_Handler)
    i.SystemCoreClockUpdate                  0x000009f0   Section        0  chip_15xx.o(i.SystemCoreClockUpdate)
    i.SystemInit                             0x00000a00   Section        0  sysinit.o(i.SystemInit)
    i._sys_exit                              0x00000a08   Section        0  board.o(i._sys_exit)
    i.can_init                               0x00000a0c   Section        0  can.o(i.can_init)
    i.can_speed                              0x00000b44   Section        0  can.o(i.can_speed)
    i.can_transmit                           0x00000ba4   Section        0  can.o(i.can_transmit)
    i.getUARTClockID                         0x00000c1c   Section        0  uart_15xx.o(i.getUARTClockID)
    getUARTClockID                           0x00000c1d   Thumb Code    24  uart_15xx.o(i.getUARTClockID)
    i.main                                   0x00000c3c   Section        0  main.o(i.main)
    .constdata                               0x00000d6c   Section       64  can.o(.constdata)
    c_speed                                  0x00000d6c   Data          40  can.o(.constdata)
    .constdata                               0x00000dac   Section        4  board.o(.constdata)
    .constdata                               0x00000db0   Section        4  board.o(.constdata)
    .constdata                               0x00000db4   Section       21  board.o(.constdata)
    ledpins                                  0x00000db4   Data           3  board.o(.constdata)
    ledports                                 0x00000db7   Data           3  board.o(.constdata)
    portButton                               0x00000dba   Data           5  board.o(.constdata)
    pinButton                                0x00000dbf   Data           5  board.o(.constdata)
    stateButton                              0x00000dc4   Data           5  board.o(.constdata)
    .constdata                               0x00000dcc   Section      124  board_sysinit.o(.constdata)
    swmSetup                                 0x00000dcc   Data           6  board_sysinit.o(.constdata)
    ioconSetup                               0x00000dd4   Data         116  board_sysinit.o(.constdata)
    .data                                    0x02000000   Section        5  main.o(.data)
    ticks                                    0x02000000   Data           4  main.o(.data)
    t_flag                                   0x02000004   Data           1  main.o(.data)
    .data                                    0x02000008   Section       20  can.o(.data)
    pCanHandle                               0x02000008   Data           4  can.o(.data)
    tx_busy                                  0x0200000d   Data           1  can.o(.data)
    .data                                    0x0200001c   Section        4  chip_15xx.o(.data)
    .bss                                     0x02000020   Section     2156  can.o(.bss)
    gCANapiMem                               0x02000020   Data        2048  can.o(.bss)
    gCANConfig                               0x02000820   Data          12  can.o(.bss)
    .bss                                     0x0200088c   Section       96  libspace.o(.bss)
    HEAP                                     0x020008f0   Section      256  keil_startup_lpc15xx.o(HEAP)
    Heap_Mem                                 0x020008f0   Data         256  keil_startup_lpc15xx.o(HEAP)
    STACK                                    0x020009f0   Section      512  keil_startup_lpc15xx.o(STACK)
    Stack_Mem                                0x020009f0   Data         512  keil_startup_lpc15xx.o(STACK)
    __initial_sp                             0x02000bf0   Data           0  keil_startup_lpc15xx.o(STACK)

    Global Symbols

    Symbol Name                              Value     Ov Type        Size  Object(Section)

    BuildAttributes$$THM_ISAv4$P$D$K$B$S$PE$A:L22UL41UL21$X:L11$S22US41US21$IEEE1$IW$USESV6$~STKCKD$USESV7$~SHL$OSPACE$ROPI$EBA8$UX$STANDARDLIB$REQ8$PRES8$EABIv2 0x00000000   Number         0  anon$$obj.o ABSOLUTE
    __ARM_use_no_argv                        0x00000000   Number         0  main.o ABSOLUTE
    __Vectors                                0x00000000   Data           4  keil_startup_lpc15xx.o(RESET)
    __ARM_exceptions_init                     - Undefined Weak Reference
    __alloca_initialize                       - Undefined Weak Reference
    __arm_preinit_                            - Undefined Weak Reference
    __cpp_initialize__aeabi_                  - Undefined Weak Reference
    __cxa_finalize                            - Undefined Weak Reference
    __rt_locale                               - Undefined Weak Reference
    __sigvec_lookup                           - Undefined Weak Reference
    _atexit_init                              - Undefined Weak Reference
    _call_atexit_fns                          - Undefined Weak Reference
    _clock_init                               - Undefined Weak Reference
    _fp_trap_init                             - Undefined Weak Reference
    _fp_trap_shutdown                         - Undefined Weak Reference
    _get_lc_collate                           - Undefined Weak Reference
    _get_lc_ctype                             - Undefined Weak Reference
    _get_lc_monetary                          - Undefined Weak Reference
    _get_lc_numeric                           - Undefined Weak Reference
    _get_lc_time                              - Undefined Weak Reference
    _getenv_init                              - Undefined Weak Reference
    _handle_redirection                       - Undefined Weak Reference
    _init_alloc                               - Undefined Weak Reference
    _init_user_alloc                          - Undefined Weak Reference
    _initio                                   - Undefined Weak Reference
    _rand_init                                - Undefined Weak Reference
    _signal_finish                            - Undefined Weak Reference
    _signal_init                              - Undefined Weak Reference
    _terminate_alloc                          - Undefined Weak Reference
    _terminate_user_alloc                     - Undefined Weak Reference
    _terminateio                              - Undefined Weak Reference
    __main                                   0x000000fd   Thumb Code     8  __main.o(!!!main)
    __scatterload                            0x00000105   Thumb Code     0  __scatter.o(!!!scatter)
    __scatterload_rt2                        0x00000105   Thumb Code    44  __scatter.o(!!!scatter)
    __scatterload_rt2_thumb_only             0x00000105   Thumb Code     0  __scatter.o(!!!scatter)
    __scatterload_null                       0x00000113   Thumb Code     0  __scatter.o(!!!scatter)
    __scatterload_copy                       0x00000139   Thumb Code    26  __scatter_copy.o(!!handler_copy)
    __scatterload_zeroinit                   0x00000155   Thumb Code    28  __scatter_zi.o(!!handler_zi)
    __rt_lib_init                            0x00000171   Thumb Code     0  libinit.o(.ARM.Collect$$libinit$$00000000)
    __rt_lib_init_alloca_1                   0x00000173   Thumb Code     0  libinit2.o(.ARM.Collect$$libinit$$0000002E)
    __rt_lib_init_argv_1                     0x00000173   Thumb Code     0  libinit2.o(.ARM.Collect$$libinit$$0000002C)
    __rt_lib_init_atexit_1                   0x00000173   Thumb Code     0  libinit2.o(.ARM.Collect$$libinit$$0000001B)
    __rt_lib_init_clock_1                    0x00000173   Thumb Code     0  libinit2.o(.ARM.Collect$$libinit$$00000021)
    __rt_lib_init_cpp_1                      0x00000173   Thumb Code     0  libinit2.o(.ARM.Collect$$libinit$$00000032)
    __rt_lib_init_exceptions_1               0x00000173   Thumb Code     0  libinit2.o(.ARM.Collect$$libinit$$00000030)
    __rt_lib_init_fp_1                       0x00000173   Thumb Code     0  libinit2.o(.ARM.Collect$$libinit$$00000002)
    __rt_lib_init_fp_trap_1                  0x00000173   Thumb Code     0  libinit2.o(.ARM.Collect$$libinit$$0000001F)
    __rt_lib_init_getenv_1                   0x00000173   Thumb Code     0  libinit2.o(.ARM.Collect$$libinit$$00000023)
    __rt_lib_init_heap_1                     0x00000173   Thumb Code     0  libinit2.o(.ARM.Collect$$libinit$$0000000A)
    __rt_lib_init_lc_collate_1               0x00000173   Thumb Code     0  libinit2.o(.ARM.Collect$$libinit$$00000011)
    __rt_lib_init_lc_ctype_1                 0x00000173   Thumb Code     0  libinit2.o(.ARM.Collect$$libinit$$00000013)
    __rt_lib_init_lc_monetary_1              0x00000173   Thumb Code     0  libinit2.o(.ARM.Collect$$libinit$$00000015)
    __rt_lib_init_lc_numeric_1               0x00000173   Thumb Code     0  libinit2.o(.ARM.Collect$$libinit$$00000017)
    __rt_lib_init_lc_time_1                  0x00000173   Thumb Code     0  libinit2.o(.ARM.Collect$$libinit$$00000019)
    __rt_lib_init_preinit_1                  0x00000173   Thumb Code     0  libinit2.o(.ARM.Collect$$libinit$$00000004)
    __rt_lib_init_rand_1                     0x00000173   Thumb Code     0  libinit2.o(.ARM.Collect$$libinit$$0000000E)
    __rt_lib_init_return                     0x00000173   Thumb Code     0  libinit2.o(.ARM.Collect$$libinit$$00000033)
    __rt_lib_init_signal_1                   0x00000173   Thumb Code     0  libinit2.o(.ARM.Collect$$libinit$$0000001D)
    __rt_lib_init_stdio_1                    0x00000173   Thumb Code     0  libinit2.o(.ARM.Collect$$libinit$$00000025)
    __rt_lib_init_user_alloc_1               0x00000173   Thumb Code     0  libinit2.o(.ARM.Collect$$libinit$$0000000C)
    __rt_lib_shutdown                        0x00000175   Thumb Code     0  libshutdown.o(.ARM.Collect$$libshutdown$$00000000)
    __rt_lib_shutdown_cpp_1                  0x00000177   Thumb Code     0  libshutdown2.o(.ARM.Collect$$libshutdown$$00000002)
    __rt_lib_shutdown_fp_trap_1              0x00000177   Thumb Code     0  libshutdown2.o(.ARM.Collect$$libshutdown$$00000007)
    __rt_lib_shutdown_heap_1                 0x00000177   Thumb Code     0  libshutdown2.o(.ARM.Collect$$libshutdown$$0000000F)
    __rt_lib_shutdown_return                 0x00000177   Thumb Code     0  libshutdown2.o(.ARM.Collect$$libshutdown$$00000010)
    __rt_lib_shutdown_signal_1               0x00000177   Thumb Code     0  libshutdown2.o(.ARM.Collect$$libshutdown$$0000000A)
    __rt_lib_shutdown_stdio_1                0x00000177   Thumb Code     0  libshutdown2.o(.ARM.Collect$$libshutdown$$00000004)
    __rt_lib_shutdown_user_alloc_1           0x00000177   Thumb Code     0  libshutdown2.o(.ARM.Collect$$libshutdown$$0000000C)
    __rt_entry                               0x00000179   Thumb Code     0  __rtentry.o(.ARM.Collect$$rtentry$$00000000)
    __rt_entry_presh_1                       0x00000179   Thumb Code     0  __rtentry2.o(.ARM.Collect$$rtentry$$00000002)
    __rt_entry_sh                            0x00000179   Thumb Code     0  __rtentry4.o(.ARM.Collect$$rtentry$$00000004)
    __rt_entry_li                            0x0000017f   Thumb Code     0  __rtentry2.o(.ARM.Collect$$rtentry$$0000000A)
    __rt_entry_postsh_1                      0x0000017f   Thumb Code     0  __rtentry2.o(.ARM.Collect$$rtentry$$00000009)
    __rt_entry_main                          0x00000183   Thumb Code     0  __rtentry2.o(.ARM.Collect$$rtentry$$0000000D)
    __rt_entry_postli_1                      0x00000183   Thumb Code     0  __rtentry2.o(.ARM.Collect$$rtentry$$0000000C)
    __rt_exit                                0x0000018b   Thumb Code     0  rtexit.o(.ARM.Collect$$rtexit$$00000000)
    __rt_exit_ls                             0x0000018d   Thumb Code     0  rtexit2.o(.ARM.Collect$$rtexit$$00000003)
    __rt_exit_prels_1                        0x0000018d   Thumb Code     0  rtexit2.o(.ARM.Collect$$rtexit$$00000002)
    __rt_exit_exit                           0x00000191   Thumb Code     0  rtexit2.o(.ARM.Collect$$rtexit$$00000004)
    Reset_Handler                            0x00000199   Thumb Code     8  keil_startup_lpc15xx.o(.text)
    NMI_Handler                              0x000001a1   Thumb Code     2  keil_startup_lpc15xx.o(.text)
    HardFault_Handler                        0x000001a3   Thumb Code     2  keil_startup_lpc15xx.o(.text)
    SVC_Handler                              0x000001a5   Thumb Code     2  keil_startup_lpc15xx.o(.text)
    PendSV_Handler                           0x000001a7   Thumb Code     2  keil_startup_lpc15xx.o(.text)
    Reserved_IRQHandler                      0x000001ab   Thumb Code     2  keil_startup_lpc15xx.o(.text)
    ACMP0_IRQHandler                         0x000001ad   Thumb Code     0  keil_startup_lpc15xx.o(.text)
    ACMP1_IRQHandler                         0x000001ad   Thumb Code     0  keil_startup_lpc15xx.o(.text)
    ACMP2_IRQHandler                         0x000001ad   Thumb Code     0  keil_startup_lpc15xx.o(.text)
    ACMP3_IRQHandler                         0x000001ad   Thumb Code     0  keil_startup_lpc15xx.o(.text)
    ADC0A_IRQHandler                         0x000001ad   Thumb Code     0  keil_startup_lpc15xx.o(.text)
    ADC0B_IRQHandler                         0x000001ad   Thumb Code     0  keil_startup_lpc15xx.o(.text)
    ADC0_OVR_IRQHandler                      0x000001ad   Thumb Code     0  keil_startup_lpc15xx.o(.text)
    ADC0_THCMP_IRQHandler                    0x000001ad   Thumb Code     0  keil_startup_lpc15xx.o(.text)
    ADC1A_IRQHandler                         0x000001ad   Thumb Code     0  keil_startup_lpc15xx.o(.text)
    ADC1B_IRQHandler                         0x000001ad   Thumb Code     0  keil_startup_lpc15xx.o(.text)
    ADC1_OVR_IRQHandler                      0x000001ad   Thumb Code     0  keil_startup_lpc15xx.o(.text)
    ADC1_THCMP_IRQHandler                    0x000001ad   Thumb Code     0  keil_startup_lpc15xx.o(.text)
    BOD_IRQHandler                           0x000001ad   Thumb Code     0  keil_startup_lpc15xx.o(.text)
    DAC_IRQHandler                           0x000001ad   Thumb Code     0  keil_startup_lpc15xx.o(.text)
    DMA_IRQHandler                           0x000001ad   Thumb Code     0  keil_startup_lpc15xx.o(.text)
    EEPROM_IRQHandler                        0x000001ad   Thumb Code     0  keil_startup_lpc15xx.o(.text)
    FMC_IRQHandler                           0x000001ad   Thumb Code     0  keil_startup_lpc15xx.o(.text)
    GINT0_IRQHandler                         0x000001ad   Thumb Code     0  keil_startup_lpc15xx.o(.text)
    GINT1_IRQHandler                         0x000001ad   Thumb Code     0  keil_startup_lpc15xx.o(.text)
    I2C0_IRQHandler                          0x000001ad   Thumb Code     0  keil_startup_lpc15xx.o(.text)
    MRT_IRQHandler                           0x000001ad   Thumb Code     0  keil_startup_lpc15xx.o(.text)
    PIN_INT0_IRQHandler                      0x000001ad   Thumb Code     0  keil_startup_lpc15xx.o(.text)
    PIN_INT1_IRQHandler                      0x000001ad   Thumb Code     0  keil_startup_lpc15xx.o(.text)
    PIN_INT2_IRQHandler                      0x000001ad   Thumb Code     0  keil_startup_lpc15xx.o(.text)
    PIN_INT3_IRQHandler                      0x000001ad   Thumb Code     0  keil_startup_lpc15xx.o(.text)
    PIN_INT4_IRQHandler                      0x000001ad   Thumb Code     0  keil_startup_lpc15xx.o(.text)
    PIN_INT5_IRQHandler                      0x000001ad   Thumb Code     0  keil_startup_lpc15xx.o(.text)
    PIN_INT6_IRQHandler                      0x000001ad   Thumb Code     0  keil_startup_lpc15xx.o(.text)
    PIN_INT7_IRQHandler                      0x000001ad   Thumb Code     0  keil_startup_lpc15xx.o(.text)
    QEI_IRQHandler                           0x000001ad   Thumb Code     0  keil_startup_lpc15xx.o(.text)
    RIT_IRQHandler                           0x000001ad   Thumb Code     0  keil_startup_lpc15xx.o(.text)
    RTC_ALARM_IRQHandler                     0x000001ad   Thumb Code     0  keil_startup_lpc15xx.o(.text)
    RTC_WAKE_IRQHandler                      0x000001ad   Thumb Code     0  keil_startup_lpc15xx.o(.text)
    SCT0_IRQHandler                          0x000001ad   Thumb Code     0  keil_startup_lpc15xx.o(.text)
    SCT1_IRQHandler                          0x000001ad   Thumb Code     0  keil_startup_lpc15xx.o(.text)
    SCT2_IRQHandler                          0x000001ad   Thumb Code     0  keil_startup_lpc15xx.o(.text)
    SCT3_IRQHandler                          0x000001ad   Thumb Code     0  keil_startup_lpc15xx.o(.text)
    SPI0_IRQHandler                          0x000001ad   Thumb Code     0  keil_startup_lpc15xx.o(.text)
    SPI1_IRQHandler                          0x000001ad   Thumb Code     0  keil_startup_lpc15xx.o(.text)
    UART0_IRQHandler                         0x000001ad   Thumb Code     0  keil_startup_lpc15xx.o(.text)
    UART1_IRQHandler                         0x000001ad   Thumb Code     0  keil_startup_lpc15xx.o(.text)
    UART2_IRQHandler                         0x000001ad   Thumb Code     0  keil_startup_lpc15xx.o(.text)
    USBWakeup_IRQHandler                     0x000001ad   Thumb Code     0  keil_startup_lpc15xx.o(.text)
    USB_FIQHandler                           0x000001ad   Thumb Code     0  keil_startup_lpc15xx.o(.text)
    USB_IRQHandler                           0x000001ad   Thumb Code     0  keil_startup_lpc15xx.o(.text)
    WDT_IRQHandler                           0x000001ad   Thumb Code     0  keil_startup_lpc15xx.o(.text)
    __user_initial_stackheap                 0x000001b1   Thumb Code     0  keil_startup_lpc15xx.o(.text)
    __aeabi_uldivmod                         0x000001d5   Thumb Code     0  lludivv7m.o(.text)
    _ll_udiv                                 0x000001d5   Thumb Code   238  lludivv7m.o(.text)
    __use_two_region_memory                  0x000002c3   Thumb Code     2  heapauxi.o(.text)
    __rt_heap_escrow$2region                 0x000002c5   Thumb Code     2  heapauxi.o(.text)
    __rt_heap_expand$2region                 0x000002c7   Thumb Code     2  heapauxi.o(.text)
    exit                                     0x000002c9   Thumb Code    18  exit.o(.text)
    __user_libspace                          0x000002dd   Thumb Code     8  libspace.o(.text)
    __user_perproc_libspace                  0x000002dd   Thumb Code     0  libspace.o(.text)
    __user_perthread_libspace                0x000002dd   Thumb Code     0  libspace.o(.text)
    Board_SystemInit                         0x000002e5   Thumb Code    20  board_sysinit.o(i.Board_SystemInit)
    __aeabi_memcpy4                          0x00000301   Thumb Code     0  rt_memcpy_w.o(.text)
    __aeabi_memcpy8                          0x00000301   Thumb Code     0  rt_memcpy_w.o(.text)
    __rt_memcpy_w                            0x00000301   Thumb Code   100  rt_memcpy_w.o(.text)
    _memcpy_lastbytes_aligned                0x00000349   Thumb Code     0  rt_memcpy_w.o(.text)
    __user_setup_stackheap                   0x00000365   Thumb Code    74  sys_stackheap_outer.o(.text)
    Board_Debug_Init                         0x000003b1   Thumb Code    88  board.o(i.Board_Debug_Init)
    Board_Init                               0x00000411   Thumb Code    68  board.o(i.Board_Init)
    Board_LED_Set                            0x00000459   Thumb Code    32  board.o(i.Board_LED_Set)
    Board_LED_Toggle                         0x0000047d   Thumb Code    32  board.o(i.Board_LED_Toggle)
    Board_SetupClocking                      0x000004a1   Thumb Code    50  board_sysinit.o(i.Board_SetupClocking)
    Board_SetupMuxing                        0x000004d9   Thumb Code    72  board_sysinit.o(i.Board_SetupMuxing)
    CAN_IRQHandler                           0x00000529   Thumb Code    22  can.o(i.CAN_IRQHandler)
    Chip_Clock_EnablePeriphClock             0x0000062d   Thumb Code    28  clock_15xx.o(i.Chip_Clock_EnablePeriphClock)
    Chip_Clock_GetMainClockRate              0x0000064d   Thumb Code    20  clock_15xx.o(i.Chip_Clock_GetMainClockRate)
    Chip_Clock_GetMain_A_ClockRate           0x00000665   Thumb Code    36  clock_15xx.o(i.Chip_Clock_GetMain_A_ClockRate)
    Chip_Clock_GetMain_B_ClockRate           0x00000699   Thumb Code    44  clock_15xx.o(i.Chip_Clock_GetMain_B_ClockRate)
    Chip_Clock_GetSystemClockRate            0x000006f9   Thumb Code    18  clock_15xx.o(i.Chip_Clock_GetSystemClockRate)
    Chip_Clock_GetSystemPLLInClockRate       0x00000711   Thumb Code    10  clock_15xx.o(i.Chip_Clock_GetSystemPLLInClockRate)
    Chip_Clock_GetSystemPLLOutClockRate      0x00000721   Thumb Code    22  clock_15xx.o(i.Chip_Clock_GetSystemPLLOutClockRate)
    Chip_Clock_GetUARTBaseClockRate          0x0000073d   Thumb Code    60  clock_15xx.o(i.Chip_Clock_GetUARTBaseClockRate)
    Chip_Clock_SetMainClockSource            0x0000077d   Thumb Code    26  clock_15xx.o(i.Chip_Clock_SetMainClockSource)
    Chip_Clock_SetUARTBaseClockRate          0x0000079d   Thumb Code    76  clock_15xx.o(i.Chip_Clock_SetUARTBaseClockRate)
    Chip_GPIO_Init                           0x00000809   Thumb Code    44  gpio_15xx.o(i.Chip_GPIO_Init)
    Chip_IOCON_SetPinMuxing                  0x00000841   Thumb Code    36  iocon_15xx.o(i.Chip_IOCON_SetPinMuxing)
    Chip_SWM_MovablePinAssign                0x00000865   Thumb Code    30  swm_15xx.o(i.Chip_SWM_MovablePinAssign)
    Chip_SYSCTL_AssertPeriphReset            0x00000895   Thumb Code    30  sysctl_15xx.o(i.Chip_SYSCTL_AssertPeriphReset)
    Chip_SYSCTL_DeassertPeriphReset          0x000008b9   Thumb Code    30  sysctl_15xx.o(i.Chip_SYSCTL_DeassertPeriphReset)
    Chip_SYSCTL_PowerDown                    0x000008f1   Thumb Code    20  sysctl_15xx.o(i.Chip_SYSCTL_PowerDown)
    Chip_SYSCTL_PowerUp                      0x0000090d   Thumb Code    20  sysctl_15xx.o(i.Chip_SYSCTL_PowerUp)
    Chip_SetupXtalClocking                   0x00000929   Thumb Code    92  sysinit_15xx.o(i.Chip_SetupXtalClocking)
    Chip_UART_Init                           0x00000989   Thumb Code    42  uart_15xx.o(i.Chip_UART_Init)
    Chip_UART_SetBaud                        0x000009bd   Thumb Code    22  uart_15xx.o(i.Chip_UART_SetBaud)
    SysTick_Handler                          0x000009d5   Thumb Code    18  main.o(i.SysTick_Handler)
    SystemCoreClockUpdate                    0x000009f1   Thumb Code    12  chip_15xx.o(i.SystemCoreClockUpdate)
    SystemInit                               0x00000a01   Thumb Code     8  sysinit.o(i.SystemInit)
    _sys_exit                                0x00000a09   Thumb Code     4  board.o(i._sys_exit)
    can_init                                 0x00000a0d   Thumb Code   282  can.o(i.can_init)
    can_speed                                0x00000b45   Thumb Code    84  can.o(i.can_speed)
    can_transmit                             0x00000ba5   Thumb Code   102  can.o(i.can_transmit)
    main                                     0x00000c3d   Thumb Code   266  main.o(i.main)
    OscRateIn                                0x00000dac   Data           4  board.o(.constdata)
    RTCOscRateIn                             0x00000db0   Data           4  board.o(.constdata)
    Region$$Table$$Base                      0x00000e48   Number         0  anon$$obj.o(Region$$Table)
    Region$$Table$$Limit                     0x00000e68   Number         0  anon$$obj.o(Region$$Table)
    message_received                         0x0200000c   Data           1  can.o(.data)
    act_kbaud                                0x0200000e   Data           2  can.o(.data)
    callbacks                                0x02000010   Data          12  can.o(.data)
    SystemCoreClock                          0x0200001c   Data           4  chip_15xx.o(.data)
    msg1_obj                                 0x0200082c   Data          20  can.o(.bss)
    msg2_obj                                 0x02000840   Data          20  can.o(.bss)
    rec_obj                                  0x02000854   Data          20  can.o(.bss)
    can_err                                  0x02000868   Data          36  can.o(.bss)
    __libspace_start                         0x0200088c   Data          96  libspace.o(.bss)
    __temporary_stack_top$libspace           0x020008ec   Data           0  libspace.o(.bss)



==============================================================================

Memory Map of the image

  Image Entry point : 0x000000fd

  Load Region LR_IROM1 (Base: 0x00000000, Size: 0x00000e88, Max: 0x00040000, ABSOLUTE)

    Execution Region ER_IROM1 (Base: 0x00000000, Size: 0x00000e68, Max: 0x00040000, ABSOLUTE)

    Base Addr    Size         Type   Attr      Idx    E Section Name        Object

    0x00000000   0x000000fc   Data   RO            3    RESET               keil_startup_lpc15xx.o
    0x000000fc   0x00000008   Code   RO         1370  * !!!main             c_w.l(__main.o)
    0x00000104   0x00000034   Code   RO         1535    !!!scatter          c_w.l(__scatter.o)
    0x00000138   0x0000001a   Code   RO         1537    !!handler_copy      c_w.l(__scatter_copy.o)
    0x00000152   0x00000002   PAD
    0x00000154   0x0000001c   Code   RO         1539    !!handler_zi        c_w.l(__scatter_zi.o)
    0x00000170   0x00000002   Code   RO         1407    .ARM.Collect$$libinit$$00000000  c_w.l(libinit.o)
    0x00000172   0x00000000   Code   RO         1420    .ARM.Collect$$libinit$$00000002  c_w.l(libinit2.o)
    0x00000172   0x00000000   Code   RO         1422    .ARM.Collect$$libinit$$00000004  c_w.l(libinit2.o)
    0x00000172   0x00000000   Code   RO         1425    .ARM.Collect$$libinit$$0000000A  c_w.l(libinit2.o)
    0x00000172   0x00000000   Code   RO         1427    .ARM.Collect$$libinit$$0000000C  c_w.l(libinit2.o)
    0x00000172   0x00000000   Code   RO         1429    .ARM.Collect$$libinit$$0000000E  c_w.l(libinit2.o)
    0x00000172   0x00000000   Code   RO         1432    .ARM.Collect$$libinit$$00000011  c_w.l(libinit2.o)
    0x00000172   0x00000000   Code   RO         1434    .ARM.Collect$$libinit$$00000013  c_w.l(libinit2.o)
    0x00000172   0x00000000   Code   RO         1436    .ARM.Collect$$libinit$$00000015  c_w.l(libinit2.o)
    0x00000172   0x00000000   Code   RO         1438    .ARM.Collect$$libinit$$00000017  c_w.l(libinit2.o)
    0x00000172   0x00000000   Code   RO         1440    .ARM.Collect$$libinit$$00000019  c_w.l(libinit2.o)
    0x00000172   0x00000000   Code   RO         1442    .ARM.Collect$$libinit$$0000001B  c_w.l(libinit2.o)
    0x00000172   0x00000000   Code   RO         1444    .ARM.Collect$$libinit$$0000001D  c_w.l(libinit2.o)
    0x00000172   0x00000000   Code   RO         1446    .ARM.Collect$$libinit$$0000001F  c_w.l(libinit2.o)
    0x00000172   0x00000000   Code   RO         1448    .ARM.Collect$$libinit$$00000021  c_w.l(libinit2.o)
    0x00000172   0x00000000   Code   RO         1450    .ARM.Collect$$libinit$$00000023  c_w.l(libinit2.o)
    0x00000172   0x00000000   Code   RO         1452    .ARM.Collect$$libinit$$00000025  c_w.l(libinit2.o)
    0x00000172   0x00000000   Code   RO         1456    .ARM.Collect$$libinit$$0000002C  c_w.l(libinit2.o)
    0x00000172   0x00000000   Code   RO         1458    .ARM.Collect$$libinit$$0000002E  c_w.l(libinit2.o)
    0x00000172   0x00000000   Code   RO         1460    .ARM.Collect$$libinit$$00000030  c_w.l(libinit2.o)
    0x00000172   0x00000000   Code   RO         1462    .ARM.Collect$$libinit$$00000032  c_w.l(libinit2.o)
    0x00000172   0x00000002   Code   RO         1463    .ARM.Collect$$libinit$$00000033  c_w.l(libinit2.o)
    0x00000174   0x00000002   Code   RO         1489    .ARM.Collect$$libshutdown$$00000000  c_w.l(libshutdown.o)
    0x00000176   0x00000000   Code   RO         1518    .ARM.Collect$$libshutdown$$00000002  c_w.l(libshutdown2.o)
    0x00000176   0x00000000   Code   RO         1520    .ARM.Collect$$libshutdown$$00000004  c_w.l(libshutdown2.o)
    0x00000176   0x00000000   Code   RO         1523    .ARM.Collect$$libshutdown$$00000007  c_w.l(libshutdown2.o)
    0x00000176   0x00000000   Code   RO         1526    .ARM.Collect$$libshutdown$$0000000A  c_w.l(libshutdown2.o)
    0x00000176   0x00000000   Code   RO         1528    .ARM.Collect$$libshutdown$$0000000C  c_w.l(libshutdown2.o)
    0x00000176   0x00000000   Code   RO         1531    .ARM.Collect$$libshutdown$$0000000F  c_w.l(libshutdown2.o)
    0x00000176   0x00000002   Code   RO         1532    .ARM.Collect$$libshutdown$$00000010  c_w.l(libshutdown2.o)
    0x00000178   0x00000000   Code   RO         1372    .ARM.Collect$$rtentry$$00000000  c_w.l(__rtentry.o)
    0x00000178   0x00000000   Code   RO         1378    .ARM.Collect$$rtentry$$00000002  c_w.l(__rtentry2.o)
    0x00000178   0x00000006   Code   RO         1390    .ARM.Collect$$rtentry$$00000004  c_w.l(__rtentry4.o)
    0x0000017e   0x00000000   Code   RO         1380    .ARM.Collect$$rtentry$$00000009  c_w.l(__rtentry2.o)
    0x0000017e   0x00000004   Code   RO         1381    .ARM.Collect$$rtentry$$0000000A  c_w.l(__rtentry2.o)
    0x00000182   0x00000000   Code   RO         1383    .ARM.Collect$$rtentry$$0000000C  c_w.l(__rtentry2.o)
    0x00000182   0x00000008   Code   RO         1384    .ARM.Collect$$rtentry$$0000000D  c_w.l(__rtentry2.o)
    0x0000018a   0x00000002   Code   RO         1411    .ARM.Collect$$rtexit$$00000000  c_w.l(rtexit.o)
    0x0000018c   0x00000000   Code   RO         1465    .ARM.Collect$$rtexit$$00000002  c_w.l(rtexit2.o)
    0x0000018c   0x00000004   Code   RO         1466    .ARM.Collect$$rtexit$$00000003  c_w.l(rtexit2.o)
    0x00000190   0x00000006   Code   RO         1467    .ARM.Collect$$rtexit$$00000004  c_w.l(rtexit2.o)
    0x00000196   0x00000002   PAD
    0x00000198   0x0000003c   Code   RO            5    .text               keil_startup_lpc15xx.o
    0x000001d4   0x000000ee   Code   RO         1362    .text               c_w.l(lludivv7m.o)
    0x000002c2   0x00000006   Code   RO         1368    .text               c_w.l(heapauxi.o)
    0x000002c8   0x00000012   Code   RO         1396    .text               c_w.l(exit.o)
    0x000002da   0x00000002   PAD
    0x000002dc   0x00000008   Code   RO         1408    .text               c_w.l(libspace.o)
    0x000002e4   0x00000018   Code   RO          607    i.Board_SystemInit  board_nxp_lpcxpresso_1549.lib(board_sysinit.o)
    0x000002fc   0x00000004   Code   RO            4    .ARM.__at_0x02FC    keil_startup_lpc15xx.o
    0x00000300   0x00000064   Code   RO         1366    .text               c_w.l(rt_memcpy_w.o)
    0x00000364   0x0000004a   Code   RO         1394    .text               c_w.l(sys_stackheap_outer.o)
    0x000003ae   0x00000002   PAD
    0x000003b0   0x00000060   Code   RO          321    i.Board_Debug_Init  board_nxp_lpcxpresso_1549.lib(board.o)
    0x00000410   0x00000048   Code   RO          322    i.Board_Init        board_nxp_lpcxpresso_1549.lib(board.o)
    0x00000458   0x00000024   Code   RO          324    i.Board_LED_Set     board_nxp_lpcxpresso_1549.lib(board.o)
    0x0000047c   0x00000024   Code   RO          326    i.Board_LED_Toggle  board_nxp_lpcxpresso_1549.lib(board.o)
    0x000004a0   0x00000038   Code   RO          605    i.Board_SetupClocking  board_nxp_lpcxpresso_1549.lib(board_sysinit.o)
    0x000004d8   0x00000050   Code   RO          606    i.Board_SetupMuxing  board_nxp_lpcxpresso_1549.lib(board_sysinit.o)
    0x00000528   0x0000001c   Code   RO          242    i.CAN_IRQHandler    can.o
    0x00000544   0x00000098   Code   RO          243    i.CAN_error         can.o
    0x000005dc   0x00000038   Code   RO          244    i.CAN_rx            can.o
    0x00000614   0x00000018   Code   RO          245    i.CAN_tx            can.o
    0x0000062c   0x00000020   Code   RO          856    i.Chip_Clock_EnablePeriphClock  chip_15xx_lib.lib(clock_15xx.o)
    0x0000064c   0x00000018   Code   RO          858    i.Chip_Clock_GetMainClockRate  chip_15xx_lib.lib(clock_15xx.o)
    0x00000664   0x00000034   Code   RO          860    i.Chip_Clock_GetMain_A_ClockRate  chip_15xx_lib.lib(clock_15xx.o)
    0x00000698   0x00000034   Code   RO          861    i.Chip_Clock_GetMain_B_ClockRate  chip_15xx_lib.lib(clock_15xx.o)
    0x000006cc   0x0000000c   Code   RO          862    i.Chip_Clock_GetPLLFreq  chip_15xx_lib.lib(clock_15xx.o)
    0x000006d8   0x00000020   Code   RO          863    i.Chip_Clock_GetPLLInClockRate  chip_15xx_lib.lib(clock_15xx.o)
    0x000006f8   0x00000018   Code   RO          867    i.Chip_Clock_GetSystemClockRate  chip_15xx_lib.lib(clock_15xx.o)
    0x00000710   0x00000010   Code   RO          868    i.Chip_Clock_GetSystemPLLInClockRate  chip_15xx_lib.lib(clock_15xx.o)
    0x00000720   0x0000001c   Code   RO          869    i.Chip_Clock_GetSystemPLLOutClockRate  chip_15xx_lib.lib(clock_15xx.o)
    0x0000073c   0x00000040   Code   RO          870    i.Chip_Clock_GetUARTBaseClockRate  chip_15xx_lib.lib(clock_15xx.o)
    0x0000077c   0x00000020   Code   RO          874    i.Chip_Clock_SetMainClockSource  chip_15xx_lib.lib(clock_15xx.o)
    0x0000079c   0x00000050   Code   RO          876    i.Chip_Clock_SetUARTBaseClockRate  chip_15xx_lib.lib(clock_15xx.o)
    0x000007ec   0x0000001c   Code   RO         1156    i.Chip_FMC_SetFLASHAccess  chip_15xx_lib.lib(sysinit_15xx.o)
    0x00000808   0x0000002c   Code   RO         1081    i.Chip_GPIO_Init    chip_15xx_lib.lib(gpio_15xx.o)
    0x00000834   0x0000000c   Code   RO          246    i.Chip_IOCON_PinMuxSet  can.o
    0x00000840   0x00000024   Code   RO         1133    i.Chip_IOCON_SetPinMuxing  chip_15xx_lib.lib(iocon_15xx.o)
    0x00000864   0x00000024   Code   RO         1002    i.Chip_SWM_MovablePinAssign  chip_15xx_lib.lib(swm_15xx.o)
    0x00000888   0x0000000a   Code   RO          331    i.Chip_SWM_MovablePortPinAssign  board_nxp_lpcxpresso_1549.lib(board.o)
    0x00000892   0x00000002   PAD
    0x00000894   0x00000024   Code   RO          661    i.Chip_SYSCTL_AssertPeriphReset  chip_15xx_lib.lib(sysctl_15xx.o)
    0x000008b8   0x00000024   Code   RO          662    i.Chip_SYSCTL_DeassertPeriphReset  chip_15xx_lib.lib(sysctl_15xx.o)
    0x000008dc   0x00000012   Code   RO         1199    i.Chip_SYSCTL_PeriphReset  chip_15xx_lib.lib(uart_15xx.o)
    0x000008ee   0x00000002   PAD
    0x000008f0   0x0000001c   Code   RO          664    i.Chip_SYSCTL_PowerDown  chip_15xx_lib.lib(sysctl_15xx.o)
    0x0000090c   0x0000001c   Code   RO          665    i.Chip_SYSCTL_PowerUp  chip_15xx_lib.lib(sysctl_15xx.o)
    0x00000928   0x00000060   Code   RO         1158    i.Chip_SetupXtalClocking  chip_15xx_lib.lib(sysinit_15xx.o)
    0x00000988   0x00000034   Code   RO         1202    i.Chip_UART_Init    chip_15xx_lib.lib(uart_15xx.o)
    0x000009bc   0x00000016   Code   RO         1210    i.Chip_UART_SetBaud  chip_15xx_lib.lib(uart_15xx.o)
    0x000009d2   0x00000002   PAD
    0x000009d4   0x0000001c   Code   RO          201    i.SysTick_Handler   main.o
    0x000009f0   0x00000010   Code   RO         1042    i.SystemCoreClockUpdate  chip_15xx_lib.lib(chip_15xx.o)
    0x00000a00   0x00000008   Code   RO           16    i.SystemInit        sysinit.o
    0x00000a08   0x00000004   Code   RO          333    i._sys_exit         board_nxp_lpcxpresso_1549.lib(board.o)
    0x00000a0c   0x00000138   Code   RO          247    i.can_init          can.o
    0x00000b44   0x00000060   Code   RO          248    i.can_speed         can.o
    0x00000ba4   0x00000078   Code   RO          249    i.can_transmit      can.o
    0x00000c1c   0x00000020   Code   RO         1213    i.getUARTClockID    chip_15xx_lib.lib(uart_15xx.o)
    0x00000c3c   0x00000130   Code   RO          202    i.main              main.o
    0x00000d6c   0x00000040   Data   RO          251    .constdata          can.o
    0x00000dac   0x00000004   Data   RO          338    .constdata          board_nxp_lpcxpresso_1549.lib(board.o)
    0x00000db0   0x00000004   Data   RO          339    .constdata          board_nxp_lpcxpresso_1549.lib(board.o)
    0x00000db4   0x00000015   Data   RO          340    .constdata          board_nxp_lpcxpresso_1549.lib(board.o)
    0x00000dc9   0x00000003   PAD
    0x00000dcc   0x0000007c   Data   RO          608    .constdata          board_nxp_lpcxpresso_1549.lib(board_sysinit.o)
    0x00000e48   0x00000020   Data   RO         1533    Region$$Table       anon$$obj.o


    Execution Region RW_IRAM1 (Base: 0x02000000, Size: 0x00000bf0, Max: 0x00009000, ABSOLUTE)

    Base Addr    Size         Type   Attr      Idx    E Section Name        Object

    0x02000000   0x00000005   Data   RW          204    .data               main.o
    0x02000005   0x00000003   PAD
    0x02000008   0x00000014   Data   RW          252    .data               can.o
    0x0200001c   0x00000004   Data   RW         1043    .data               chip_15xx_lib.lib(chip_15xx.o)
    0x02000020   0x0000086c   Zero   RW          250    .bss                can.o
    0x0200088c   0x00000060   Zero   RW         1409    .bss                c_w.l(libspace.o)
    0x020008ec   0x00000004   PAD
    0x020008f0   0x00000100   Zero   RW            2    HEAP                keil_startup_lpc15xx.o
    0x020009f0   0x00000200   Zero   RW            1    STACK               keil_startup_lpc15xx.o


==============================================================================

Image component sizes


      Code (inc. data)   RO Data    RW Data    ZI Data      Debug   Object Name

       800         92         64         20       2156      40023   can.o
        64         32        252          0        768        924   keil_startup_lpc15xx.o
       332         48          0          5          0      28723   main.o
         8          0          0          0          0      13617   sysinit.o

    ----------------------------------------------------------------------
      1204        172        348         28       2924      83287   Object Totals
         0          0         32          0          0          0   (incl. Generated)
         0          0          0          3          0          0   (incl. Padding)

    ----------------------------------------------------------------------

      Code (inc. data)   RO Data    RW Data    ZI Data      Debug   Library Member Name

       254         20         29          0          0      15890   board.o
       160         18        124          0          0      15321   board_sysinit.o
         8          0          0          0          0         68   __main.o
         0          0          0          0          0          0   __rtentry.o
        12          0          0          0          0          0   __rtentry2.o
         6          0          0          0          0          0   __rtentry4.o
        52          8          0          0          0          0   __scatter.o
        26          0          0          0          0          0   __scatter_copy.o
        28          0          0          0          0          0   __scatter_zi.o
        18          0          0          0          0         80   exit.o
         6          0          0          0          0        152   heapauxi.o
         2          0          0          0          0          0   libinit.o
         2          0          0          0          0          0   libinit2.o
         2          0          0          0          0          0   libshutdown.o
         2          0          0          0          0          0   libshutdown2.o
         8          4          0          0         96         68   libspace.o
       238          0          0          0          0        100   lludivv7m.o
       100          0          0          0          0         80   rt_memcpy_w.o
         2          0          0          0          0          0   rtexit.o
        10          0          0          0          0          0   rtexit2.o
        74          0          0          0          0         80   sys_stackheap_outer.o
        16          4          0          4          0       7714   chip_15xx.o
       448         72          0          0          0      12210   clock_15xx.o
        44          0          0          0          0       2881   gpio_15xx.o
        36          0          0          0          0       2178   iocon_15xx.o
        36          6          0          0          0        600   swm_15xx.o
       128         28          0          0          0      12336   sysctl_15xx.o
       124          8          0          0          0      12537   sysinit_15xx.o
       124         18          0          0          0      10639   uart_15xx.o

    ----------------------------------------------------------------------
      1980        186        156          4        100      92934   Library Totals
        14          0          3          0          4          0   (incl. Padding)

    ----------------------------------------------------------------------

      Code (inc. data)   RO Data    RW Data    ZI Data      Debug   Library Name

       414         38        153          0          0      31211   board_nxp_lpcxpresso_1549.lib
       596         12          0          0         96        628   c_w.l
       956        136          0          4          0      61095   chip_15xx_lib.lib

    ----------------------------------------------------------------------
      1980        186        156          4        100      92934   Library Totals

    ----------------------------------------------------------------------

==============================================================================


      Code (inc. data)   RO Data    RW Data    ZI Data      Debug   

      3184        358        504         32       3024     173929   Grand Totals
      3184        358        504         32       3024     173929   ELF Image Totals
      3184        358        504         32          0          0   ROM Totals

==============================================================================

    Total RO  Size (Code + RO Data)                 3688 (   3.60kB)
    Total RW  Size (RW Data + ZI Data)              3056 (   2.98kB)
    Total ROM Size (Code + RO Data + RW Data)       3720 (   3.63kB)

==============================================================================

