<html>
<body>
<pre>
<h1>µVision Build Log</h1>
<h2>Tool Versions:</h2>
IDE-Version: µVision V5.15
Copyright (C) 2015 ARM Ltd and ARM Germany GmbH. All rights reserved.
License Information: ARM Keil, ARMKeil, LIC=JDASB-2YK5K-679RS-LR04L-LQ26Q-B300X
 
Tool Versions:
Toolchain:       MDK-ARM Professional  Version: 5.15.0
Toolchain Path:  C:\Keil_v5\ARM\ARMCC\Bin
C Compiler:      Armcc.exe V5.05 update 2 (build 169)
Assembler:       Armasm.exe V5.05 update 2 (build 169)
Linker/Locator:  ArmLink.exe V5.05 update 2 (build 169)
Library Manager: ArmAr.exe V5.05 update 2 (build 169)
Hex Converter:   FromElf.exe V5.05 update 2 (build 169)
CPU DLL:         SARMCM3.DLL V5.15.0
Dialog DLL:      DCM.DLL V1.13.2.0
Target DLL:      CMSIS_AGDI.dll V1.21.12.0
Dialog DLL:      TCM.DLL V1.14.5.0
 
<h2>Project:</h2>
D:\Projects\RTOS_Embedded\lpc1549-projects\application\interrupt_driven_timer\timer_interrupt.uvprojx
Project File Date:  12/03/2016

<h2>Output:</h2>
*** Using Compiler 'V5.05 update 2 (build 169)', folder: 'C:\Keil_v5\ARM\ARMCC\Bin'
Rebuild target 'Target 1'
compiling main.c...
main.c(271): warning:  #188-D: enumerated type mixed with another type
        Chip_Clock_EnablePeriphClock(SYSCTL_CLOCK_UART1 | SYSCTL_CLOCK_GPIO1);          // enable GPIO1 and UART clock
main.c(289): warning:  #177-D: variable "i" was declared but never referenced
        int i;
main.c: 2 warnings, 0 errors
assembling keil_startup_lpc15xx.s...
compiling sysinit.c...
compiling croutine.c...
compiling event_groups.c...
compiling list.c...
compiling queue.c...
compiling tasks.c...
compiling timers.c...
compiling heap_3.c...
compiling port.c...
compiling FreeRTOSCommonHooks.c...
linking...
Program Size: Code=4860 RO-data=472 RW-data=68 ZI-data=25700  
FromELF: creating hex file...
".\Objects\lpc_gpio.axf" - 0 Error(s), 2 Warning(s).

<h2>Software Packages used:</h2>

Package Vendor: ARM
                http://www.keil.com/pack/ARM.CMSIS.4.5.0.pack
                ARM::CMSIS:CORE:4.3.0
                CMSIS (Cortex Microcontroller Software Interface Standard)
   * Component: CORE Version: 4.3.0

<h2>Collection of Component include folders:</h2>
  D:\Projects\RTOS_Embedded\lpc1549-projects\application\interrupt_driven_timer\RTE
  C:\Keil_v5\ARM\PACK\ARM\CMSIS\4.5.0\CMSIS\Include
  C:\Keil_v5\ARM\PACK\Keil\LPC1500_DFP\1.0.0\Device\Include

<h2>Collection of Component Files used:</h2>

   * Component: ARM::CMSIS:CORE:4.3.0
</pre>
</body>
</html>
