<html>
<body>
<pre>
<h1>µVision Build Log</h1>
<h2>Tool Versions:</h2>
IDE-Version: µVision V5.17.0.0
Copyright (C) 2015 ARM Ltd and ARM Germany GmbH. All rights reserved.
License Information: Amit Dubey, ABCINC, LIC=FYKJJ-UWHNF-U42S7-EMXGI-K7DGD-V0RKS
 
Tool Versions:
Toolchain:       MDK-ARM Standard  Version: 5.17
Toolchain Path:  C:\Keil_v5\ARM\ARMCC\Bin
C Compiler:      Armcc.exe V5.06 update 1 (build 61)
Assembler:       Armasm.exe V5.06 update 1 (build 61)
Linker/Locator:  ArmLink.exe V5.06 update 1 (build 61)
Library Manager: ArmAr.exe V5.06 update 1 (build 61)
Hex Converter:   FromElf.exe V5.06 update 1 (build 61)
CPU DLL:         SARMCM3.DLL V5.17
Dialog DLL:      DCM.DLL V1.13.4.0
Target DLL:      CMSIS_AGDI.dll V1.23.1.0
Dialog DLL:      TCM.DLL V1.14.6.0
 
<h2>Project:</h2>
D:\LPC_projects\application\SPI_Master_interrupt\SPI_Master_interrupt.uvprojx
Project File Date:  12/15/2016

<h2>Output:</h2>
*** Using Compiler 'V5.06 update 1 (build 61)', folder: 'C:\Keil_v5\ARM\ARMCC\Bin'
Rebuild target 'Target 1'
assembling keil_startup_lpc15xx.s...
compiling sysinit.c...
compiling main.c...
main.c(212): warning:  #177-D: function "vLEDTask1" was declared but never referenced
  static void vLEDTask1(void *pvParameters) {
main.c(225): warning:  #177-D: function "vLEDTask2" was declared but never referenced
  static void vLEDTask2(void *pvParameters) {
main.c(238): warning:  #177-D: function "vUARTTask" was declared but never referenced
  static void vUARTTask(void *pvParameters) {
main.c: 3 warnings, 0 errors
compiling croutine.c...
compiling event_groups.c...
compiling list.c...
compiling queue.c...
compiling tasks.c...
compiling timers.c...
compiling heap_3.c...
compiling port.c...
compiling FreeRTOSCommonHooks.c...
linking...
Program Size: Code=5952 RO-data=440 RW-data=84 ZI-data=25732  
FromELF: creating hex file...
".\Objects\SPI_Master_interrupt.axf" - 0 Error(s), 3 Warning(s).

<h2>Software Packages used:</h2>

Package Vendor: ARM
                http://www.keil.com/pack/ARM.CMSIS.5.0.0.pack
                ARM::CMSIS:CORE:5.0.0
                CMSIS (Cortex Microcontroller Software Interface Standard)
   * Component: CORE Version: 5.0.0

<h2>Collection of Component include folders:</h2>
  D:\LPC_projects\application\SPI_Master_interrupt\RTE
  C:\Keil_v5\ARM\PACK\ARM\CMSIS\5.0.0\CMSIS\Include
  C:\Keil_v5\ARM\PACK\Keil\LPC1500_DFP\1.2.0\LPCOpen\software\lpc_core\lpc_chip\chip_15xx

<h2>Collection of Component Files used:</h2>

   * Component: ARM::CMSIS:CORE:5.0.0
Build Time Elapsed:  00:00:08
</pre>
</body>
</html>
