Component: ARM Compiler 5.06 update 1 (build 61) Tool: armlink [4d35a8]

==============================================================================

Section Cross References

    sysinit.o(i.SystemInit) refers to board_sysinit.o(i.Board_SystemInit) for Board_SystemInit
    keil_startup_lpc15xx.o(STACK) refers (Special) to heapauxi.o(.text) for __use_two_region_memory
    keil_startup_lpc15xx.o(HEAP) refers (Special) to heapauxi.o(.text) for __use_two_region_memory
    keil_startup_lpc15xx.o(RESET) refers (Special) to heapauxi.o(.text) for __use_two_region_memory
    keil_startup_lpc15xx.o(RESET) refers to keil_startup_lpc15xx.o(STACK) for __initial_sp
    keil_startup_lpc15xx.o(RESET) refers to keil_startup_lpc15xx.o(.text) for Reset_Handler
    keil_startup_lpc15xx.o(RESET) refers to port.o(.emb_text) for SVC_Handler
    keil_startup_lpc15xx.o(RESET) refers to port.o(i.SysTick_Handler) for SysTick_Handler
    keil_startup_lpc15xx.o(.ARM.__at_0x02FC) refers (Special) to heapauxi.o(.text) for __use_two_region_memory
    keil_startup_lpc15xx.o(.text) refers (Special) to heapauxi.o(.text) for __use_two_region_memory
    keil_startup_lpc15xx.o(.text) refers to sysinit.o(i.SystemInit) for SystemInit
    keil_startup_lpc15xx.o(.text) refers to __main.o(!!!main) for __main
    keil_startup_lpc15xx.o(.text) refers to keil_startup_lpc15xx.o(HEAP) for Heap_Mem
    keil_startup_lpc15xx.o(.text) refers to keil_startup_lpc15xx.o(STACK) for Stack_Mem
    main.o(i.BMPInit) refers to _printf_percent.o(.ARM.Collect$$_printf_percent$$00000000) for _printf_percent
    main.o(i.BMPInit) refers to _printf_d.o(.ARM.Collect$$_printf_percent$$00000009) for _printf_d
    main.o(i.BMPInit) refers to _printf_dec.o(.text) for _printf_int_dec
    main.o(i.BMPInit) refers to main.o(i.SetupXferRecAndExecute) for SetupXferRecAndExecute
    main.o(i.BMPInit) refers to noretval__2printf.o(.text) for __2printf
    main.o(i.BMPInit) refers to main.o(.data) for AC1
    main.o(i.BMPInit) refers to main.o(.bss) for i2cmXferRec
    main.o(i.Chip_SWM_MovablePortPinAssign) refers to swm_15xx.o(i.Chip_SWM_MovablePinAssign) for Chip_SWM_MovablePinAssign
    main.o(i.Init_I2C_PinMux) refers to main.o(i.Chip_IOCON_PinMuxSet) for Chip_IOCON_PinMuxSet
    main.o(i.Init_I2C_PinMux) refers to swm_15xx.o(i.Chip_SWM_EnableFixedPin) for Chip_SWM_EnableFixedPin
    main.o(i.ReadTemp) refers to _printf_percent.o(.ARM.Collect$$_printf_percent$$00000000) for _printf_percent
    main.o(i.ReadTemp) refers to _printf_d.o(.ARM.Collect$$_printf_percent$$00000009) for _printf_d
    main.o(i.ReadTemp) refers to _printf_dec.o(.text) for _printf_int_dec
    main.o(i.ReadTemp) refers to main.o(i.masterWrite_subaddress) for masterWrite_subaddress
    main.o(i.ReadTemp) refers to main.o(i.master_read) for master_read
    main.o(i.ReadTemp) refers to noretval__2printf.o(.text) for __2printf
    main.o(i.ReadTemp) refers to fflt_clz.o(x$fpl$fflt) for __aeabi_i2f
    main.o(i.ReadTemp) refers to fmul.o(x$fpl$fmul) for __aeabi_fmul
    main.o(i.ReadTemp) refers to ffix.o(x$fpl$ffix) for __aeabi_f2iz
    main.o(i.ReadTemp) refers to fdiv.o(x$fpl$fdiv) for __aeabi_fdiv
    main.o(i.ReadTemp) refers to main.o(.data) for UT
    main.o(i.SetupXferRecAndExecute) refers to i2cm_15xx.o(i.Chip_I2CM_XferBlocking) for Chip_I2CM_XferBlocking
    main.o(i.SetupXferRecAndExecute) refers to main.o(.bss) for i2cmXferRec
    main.o(i.i2c_task) refers to chip_15xx.o(i.SystemCoreClockUpdate) for SystemCoreClockUpdate
    main.o(i.i2c_task) refers to board.o(i.Board_Init) for Board_Init
    main.o(i.i2c_task) refers to main.o(i.pinmux) for pinmux
    main.o(i.i2c_task) refers to main.o(i.uart_init) for uart_init
    main.o(i.i2c_task) refers to board.o(i.Board_LED_Set) for Board_LED_Set
    main.o(i.i2c_task) refers to main.o(i.Init_I2C_PinMux) for Init_I2C_PinMux
    main.o(i.i2c_task) refers to main.o(i.setupI2CMaster) for setupI2CMaster
    main.o(i.i2c_task) refers to main.o(i.BMPInit) for BMPInit
    main.o(i.i2c_task) refers to main.o(i.ReadTemp) for ReadTemp
    main.o(i.i2c_task) refers to main.o(i.readPressure) for readPressure
    main.o(i.i2c_task) refers to chip_15xx.o(.data) for SystemCoreClock
    main.o(i.main) refers to main.o(i.prvSetupHardware) for prvSetupHardware
    main.o(i.main) refers to main.o(i.pinmux) for pinmux
    main.o(i.main) refers to main.o(i.uart_init) for uart_init
    main.o(i.main) refers to tasks.o(i.xTaskGenericCreate) for xTaskGenericCreate
    main.o(i.main) refers to tasks.o(i.vTaskStartScheduler) for vTaskStartScheduler
    main.o(i.main) refers to main.o(i.vLEDTask1) for vLEDTask1
    main.o(i.main) refers to main.o(i.vLEDTask2) for vLEDTask2
    main.o(i.main) refers to main.o(i.vUARTTask) for vUARTTask
    main.o(i.main) refers to main.o(i.i2c_task) for i2c_task
    main.o(i.masterWrite_subaddress) refers to abort.o(.text) for abort
[...]
    Chip_IOCON_PinMuxSet                     0x00000f67   Thumb Code    12  main.o(i.Chip_IOCON_PinMuxSet)
    i.Chip_IOCON_SetPinMuxing                0x00000f74   Section        0  iocon_15xx.o(i.Chip_IOCON_SetPinMuxing)
    i.Chip_SWM_EnableFixedPin                0x00000f98   Section        0  swm_15xx.o(i.Chip_SWM_EnableFixedPin)
    i.Chip_SWM_MovablePinAssign              0x00000fb8   Section        0  swm_15xx.o(i.Chip_SWM_MovablePinAssign)
    i.Chip_SWM_MovablePortPinAssign          0x00000fdc   Section        0  main.o(i.Chip_SWM_MovablePortPinAssign)
    Chip_SWM_MovablePortPinAssign            0x00000fdd   Thumb Code    22  main.o(i.Chip_SWM_MovablePortPinAssign)
    i.Chip_SWM_MovablePortPinAssign          0x00000ff2   Section        0  board.o(i.Chip_SWM_MovablePortPinAssign)
    Chip_SWM_MovablePortPinAssign            0x00000ff3   Thumb Code    10  board.o(i.Chip_SWM_MovablePortPinAssign)
    i.Chip_SYSCTL_AssertPeriphReset          0x00000ffc   Section        0  sysctl_15xx.o(i.Chip_SYSCTL_AssertPeriphReset)
    i.Chip_SYSCTL_DeassertPeriphReset        0x00001020   Section        0  sysctl_15xx.o(i.Chip_SYSCTL_DeassertPeriphReset)
    i.Chip_SYSCTL_PeriphReset                0x00001044   Section        0  uart_15xx.o(i.Chip_SYSCTL_PeriphReset)
    Chip_SYSCTL_PeriphReset                  0x00001045   Thumb Code    18  uart_15xx.o(i.Chip_SYSCTL_PeriphReset)
    i.Chip_SYSCTL_PowerDown                  0x00001058   Section        0  sysctl_15xx.o(i.Chip_SYSCTL_PowerDown)
    i.Chip_SYSCTL_PowerUp                    0x00001074   Section        0  sysctl_15xx.o(i.Chip_SYSCTL_PowerUp)
    i.Chip_SetupXtalClocking                 0x00001090   Section        0  sysinit_15xx.o(i.Chip_SetupXtalClocking)
    i.Chip_UART_Init                         0x000010f0   Section        0  uart_15xx.o(i.Chip_UART_Init)
    i.Chip_UART_Send                         0x00001124   Section        0  uart_15xx.o(i.Chip_UART_Send)
    i.Chip_UART_SendBlocking                 0x00001140   Section        0  uart_15xx.o(i.Chip_UART_SendBlocking)
    i.Chip_UART_SetBaud                      0x00001164   Section        0  uart_15xx.o(i.Chip_UART_SetBaud)
    i.Init_I2C_PinMux                        0x0000117c   Section        0  main.o(i.Init_I2C_PinMux)
    Init_I2C_PinMux                          0x0000117d   Thumb Code    40  main.o(i.Init_I2C_PinMux)
    i.ReadTemp                               0x000011a8   Section        0  main.o(i.ReadTemp)
    i.SetupXferRecAndExecute                 0x0000129c   Section        0  main.o(i.SetupXferRecAndExecute)
    SetupXferRecAndExecute                   0x0000129d   Thumb Code    48  main.o(i.SetupXferRecAndExecute)
    i.SysTick_Handler                        0x000012d4   Section        0  port.o(i.SysTick_Handler)
    i.SystemCoreClockUpdate                  0x000012f4   Section        0  chip_15xx.o(i.SystemCoreClockUpdate)
    i.SystemInit                             0x00001304   Section        0  sysinit.o(i.SystemInit)
    i.__ARM_fpclassify                       0x0000130c   Section        0  fpclassify.o(i.__ARM_fpclassify)
    i.__kernel_poly                          0x00001334   Section        0  poly.o(i.__kernel_poly)
    i.__mathlib_dbl_divzero                  0x000013e0   Section        0  dunder.o(i.__mathlib_dbl_divzero)
    i.__mathlib_dbl_infnan2                  0x000013f0   Section        0  dunder.o(i.__mathlib_dbl_infnan2)
    i.__mathlib_dbl_invalid                  0x000013f4   Section        0  dunder.o(i.__mathlib_dbl_invalid)
    i.__mathlib_dbl_overflow                 0x00001400   Section        0  dunder.o(i.__mathlib_dbl_overflow)
    i.__mathlib_dbl_underflow                0x00001410   Section        0  dunder.o(i.__mathlib_dbl_underflow)
    i.__user_heap_extend                     0x00001420   Section        0  freertoscommonhooks.o(i.__user_heap_extend)
    __tagsym$$used                           0x00001421   Number         0  freertoscommonhooks.o(i.__user_heap_extend)
    i._sys_exit                              0x0000143c   Section        0  board.o(i._sys_exit)
    i.ferror                                 0x00001440   Section        0  board.o(i.ferror)
    i.fputc                                  0x00001446   Section        0  board.o(i.fputc)
    i.getUARTClockID                         0x00001454   Section        0  uart_15xx.o(i.getUARTClockID)
    getUARTClockID                           0x00001455   Thumb Code    24  uart_15xx.o(i.getUARTClockID)
    i.i2c_task                               0x00001474   Section        0  main.o(i.i2c_task)
    i2c_task                                 0x00001475   Thumb Code   156  main.o(i.i2c_task)
    i.main                                   0x00001520   Section        0  main.o(i.main)
    i.masterWrite_subaddress                 0x000015d8   Section        0  main.o(i.masterWrite_subaddress)
    i.master_read                            0x000016a8   Section        0  main.o(i.master_read)
    i.pinmux                                 0x0000177c   Section        0  main.o(i.pinmux)
    pinmux                                   0x0000177d   Thumb Code    48  main.o(i.pinmux)
    i.pow                                    0x000017b0   Section        0  pow.o(i.pow)
    i.prvAddCurrentTaskToDelayedList         0x00002188   Section        0  tasks.o(i.prvAddCurrentTaskToDelayedList)
    prvAddCurrentTaskToDelayedList           0x00002189   Thumb Code    62  tasks.o(i.prvAddCurrentTaskToDelayedList)
    i.prvAllocateTCBAndStack                 0x000021dc   Section        0  tasks.o(i.prvAllocateTCBAndStack)
    prvAllocateTCBAndStack                   0x000021dd   Thumb Code    66  tasks.o(i.prvAllocateTCBAndStack)
    i.prvCheckTasksWaitingTermination        0x00002220   Section        0  tasks.o(i.prvCheckTasksWaitingTermination)
    prvCheckTasksWaitingTermination          0x00002221   Thumb Code    86  tasks.o(i.prvCheckTasksWaitingTermination)
    i.prvDeleteTCB                           0x00002284   Section        0  tasks.o(i.prvDeleteTCB)
    prvDeleteTCB                             0x00002285   Thumb Code    18  tasks.o(i.prvDeleteTCB)
    i.prvIdleTask                            0x00002298   Section        0  tasks.o(i.prvIdleTask)
    prvIdleTask                              0x00002299   Thumb Code    24  tasks.o(i.prvIdleTask)
    i.prvInitialiseTCBVariables              0x000022b4   Section        0  tasks.o(i.prvInitialiseTCBVariables)
    prvInitialiseTCBVariables                0x000022b5   Thumb Code    98  tasks.o(i.prvInitialiseTCBVariables)
    i.prvInitialiseTaskLists                 0x00002318   Section        0  tasks.o(i.prvInitialiseTaskLists)
    prvInitialiseTaskLists                   0x00002319   Thumb Code    70  tasks.o(i.prvInitialiseTaskLists)
    i.prvResetNextTaskUnblockTime            0x00002380   Section        0  tasks.o(i.prvResetNextTaskUnblockTime)
    prvResetNextTaskUnblockTime              0x00002381   Thumb Code    42  tasks.o(i.prvResetNextTaskUnblockTime)
    i.prvSetupHardware                       0x000023b4   Section        0  main.o(i.prvSetupHardware)
    prvSetupHardware                         0x000023b5   Thumb Code    20  main.o(i.prvSetupHardware)
    i.prvTaskExitError                       0x000023c8   Section        0  port.o(i.prvTaskExitError)
    prvTaskExitError                         0x000023c9   Thumb Code     8  port.o(i.prvTaskExitError)
    i.pvPortMalloc                           0x000023d0   Section        0  heap_3.o(i.pvPortMalloc)
    i.pxPortInitialiseStack                  0x000023e8   Section        0  port.o(i.pxPortInitialiseStack)
    i.readPressure                           0x00002408   Section        0  main.o(i.readPressure)
    i.setupI2CMaster                         0x00002798   Section        0  main.o(i.setupI2CMaster)
    setupI2CMaster                           0x00002799   Thumb Code    64  main.o(i.setupI2CMaster)
    i.sqrt                                   0x000027e0   Section        0  sqrt.o(i.sqrt)
    i.uart_init                              0x0000282c   Section        0  main.o(i.uart_init)
    uart_init                                0x0000282d   Thumb Code    70  main.o(i.uart_init)
    i.uxListRemove                           0x00002878   Section        0  list.o(i.uxListRemove)
    i.vApplicationIdleHook                   0x000028a0   Section        0  freertoscommonhooks.o(i.vApplicationIdleHook)
    i.vLEDTask1                              0x000028a4   Section        0  main.o(i.vLEDTask1)
    vLEDTask1                                0x000028a5   Thumb Code    24  main.o(i.vLEDTask1)
    i.vLEDTask2                              0x000028bc   Section        0  main.o(i.vLEDTask2)
    vLEDTask2                                0x000028bd   Thumb Code    24  main.o(i.vLEDTask2)
    i.vListInitialise                        0x000028d4   Section        0  list.o(i.vListInitialise)
    i.vListInitialiseItem                    0x000028ee   Section        0  list.o(i.vListInitialiseItem)
    i.vListInsert                            0x000028f4   Section        0  list.o(i.vListInsert)
    i.vListInsertEnd                         0x00002928   Section        0  list.o(i.vListInsertEnd)
    i.vPortEnterCritical                     0x00002940   Section        0  port.o(i.vPortEnterCritical)
    i.vPortExitCritical                      0x00002960   Section        0  port.o(i.vPortExitCritical)
    i.vPortFree                              0x00002980   Section        0  heap_3.o(i.vPortFree)
    i.vPortSetupTimerInterrupt               0x00002998   Section        0  port.o(i.vPortSetupTimerInterrupt)
    i.vPortYield                             0x000029b8   Section        0  port.o(i.vPortYield)
    i.vTaskDelay                             0x000029d0   Section        0  tasks.o(i.vTaskDelay)
    i.vTaskStartScheduler                    0x00002a24   Section        0  tasks.o(i.vTaskStartScheduler)
    i.vTaskSuspendAll                        0x00002a78   Section        0  tasks.o(i.vTaskSuspendAll)
    i.vTaskSwitchContext                     0x00002a88   Section        0  tasks.o(i.vTaskSwitchContext)
    i.vUARTTask                              0x00002ae8   Section        0  main.o(i.vUARTTask)
    vUARTTask                                0x00002ae9   Thumb Code    24  main.o(i.vUARTTask)
    i.xPortStartScheduler                    0x00002b0c   Section        0  port.o(i.xPortStartScheduler)
    i.xTaskGenericCreate                     0x00002b40   Section        0  tasks.o(i.xTaskGenericCreate)
    i.xTaskIncrementTick                     0x00002c40   Section        0  tasks.o(i.xTaskIncrementTick)
    i.xTaskResumeAll                         0x00002d60   Section        0  tasks.o(i.xTaskResumeAll)
    x$fpl$d2f                                0x00002e3c   Section       98  d2f.o(x$fpl$d2f)
    x$fpl$dadd                               0x00002ea0   Section      336  daddsub_clz.o(x$fpl$dadd)
    _dadd1                                   0x00002eb1   Thumb Code     0  daddsub_clz.o(x$fpl$dadd)
    x$fpl$dcheck1                            0x00002ff0   Section       16  dcheck1.o(x$fpl$dcheck1)
    x$fpl$dcmpinf                            0x00003000   Section       24  dcmpi.o(x$fpl$dcmpinf)
    x$fpl$ddiv                               0x00003018   Section      688  ddiv.o(x$fpl$ddiv)
    ddiv_entry                               0x0000301f   Thumb Code     0  ddiv.o(x$fpl$ddiv)
    x$fpl$dfix                               0x000032c8   Section       94  dfix.o(x$fpl$dfix)
    x$fpl$dflt                               0x00003326   Section       46  dflt_clz.o(x$fpl$dflt)
    x$fpl$dleqf                              0x00003354   Section      120  dleqf.o(x$fpl$dleqf)
    x$fpl$dmul                               0x000033cc   Section      340  dmul.o(x$fpl$dmul)
    x$fpl$dnaninf                            0x00003520   Section      156  dnaninf.o(x$fpl$dnaninf)
    x$fpl$dretinf                            0x000035bc   Section       12  dretinf.o(x$fpl$dretinf)
    x$fpl$drleqf                             0x000035c8   Section      108  drleqf.o(x$fpl$drleqf)
    x$fpl$drsb                               0x00003634   Section       22  daddsub_clz.o(x$fpl$drsb)
    x$fpl$dsqrt                              0x0000364c   Section      460  dsqrt_noumaal.o(x$fpl$dsqrt)
    x$fpl$dsub                               0x00003818   Section      468  daddsub_clz.o(x$fpl$dsub)
    _dsub1                                   0x00003829   Thumb Code     0  daddsub_clz.o(x$fpl$dsub)
    x$fpl$f2d                                0x000039ec   Section       86  f2d.o(x$fpl$f2d)
    x$fpl$fadd                               0x00003a44   Section      196  faddsub_clz.o(x$fpl$fadd)
    _fadd1                                   0x00003a53   Thumb Code     0  faddsub_clz.o(x$fpl$fadd)
    x$fpl$fdiv                               0x00003b08   Section      388  fdiv.o(x$fpl$fdiv)
    _fdiv1                                   0x00003b09   Thumb Code     0  fdiv.o(x$fpl$fdiv)
    x$fpl$ffix                               0x00003c8c   Section       54  ffix.o(x$fpl$ffix)
    x$fpl$ffixu                              0x00003cc4   Section       62  ffixu.o(x$fpl$ffixu)
    x$fpl$fflt                               0x00003d04   Section       48  fflt_clz.o(x$fpl$fflt)
    x$fpl$ffltu                              0x00003d34   Section       38  fflt_clz.o(x$fpl$ffltu)
    x$fpl$fmul                               0x00003d5c   Section      258  fmul.o(x$fpl$fmul)
    x$fpl$fnaninf                            0x00003e5e   Section      140  fnaninf.o(x$fpl$fnaninf)
    x$fpl$fretinf                            0x00003eea   Section       10  fretinf.o(x$fpl$fretinf)
    x$fpl$frsb                               0x00003ef4   Section       20  faddsub_clz.o(x$fpl$frsb)
    x$fpl$fsub                               0x00003f08   Section      234  faddsub_clz.o(x$fpl$fsub)
    _fsub1                                   0x00003f17   Thumb Code     0  faddsub_clz.o(x$fpl$fsub)
    x$fpl$retnan                             0x00003ff2   Section      100  retnan.o(x$fpl$retnan)
    x$fpl$scalbn                             0x00004056   Section       92  scalbn.o(x$fpl$scalbn)
    x$fpl$trapveneer                         0x000040b2   Section       48  trapv.o(x$fpl$trapveneer)
    x$fpl$usenofp                            0x000040e2   Section        0  usenofp.o(x$fpl$usenofp)
    .constdata                               0x000040e4   Section        4  board.o(.constdata)
    .constdata                               0x000040e8   Section        4  board.o(.constdata)
    .constdata                               0x000040ec   Section       21  board.o(.constdata)
    ledpins                                  0x000040ec   Data           3  board.o(.constdata)
    ledports                                 0x000040ef   Data           3  board.o(.constdata)
    portButton                               0x000040f2   Data           5  board.o(.constdata)
    pinButton                                0x000040f7   Data           5  board.o(.constdata)
    stateButton                              0x000040fc   Data           5  board.o(.constdata)
    .constdata                               0x00004104   Section      124  board_sysinit.o(.constdata)
    swmSetup                                 0x00004104   Data           6  board_sysinit.o(.constdata)
    ioconSetup                               0x0000410c   Data         116  board_sysinit.o(.constdata)
    .constdata                               0x00004180   Section      136  pow.o(.constdata)
    bp                                       0x00004180   Data          16  pow.o(.constdata)
    dp_h                                     0x00004190   Data          16  pow.o(.constdata)
    dp_l                                     0x000041a0   Data          16  pow.o(.constdata)
    L                                        0x000041b0   Data          48  pow.o(.constdata)
    P                                        0x000041e0   Data          40  pow.o(.constdata)
    .constdata                               0x00004208   Section        8  qnan.o(.constdata)
    .data                                    0x02000000   Section       73  main.o(.data)
    state                                    0x02000000   Data           4  main.o(.data)
    .data                                    0x0200004c   Section       56  tasks.o(.data)
    pxDelayedTaskList                        0x02000050   Data           4  tasks.o(.data)
    pxOverflowDelayedTaskList                0x02000054   Data           4  tasks.o(.data)
    uxTasksDeleted                           0x02000058   Data           4  tasks.o(.data)
    uxCurrentNumberOfTasks                   0x0200005c   Data           4  tasks.o(.data)
    xTickCount                               0x02000060   Data           4  tasks.o(.data)
    uxTopReadyPriority                       0x02000064   Data           4  tasks.o(.data)
    xSchedulerRunning                        0x02000068   Data           4  tasks.o(.data)
    uxPendedTicks                            0x0200006c   Data           4  tasks.o(.data)
    xYieldPending                            0x02000070   Data           4  tasks.o(.data)
    xNumOfOverflows                          0x02000074   Data           4  tasks.o(.data)
    uxTaskNumber                             0x02000078   Data           4  tasks.o(.data)
    xNextTaskUnblockTime                     0x0200007c   Data           4  tasks.o(.data)
    uxSchedulerSuspended                     0x02000080   Data           4  tasks.o(.data)
    .data                                    0x02000084   Section        4  port.o(.data)
    uxCriticalNesting                        0x02000084   Data           4  port.o(.data)
    .data                                    0x02000088   Section        4  board.o(.data)
    .data                                    0x0200008c   Section        4  chip_15xx.o(.data)
    .bss                                     0x02000090   Section       16  main.o(.bss)
    i2cmXferRec                              0x02000090   Data          16  main.o(.bss)
    .bss                                     0x020000a0   Section      260  tasks.o(.bss)
    pxReadyTasksLists                        0x020000a0   Data         160  tasks.o(.bss)
    xDelayedTaskList1                        0x02000140   Data          20  tasks.o(.bss)
    xDelayedTaskList2                        0x02000154   Data          20  tasks.o(.bss)
    xPendingReadyList                        0x02000168   Data          20  tasks.o(.bss)
    xTasksWaitingTermination                 0x0200017c   Data          20  tasks.o(.bss)
    xSuspendedTaskList                       0x02000190   Data          20  tasks.o(.bss)
    .bss                                     0x020001a4   Section    24576  freertoscommonhooks.o(.bss)
    extra_heap                               0x020001a4   Data       24576  freertoscommonhooks.o(.bss)
    .bss                                     0x020061a4   Section       96  libspace.o(.bss)
    HEAP                                     0x02006208   Section      256  keil_startup_lpc15xx.o(HEAP)
    Heap_Mem                                 0x02006208   Data         256  keil_startup_lpc15xx.o(HEAP)
    STACK                                    0x02006308   Section      512  keil_startup_lpc15xx.o(STACK)
    Stack_Mem                                0x02006308   Data         512  keil_startup_lpc15xx.o(STACK)
    __initial_sp                             0x02006508   Data           0  keil_startup_lpc15xx.o(STACK)

    Global Symbols

    Symbol Name                              Value     Ov Type        Size  Object(Section)

    BuildAttributes$$THM_ISAv4$P$D$K$B$S$PE$A:L22UL41UL21$X:L11$S22US41US21$IEEE1$IW$USESV6$~STKCKD$USESV7$~SHL$OTIME$ROPI$IEEEX$EBA8$UX$STANDARDLIB$REQ8$PRES8$EABIv2 0x00000000   Number         0  anon$$obj.o ABSOLUTE
    __ARM_use_no_argv                        0x00000000   Number         0  main.o ABSOLUTE
    __Vectors                                0x00000000   Data           4  keil_startup_lpc15xx.o(RESET)
    __ARM_exceptions_init                     - Undefined Weak Reference
    __alloca_initialize                       - Undefined Weak Reference
    __arm_preinit_                            - Undefined Weak Reference
    __cpp_initialize__aeabi_                  - Undefined Weak Reference
    __cxa_finalize                            - Undefined Weak Reference
    __rt_locale                               - Undefined Weak Reference
    __sigvec_lookup                           - Undefined Weak Reference
    __user_heap_extent                        - Undefined Weak Reference
    _atexit_init                              - Undefined Weak Reference
    _call_atexit_fns                          - Undefined Weak Reference
    _clock_init                               - Undefined Weak Reference
    _fp_trap_init                             - Undefined Weak Reference
    _fp_trap_shutdown                         - Undefined Weak Reference
    _get_lc_collate                           - Undefined Weak Reference
    _get_lc_ctype                             - Undefined Weak Reference
    _get_lc_monetary                          - Undefined Weak Reference
    _get_lc_numeric                           - Undefined Weak Reference
    _get_lc_time                              - Undefined Weak Reference
    _getenv_init                              - Undefined Weak Reference
    _handle_redirection                       - Undefined Weak Reference
    _initio                                   - Undefined Weak Reference
    _mutex_acquire                            - Undefined Weak Reference
    _mutex_free                               - Undefined Weak Reference
    _mutex_release                            - Undefined Weak Reference
    _printf_post_padding                      - Undefined Weak Reference
    _printf_pre_padding                       - Undefined Weak Reference
    _printf_truncate_signed                   - Undefined Weak Reference
    _printf_truncate_unsigned                 - Undefined Weak Reference
    _rand_init                                - Undefined Weak Reference
    _signal_finish                            - Undefined Weak Reference
    _signal_init                              - Undefined Weak Reference
    _terminateio                              - Undefined Weak Reference
    __main                                   0x000000fd   Thumb Code     8  __main.o(!!!main)
    __scatterload                            0x00000105   Thumb Code     0  __scatter.o(!!!scatter)
    __scatterload_rt2                        0x00000105   Thumb Code    44  __scatter.o(!!!scatter)
    __scatterload_rt2_thumb_only             0x00000105   Thumb Code     0  __scatter.o(!!!scatter)
    __scatterload_null                       0x00000113   Thumb Code     0  __scatter.o(!!!scatter)
    __scatterload_copy                       0x00000139   Thumb Code    26  __scatter_copy.o(!!handler_copy)
    __scatterload_zeroinit                   0x00000155   Thumb Code    28  __scatter_zi.o(!!handler_zi)
    _printf_d                                0x00000171   Thumb Code     0  _printf_d.o(.ARM.Collect$$_printf_percent$$00000009)
    _printf_percent                          0x00000171   Thumb Code     0  _printf_percent.o(.ARM.Collect$$_printf_percent$$00000000)
    _printf_percent_end                      0x00000177   Thumb Code     0  _printf_percent_end.o(.ARM.Collect$$_printf_percent$$00000017)
    __rt_lib_init                            0x0000017b   Thumb Code     0  libinit.o(.ARM.Collect$$libinit$$00000000)
    __rt_lib_init_fp_1                       0x0000017d   Thumb Code     0  libinit2.o(.ARM.Collect$$libinit$$00000002)
    __rt_lib_init_heap_2                     0x0000017d   Thumb Code     0  libinit2.o(.ARM.Collect$$libinit$$00000005)
    __rt_lib_init_preinit_1                  0x0000017d   Thumb Code     0  libinit2.o(.ARM.Collect$$libinit$$00000004)
    __rt_lib_init_alloca_1                   0x00000185   Thumb Code     0  libinit2.o(.ARM.Collect$$libinit$$0000002E)
    __rt_lib_init_argv_1                     0x00000185   Thumb Code     0  libinit2.o(.ARM.Collect$$libinit$$0000002C)
    __rt_lib_init_atexit_1                   0x00000185   Thumb Code     0  libinit2.o(.ARM.Collect$$libinit$$0000001B)
    __rt_lib_init_clock_1                    0x00000185   Thumb Code     0  libinit2.o(.ARM.Collect$$libinit$$00000021)
    __rt_lib_init_cpp_1                      0x00000185   Thumb Code     0  libinit2.o(.ARM.Collect$$libinit$$00000032)
    __rt_lib_init_exceptions_1               0x00000185   Thumb Code     0  libinit2.o(.ARM.Collect$$libinit$$00000030)
    __rt_lib_init_fp_trap_1                  0x00000185   Thumb Code     0  libinit2.o(.ARM.Collect$$libinit$$0000001F)
    __rt_lib_init_getenv_1                   0x00000185   Thumb Code     0  libinit2.o(.ARM.Collect$$libinit$$00000023)
    __rt_lib_init_heap_1                     0x00000185   Thumb Code     0  libinit2.o(.ARM.Collect$$libinit$$0000000A)
    __rt_lib_init_lc_collate_1               0x00000185   Thumb Code     0  libinit2.o(.ARM.Collect$$libinit$$00000011)
    __rt_lib_init_lc_ctype_1                 0x00000185   Thumb Code     0  libinit2.o(.ARM.Collect$$libinit$$00000013)
    __rt_lib_init_lc_monetary_1              0x00000185   Thumb Code     0  libinit2.o(.ARM.Collect$$libinit$$00000015)
    __rt_lib_init_lc_numeric_1               0x00000185   Thumb Code     0  libinit2.o(.ARM.Collect$$libinit$$00000017)
    __rt_lib_init_lc_time_1                  0x00000185   Thumb Code     0  libinit2.o(.ARM.Collect$$libinit$$00000019)
    __rt_lib_init_rand_1                     0x00000185   Thumb Code     0  libinit2.o(.ARM.Collect$$libinit$$0000000E)
    __rt_lib_init_return                     0x00000185   Thumb Code     0  libinit2.o(.ARM.Collect$$libinit$$00000033)
    __rt_lib_init_signal_1                   0x00000185   Thumb Code     0  libinit2.o(.ARM.Collect$$libinit$$0000001D)
    __rt_lib_init_stdio_1                    0x00000185   Thumb Code     0  libinit2.o(.ARM.Collect$$libinit$$00000025)
    __rt_lib_init_user_alloc_1               0x00000185   Thumb Code     0  libinit2.o(.ARM.Collect$$libinit$$0000000C)
    __rt_lib_shutdown                        0x00000187   Thumb Code     0  libshutdown.o(.ARM.Collect$$libshutdown$$00000000)
    __rt_lib_shutdown_cpp_1                  0x00000189   Thumb Code     0  libshutdown2.o(.ARM.Collect$$libshutdown$$00000002)
    __rt_lib_shutdown_fp_trap_1              0x00000189   Thumb Code     0  libshutdown2.o(.ARM.Collect$$libshutdown$$00000007)
    __rt_lib_shutdown_heap_1                 0x00000189   Thumb Code     0  libshutdown2.o(.ARM.Collect$$libshutdown$$0000000F)
    __rt_lib_shutdown_return                 0x00000189   Thumb Code     0  libshutdown2.o(.ARM.Collect$$libshutdown$$00000010)
    __rt_lib_shutdown_signal_1               0x00000189   Thumb Code     0  libshutdown2.o(.ARM.Collect$$libshutdown$$0000000A)
    __rt_lib_shutdown_stdio_1                0x00000189   Thumb Code     0  libshutdown2.o(.ARM.Collect$$libshutdown$$00000004)
    __rt_lib_shutdown_user_alloc_1           0x00000189   Thumb Code     0  libshutdown2.o(.ARM.Collect$$libshutdown$$0000000C)
    __rt_entry                               0x0000018b   Thumb Code     0  __rtentry.o(.ARM.Collect$$rtentry$$00000000)
    __rt_entry_presh_1                       0x0000018b   Thumb Code     0  __rtentry2.o(.ARM.Collect$$rtentry$$00000002)
    __rt_entry_sh                            0x0000018b   Thumb Code     0  __rtentry4.o(.ARM.Collect$$rtentry$$00000004)
    __rt_entry_li                            0x00000191   Thumb Code     0  __rtentry2.o(.ARM.Collect$$rtentry$$0000000A)
    __rt_entry_postsh_1                      0x00000191   Thumb Code     0  __rtentry2.o(.ARM.Collect$$rtentry$$00000009)
    __rt_entry_main                          0x00000195   Thumb Code     0  __rtentry2.o(.ARM.Collect$$rtentry$$0000000D)
    __rt_entry_postli_1                      0x00000195   Thumb Code     0  __rtentry2.o(.ARM.Collect$$rtentry$$0000000C)
    __rt_exit                                0x0000019d   Thumb Code     0  rtexit.o(.ARM.Collect$$rtexit$$00000000)
    __rt_exit_ls                             0x0000019f   Thumb Code     0  rtexit2.o(.ARM.Collect$$rtexit$$00000003)
    __rt_exit_prels_1                        0x0000019f   Thumb Code     0  rtexit2.o(.ARM.Collect$$rtexit$$00000002)
    __rt_exit_exit                           0x000001a3   Thumb Code     0  rtexit2.o(.ARM.Collect$$rtexit$$00000004)
    SVC_Handler                              0x000001a9   Thumb Code    32  port.o(.emb_text)
    __asm___6_port_c_39a90d8d__prvStartFirstTask 0x000001cd   Thumb Code    28  port.o(.emb_text)
    PendSV_Handler                           0x000001ed   Thumb Code    64  port.o(.emb_text)
    ulPortSetInterruptMask                   0x00000231   Thumb Code    14  port.o(.emb_text)
    vPortClearInterruptMask                  0x0000023f   Thumb Code     6  port.o(.emb_text)
    vPortGetIPSR                             0x00000245   Thumb Code     6  port.o(.emb_text)
    Reset_Handler                            0x0000024d   Thumb Code     8  keil_startup_lpc15xx.o(.text)
    _maybe_terminate_alloc                   0x0000024d   Thumb Code     0  maybetermalloc1.o(.emb_text)
    NMI_Handler                              0x00000255   Thumb Code     2  keil_startup_lpc15xx.o(.text)
    HardFault_Handler                        0x00000257   Thumb Code     2  keil_startup_lpc15xx.o(.text)
    Reserved_IRQHandler                      0x0000025f   Thumb Code     2  keil_startup_lpc15xx.o(.text)
    ACMP0_IRQHandler                         0x00000261   Thumb Code     0  keil_startup_lpc15xx.o(.text)
    ACMP1_IRQHandler                         0x00000261   Thumb Code     0  keil_startup_lpc15xx.o(.text)
    ACMP2_IRQHandler                         0x00000261   Thumb Code     0  keil_startup_lpc15xx.o(.text)
    ACMP3_IRQHandler                         0x00000261   Thumb Code     0  keil_startup_lpc15xx.o(.text)
    ADC0A_IRQHandler                         0x00000261   Thumb Code     0  keil_startup_lpc15xx.o(.text)
    ADC0B_IRQHandler                         0x00000261   Thumb Code     0  keil_startup_lpc15xx.o(.text)
    ADC0_OVR_IRQHandler                      0x00000261   Thumb Code     0  keil_startup_lpc15xx.o(.text)
    ADC0_THCMP_IRQHandler                    0x00000261   Thumb Code     0  keil_startup_lpc15xx.o(.text)
    ADC1A_IRQHandler                         0x00000261   Thumb Code     0  keil_startup_lpc15xx.o(.text)
    ADC1B_IRQHandler                         0x00000261   Thumb Code     0  keil_startup_lpc15xx.o(.text)
    ADC1_OVR_IRQHandler                      0x00000261   Thumb Code     0  keil_startup_lpc15xx.o(.text)
    ADC1_THCMP_IRQHandler                    0x00000261   Thumb Code     0  keil_startup_lpc15xx.o(.text)
    BOD_IRQHandler                           0x00000261   Thumb Code     0  keil_startup_lpc15xx.o(.text)
    CAN_IRQHandler                           0x00000261   Thumb Code     0  keil_startup_lpc15xx.o(.text)
    DAC_IRQHandler                           0x00000261   Thumb Code     0  keil_startup_lpc15xx.o(.text)
    DMA_IRQHandler                           0x00000261   Thumb Code     0  keil_startup_lpc15xx.o(.text)
    EEPROM_IRQHandler                        0x00000261   Thumb Code     0  keil_startup_lpc15xx.o(.text)
    FMC_IRQHandler                           0x00000261   Thumb Code     0  keil_startup_lpc15xx.o(.text)
    GINT0_IRQHandler                         0x00000261   Thumb Code     0  keil_startup_lpc15xx.o(.text)
    GINT1_IRQHandler                         0x00000261   Thumb Code     0  keil_startup_lpc15xx.o(.text)
    I2C0_IRQHandler                          0x00000261   Thumb Code     0  keil_startup_lpc15xx.o(.text)
    MRT_IRQHandler                           0x00000261   Thumb Code     0  keil_startup_lpc15xx.o(.text)
    PIN_INT0_IRQHandler                      0x00000261   Thumb Code     0  keil_startup_lpc15xx.o(.text)
    PIN_INT1_IRQHandler                      0x00000261   Thumb Code     0  keil_startup_lpc15xx.o(.text)
    PIN_INT2_IRQHandler                      0x00000261   Thumb Code     0  keil_startup_lpc15xx.o(.text)
    PIN_INT3_IRQHandler                      0x00000261   Thumb Code     0  keil_startup_lpc15xx.o(.text)
    PIN_INT4_IRQHandler                      0x00000261   Thumb Code     0  keil_startup_lpc15xx.o(.text)
    PIN_INT5_IRQHandler                      0x00000261   Thumb Code     0  keil_startup_lpc15xx.o(.text)
    PIN_INT6_IRQHandler                      0x00000261   Thumb Code     0  keil_startup_lpc15xx.o(.text)
    PIN_INT7_IRQHandler                      0x00000261   Thumb Code     0  keil_startup_lpc15xx.o(.text)
    QEI_IRQHandler                           0x00000261   Thumb Code     0  keil_startup_lpc15xx.o(.text)
    RIT_IRQHandler                           0x00000261   Thumb Code     0  keil_startup_lpc15xx.o(.text)
    RTC_ALARM_IRQHandler                     0x00000261   Thumb Code     0  keil_startup_lpc15xx.o(.text)
    RTC_WAKE_IRQHandler                      0x00000261   Thumb Code     0  keil_startup_lpc15xx.o(.text)
    SCT0_IRQHandler                          0x00000261   Thumb Code     0  keil_startup_lpc15xx.o(.text)
    SCT1_IRQHandler                          0x00000261   Thumb Code     0  keil_startup_lpc15xx.o(.text)
    SCT2_IRQHandler                          0x00000261   Thumb Code     0  keil_startup_lpc15xx.o(.text)
    SCT3_IRQHandler                          0x00000261   Thumb Code     0  keil_startup_lpc15xx.o(.text)
    SPI0_IRQHandler                          0x00000261   Thumb Code     0  keil_startup_lpc15xx.o(.text)
    SPI1_IRQHandler                          0x00000261   Thumb Code     0  keil_startup_lpc15xx.o(.text)
    UART0_IRQHandler                         0x00000261   Thumb Code     0  keil_startup_lpc15xx.o(.text)
    UART1_IRQHandler                         0x00000261   Thumb Code     0  keil_startup_lpc15xx.o(.text)
    UART2_IRQHandler                         0x00000261   Thumb Code     0  keil_startup_lpc15xx.o(.text)
    USBWakeup_IRQHandler                     0x00000261   Thumb Code     0  keil_startup_lpc15xx.o(.text)
    USB_FIQHandler                           0x00000261   Thumb Code     0  keil_startup_lpc15xx.o(.text)
    USB_IRQHandler                           0x00000261   Thumb Code     0  keil_startup_lpc15xx.o(.text)
    WDT_IRQHandler                           0x00000261   Thumb Code     0  keil_startup_lpc15xx.o(.text)
    __user_initial_stackheap                 0x00000265   Thumb Code     0  keil_startup_lpc15xx.o(.text)
    malloc                                   0x00000289   Thumb Code    94  h1_alloc.o(.text)
    abort                                    0x000002e7   Thumb Code    22  abort.o(.text)
    free                                     0x00000301   Thumb Code    78  h1_free.o(.text)
    __aeabi_uldivmod                         0x0000034f   Thumb Code     0  lludivv7m.o(.text)
    _ll_udiv                                 0x0000034f   Thumb Code   238  lludivv7m.o(.text)
    __2printf                                0x0000043d   Thumb Code    20  noretval__2printf.o(.text)
    __printf                                 0x00000455   Thumb Code   104  __printf.o(.text)
    _printf_int_dec                          0x000004bd   Thumb Code   104  _printf_dec.o(.text)
    __aeabi_memset                           0x00000535   Thumb Code    16  aeabi_memset.o(.text)
    __use_two_region_memory                  0x00000545   Thumb Code     2  heapauxi.o(.text)
    __rt_heap_escrow$2region                 0x00000547   Thumb Code     2  heapauxi.o(.text)
    __rt_heap_expand$2region                 0x00000549   Thumb Code     2  heapauxi.o(.text)
    __rt_heap_descriptor                     0x0000054d   Thumb Code     8  rt_heap_descriptor_intlibspace.o(.text)
    __use_no_heap                            0x00000555   Thumb Code     2  hguard.o(.text)
    __heap$guard                             0x00000557   Thumb Code     2  hguard.o(.text)
    _terminate_user_alloc                    0x00000559   Thumb Code     2  init_alloc.o(.text)
    _init_user_alloc                         0x0000055b   Thumb Code     2  init_alloc.o(.text)
    __Heap_Full                              0x0000055d   Thumb Code    34  init_alloc.o(.text)
    __Heap_Broken                            0x0000057f   Thumb Code     6  init_alloc.o(.text)
    _init_alloc                              0x00000585   Thumb Code    94  init_alloc.o(.text)
    __Heap_Initialize                        0x000005e3   Thumb Code    10  h1_init.o(.text)
    __Heap_DescSize                          0x000005ed   Thumb Code     4  h1_init.o(.text)
    __read_errno                             0x000005f1   Thumb Code    10  _rserrno.o(.text)
    __set_errno                              0x000005fb   Thumb Code    12  _rserrno.o(.text)
    _printf_int_common                       0x00000607   Thumb Code   178  _printf_intcommon.o(.text)
    _printf_char_file                        0x000006b9   Thumb Code    32  _printf_char_file.o(.text)
    __rt_SIGABRT                             0x000006dd   Thumb Code    14  defsig_abrt_outer.o(.text)
    __aeabi_memclr                           0x000006eb   Thumb Code     0  rt_memclr.o(.text)
    __rt_memclr                              0x000006eb   Thumb Code    68  rt_memclr.o(.text)
    _memset                                  0x000006ef   Thumb Code     0  rt_memclr.o(.text)
    __user_libspace                          0x00000731   Thumb Code     8  libspace.o(.text)
    __user_perproc_libspace                  0x00000731   Thumb Code     0  libspace.o(.text)
    __user_perthread_libspace                0x00000731   Thumb Code     0  libspace.o(.text)
    __aeabi_errno_addr                       0x00000739   Thumb Code     8  rt_errno_addr_intlibspace.o(.text)
    __errno$intlibspace                      0x00000739   Thumb Code     0  rt_errno_addr_intlibspace.o(.text)
    __rt_errno_addr$intlibspace              0x00000739   Thumb Code     0  rt_errno_addr_intlibspace.o(.text)
    __Heap_ProvideMemory                     0x00000741   Thumb Code    52  h1_extend.o(.text)
    _printf_char_common                      0x0000077f   Thumb Code    32  _printf_char_common.o(.text)
    __sig_exit                               0x000007a5   Thumb Code    10  defsig_exit.o(.text)
    __rt_SIGABRT_inner                       0x000007b1   Thumb Code    14  defsig_abrt_inner.o(.text)
    __rt_SIGRTMEM                            0x000007e1   Thumb Code    14  defsig_rtmem_outer.o(.text)
    __aeabi_memclr4                          0x000007ef   Thumb Code     0  rt_memclr_w.o(.text)
    __aeabi_memclr8                          0x000007ef   Thumb Code     0  rt_memclr_w.o(.text)
    __rt_memclr_w                            0x000007ef   Thumb Code    78  rt_memclr_w.o(.text)
    _memset_w                                0x000007f3   Thumb Code     0  rt_memclr_w.o(.text)
    __rt_heap_escrow                         0x0000083d   Thumb Code     2  heapauxiu.o(.text)
    __rt_heap_expand                         0x0000083f   Thumb Code     8  heapauxiu.o(.text)
    __I$use$semihosting                      0x00000847   Thumb Code     0  use_no_semi.o(.text)
    __use_no_semihosting_swi                 0x00000847   Thumb Code     2  use_no_semi.o(.text)
    __semihosting_library_function           0x00000849   Thumb Code     0  indicate_semi.o(.text)
    __user_setup_stackheap                   0x00000849   Thumb Code    74  sys_stackheap_outer.o(.text)
    exit                                     0x00000893   Thumb Code    18  exit.o(.text)
    __default_signal_display                 0x000008a5   Thumb Code    50  defsig_general.o(.text)
    __rt_SIGRTMEM_inner                      0x000008d9   Thumb Code    22  defsig_rtmem_inner.o(.text)
    _ttywrch                                 0x00000929   Thumb Code    14  sys_wrch.o(.text)
    BMPInit                                  0x00000939   Thumb Code   286  main.o(i.BMPInit)
    Board_Debug_Init                         0x00000aad   Thumb Code    88  board.o(i.Board_Debug_Init)
    Board_Init                               0x00000b0d   Thumb Code    68  board.o(i.Board_Init)
    Board_LED_Set                            0x00000b55   Thumb Code    32  board.o(i.Board_LED_Set)
    Board_SetupClocking                      0x00000b79   Thumb Code    50  board_sysinit.o(i.Board_SetupClocking)
    Board_SetupMuxing                        0x00000bb1   Thumb Code    72  board_sysinit.o(i.Board_SetupMuxing)
    Board_SystemInit                         0x00000c01   Thumb Code    20  board_sysinit.o(i.Board_SystemInit)
    Board_UARTPutChar                        0x00000c19   Thumb Code    14  board.o(i.Board_UARTPutChar)
    Chip_Clock_EnablePeriphClock             0x00000c2d   Thumb Code    28  clock_15xx.o(i.Chip_Clock_EnablePeriphClock)
    Chip_Clock_GetMainClockRate              0x00000c4d   Thumb Code    20  clock_15xx.o(i.Chip_Clock_GetMainClockRate)
    Chip_Clock_GetMain_A_ClockRate           0x00000c65   Thumb Code    36  clock_15xx.o(i.Chip_Clock_GetMain_A_ClockRate)
    Chip_Clock_GetMain_B_ClockRate           0x00000c99   Thumb Code    44  clock_15xx.o(i.Chip_Clock_GetMain_B_ClockRate)
    Chip_Clock_GetSystemClockRate            0x00000cf9   Thumb Code    18  clock_15xx.o(i.Chip_Clock_GetSystemClockRate)
    Chip_Clock_GetSystemPLLInClockRate       0x00000d11   Thumb Code    10  clock_15xx.o(i.Chip_Clock_GetSystemPLLInClockRate)
    Chip_Clock_GetSystemPLLOutClockRate      0x00000d21   Thumb Code    22  clock_15xx.o(i.Chip_Clock_GetSystemPLLOutClockRate)
    Chip_Clock_GetUARTBaseClockRate          0x00000d3d   Thumb Code    60  clock_15xx.o(i.Chip_Clock_GetUARTBaseClockRate)
    Chip_Clock_SetMainClockSource            0x00000d7d   Thumb Code    26  clock_15xx.o(i.Chip_Clock_SetMainClockSource)
    Chip_Clock_SetUARTBaseClockRate          0x00000d9d   Thumb Code    76  clock_15xx.o(i.Chip_Clock_SetUARTBaseClockRate)
    Chip_GPIO_Init                           0x00000e09   Thumb Code    44  gpio_15xx.o(i.Chip_GPIO_Init)
    Chip_I2CM_SetBusSpeed                    0x00000e35   Thumb Code    50  i2cm_15xx.o(i.Chip_I2CM_SetBusSpeed)
    Chip_I2CM_Xfer                           0x00000e6b   Thumb Code    34  i2cm_15xx.o(i.Chip_I2CM_Xfer)
    Chip_I2CM_XferBlocking                   0x00000e8d   Thumb Code    32  i2cm_15xx.o(i.Chip_I2CM_XferBlocking)
    Chip_I2CM_XferHandler                    0x00000ead   Thumb Code   160  i2cm_15xx.o(i.Chip_I2CM_XferHandler)
    Chip_I2C_Init                            0x00000f4d   Thumb Code    26  i2c_common_15xx.o(i.Chip_I2C_Init)
    Chip_IOCON_SetPinMuxing                  0x00000f75   Thumb Code    36  iocon_15xx.o(i.Chip_IOCON_SetPinMuxing)
    Chip_SWM_EnableFixedPin                  0x00000f99   Thumb Code    28  swm_15xx.o(i.Chip_SWM_EnableFixedPin)
    Chip_SWM_MovablePinAssign                0x00000fb9   Thumb Code    30  swm_15xx.o(i.Chip_SWM_MovablePinAssign)
    Chip_SYSCTL_AssertPeriphReset            0x00000ffd   Thumb Code    30  sysctl_15xx.o(i.Chip_SYSCTL_AssertPeriphReset)
    Chip_SYSCTL_DeassertPeriphReset          0x00001021   Thumb Code    30  sysctl_15xx.o(i.Chip_SYSCTL_DeassertPeriphReset)
    Chip_SYSCTL_PowerDown                    0x00001059   Thumb Code    20  sysctl_15xx.o(i.Chip_SYSCTL_PowerDown)
    Chip_SYSCTL_PowerUp                      0x00001075   Thumb Code    20  sysctl_15xx.o(i.Chip_SYSCTL_PowerUp)
    Chip_SetupXtalClocking                   0x00001091   Thumb Code    92  sysinit_15xx.o(i.Chip_SetupXtalClocking)
    Chip_UART_Init                           0x000010f1   Thumb Code    42  uart_15xx.o(i.Chip_UART_Init)
    Chip_UART_Send                           0x00001125   Thumb Code    28  uart_15xx.o(i.Chip_UART_Send)
    Chip_UART_SendBlocking                   0x00001141   Thumb Code    36  uart_15xx.o(i.Chip_UART_SendBlocking)
    Chip_UART_SetBaud                        0x00001165   Thumb Code    22  uart_15xx.o(i.Chip_UART_SetBaud)
    ReadTemp                                 0x000011a9   Thumb Code   184  main.o(i.ReadTemp)
    SysTick_Handler                          0x000012d5   Thumb Code    28  port.o(i.SysTick_Handler)
    SystemCoreClockUpdate                    0x000012f5   Thumb Code    12  chip_15xx.o(i.SystemCoreClockUpdate)
    SystemInit                               0x00001305   Thumb Code     8  sysinit.o(i.SystemInit)
    __ARM_fpclassify                         0x0000130d   Thumb Code    40  fpclassify.o(i.__ARM_fpclassify)
    __kernel_poly                            0x00001335   Thumb Code   170  poly.o(i.__kernel_poly)
    __mathlib_dbl_divzero                    0x000013e1   Thumb Code    12  dunder.o(i.__mathlib_dbl_divzero)
    __mathlib_dbl_infnan2                    0x000013f1   Thumb Code     4  dunder.o(i.__mathlib_dbl_infnan2)
    __mathlib_dbl_invalid                    0x000013f5   Thumb Code    12  dunder.o(i.__mathlib_dbl_invalid)
    __mathlib_dbl_overflow                   0x00001401   Thumb Code    14  dunder.o(i.__mathlib_dbl_overflow)
    __mathlib_dbl_underflow                  0x00001411   Thumb Code    10  dunder.o(i.__mathlib_dbl_underflow)
    __user_heap_extend                       0x00001421   Thumb Code    22  freertoscommonhooks.o(i.__user_heap_extend)
    _sys_exit                                0x0000143d   Thumb Code     4  board.o(i._sys_exit)
    ferror                                   0x00001441   Thumb Code     6  board.o(i.ferror)
    fputc                                    0x00001447   Thumb Code    12  board.o(i.fputc)
    main                                     0x00001521   Thumb Code   120  main.o(i.main)
    masterWrite_subaddress                   0x000015d9   Thumb Code   202  main.o(i.masterWrite_subaddress)
    master_read                              0x000016a9   Thumb Code   206  main.o(i.master_read)
    pow                                      0x000017b1   Thumb Code  2512  pow.o(i.pow)
    pvPortMalloc                             0x000023d1   Thumb Code    24  heap_3.o(i.pvPortMalloc)
    pxPortInitialiseStack                    0x000023e9   Thumb Code    26  port.o(i.pxPortInitialiseStack)
    readPressure                             0x00002409   Thumb Code   820  main.o(i.readPressure)
    sqrt                                     0x000027e1   Thumb Code    76  sqrt.o(i.sqrt)
    uxListRemove                             0x00002879   Thumb Code    40  list.o(i.uxListRemove)
    vApplicationIdleHook                     0x000028a1   Thumb Code     4  freertoscommonhooks.o(i.vApplicationIdleHook)
    vListInitialise                          0x000028d5   Thumb Code    26  list.o(i.vListInitialise)
    vListInitialiseItem                      0x000028ef   Thumb Code     6  list.o(i.vListInitialiseItem)
    vListInsert                              0x000028f5   Thumb Code    52  list.o(i.vListInsert)
    vListInsertEnd                           0x00002929   Thumb Code    24  list.o(i.vListInsertEnd)
    vPortEnterCritical                       0x00002941   Thumb Code    26  port.o(i.vPortEnterCritical)
    vPortExitCritical                        0x00002961   Thumb Code    26  port.o(i.vPortExitCritical)
    vPortFree                                0x00002981   Thumb Code    22  heap_3.o(i.vPortFree)
    vPortSetupTimerInterrupt                 0x00002999   Thumb Code    26  port.o(i.vPortSetupTimerInterrupt)
    vPortYield                               0x000029b9   Thumb Code    18  port.o(i.vPortYield)
    vTaskDelay                               0x000029d1   Thumb Code    72  tasks.o(i.vTaskDelay)
    vTaskStartScheduler                      0x00002a25   Thumb Code    58  tasks.o(i.vTaskStartScheduler)
    vTaskSuspendAll                          0x00002a79   Thumb Code    12  tasks.o(i.vTaskSuspendAll)
    vTaskSwitchContext                       0x00002a89   Thumb Code    76  tasks.o(i.vTaskSwitchContext)
    xPortStartScheduler                      0x00002b0d   Thumb Code    42  port.o(i.xPortStartScheduler)
    xTaskGenericCreate                       0x00002b41   Thumb Code   232  tasks.o(i.xTaskGenericCreate)
    xTaskIncrementTick                       0x00002c41   Thumb Code   242  tasks.o(i.xTaskIncrementTick)
    xTaskResumeAll                           0x00002d61   Thumb Code   186  tasks.o(i.xTaskResumeAll)
    __aeabi_d2f                              0x00002e3d   Thumb Code     0  d2f.o(x$fpl$d2f)
    _d2f                                     0x00002e3d   Thumb Code    98  d2f.o(x$fpl$d2f)
    __aeabi_dadd                             0x00002ea1   Thumb Code     0  daddsub_clz.o(x$fpl$dadd)
    _dadd                                    0x00002ea1   Thumb Code   332  daddsub_clz.o(x$fpl$dadd)
    __fpl_dcheck_NaN1                        0x00002ff1   Thumb Code    10  dcheck1.o(x$fpl$dcheck1)
    __fpl_dcmp_Inf                           0x00003001   Thumb Code    24  dcmpi.o(x$fpl$dcmpinf)
    __aeabi_ddiv                             0x00003019   Thumb Code     0  ddiv.o(x$fpl$ddiv)
    _ddiv                                    0x00003019   Thumb Code   552  ddiv.o(x$fpl$ddiv)
    __aeabi_d2iz                             0x000032c9   Thumb Code     0  dfix.o(x$fpl$dfix)
    _dfix                                    0x000032c9   Thumb Code    94  dfix.o(x$fpl$dfix)
    __aeabi_i2d                              0x00003327   Thumb Code     0  dflt_clz.o(x$fpl$dflt)
    _dflt                                    0x00003327   Thumb Code    46  dflt_clz.o(x$fpl$dflt)
    __aeabi_cdcmple                          0x00003355   Thumb Code     0  dleqf.o(x$fpl$dleqf)
    _dcmple                                  0x00003355   Thumb Code   120  dleqf.o(x$fpl$dleqf)
    __fpl_dcmple_InfNaN                      0x000033b7   Thumb Code     0  dleqf.o(x$fpl$dleqf)
    __aeabi_dmul                             0x000033cd   Thumb Code     0  dmul.o(x$fpl$dmul)
    _dmul                                    0x000033cd   Thumb Code   332  dmul.o(x$fpl$dmul)
    __fpl_dnaninf                            0x00003521   Thumb Code   156  dnaninf.o(x$fpl$dnaninf)
    __fpl_dretinf                            0x000035bd   Thumb Code    12  dretinf.o(x$fpl$dretinf)
    __aeabi_cdrcmple                         0x000035c9   Thumb Code     0  drleqf.o(x$fpl$drleqf)
    _drcmple                                 0x000035c9   Thumb Code   108  drleqf.o(x$fpl$drleqf)
    __aeabi_drsub                            0x00003635   Thumb Code     0  daddsub_clz.o(x$fpl$drsb)
    _drsb                                    0x00003635   Thumb Code    22  daddsub_clz.o(x$fpl$drsb)
    _dsqrt                                   0x0000364d   Thumb Code   456  dsqrt_noumaal.o(x$fpl$dsqrt)
    __aeabi_dsub                             0x00003819   Thumb Code     0  daddsub_clz.o(x$fpl$dsub)
    _dsub                                    0x00003819   Thumb Code   464  daddsub_clz.o(x$fpl$dsub)
    __aeabi_f2d                              0x000039ed   Thumb Code     0  f2d.o(x$fpl$f2d)
    _f2d                                     0x000039ed   Thumb Code    86  f2d.o(x$fpl$f2d)
    __aeabi_fadd                             0x00003a45   Thumb Code     0  faddsub_clz.o(x$fpl$fadd)
    _fadd                                    0x00003a45   Thumb Code   196  faddsub_clz.o(x$fpl$fadd)
    __aeabi_fdiv                             0x00003b09   Thumb Code     0  fdiv.o(x$fpl$fdiv)
    _fdiv                                    0x00003b09   Thumb Code   384  fdiv.o(x$fpl$fdiv)
    __aeabi_f2iz                             0x00003c8d   Thumb Code     0  ffix.o(x$fpl$ffix)
    _ffix                                    0x00003c8d   Thumb Code    54  ffix.o(x$fpl$ffix)
    __aeabi_f2uiz                            0x00003cc5   Thumb Code     0  ffixu.o(x$fpl$ffixu)
    _ffixu                                   0x00003cc5   Thumb Code    62  ffixu.o(x$fpl$ffixu)
    __aeabi_i2f                              0x00003d05   Thumb Code     0  fflt_clz.o(x$fpl$fflt)
    _fflt                                    0x00003d05   Thumb Code    48  fflt_clz.o(x$fpl$fflt)
    __aeabi_ui2f                             0x00003d35   Thumb Code     0  fflt_clz.o(x$fpl$ffltu)
    _ffltu                                   0x00003d35   Thumb Code    38  fflt_clz.o(x$fpl$ffltu)
    __aeabi_fmul                             0x00003d5d   Thumb Code     0  fmul.o(x$fpl$fmul)
    _fmul                                    0x00003d5d   Thumb Code   258  fmul.o(x$fpl$fmul)
    __fpl_fnaninf                            0x00003e5f   Thumb Code   140  fnaninf.o(x$fpl$fnaninf)
    __fpl_fretinf                            0x00003eeb   Thumb Code    10  fretinf.o(x$fpl$fretinf)
    __aeabi_frsub                            0x00003ef5   Thumb Code     0  faddsub_clz.o(x$fpl$frsb)
    _frsb                                    0x00003ef5   Thumb Code    20  faddsub_clz.o(x$fpl$frsb)
    __aeabi_fsub                             0x00003f09   Thumb Code     0  faddsub_clz.o(x$fpl$fsub)
    _fsub                                    0x00003f09   Thumb Code   234  faddsub_clz.o(x$fpl$fsub)
    __fpl_return_NaN                         0x00003ff3   Thumb Code   100  retnan.o(x$fpl$retnan)
    __ARM_scalbn                             0x00004057   Thumb Code    92  scalbn.o(x$fpl$scalbn)
    __fpl_cmpreturn                          0x000040b3   Thumb Code    48  trapv.o(x$fpl$trapveneer)
    __I$use$fp                               0x000040e2   Number         0  usenofp.o(x$fpl$usenofp)
    OscRateIn                                0x000040e4   Data           4  board.o(.constdata)
    RTCOscRateIn                             0x000040e8   Data           4  board.o(.constdata)
    __mathlib_zero                           0x00004208   Data           8  qnan.o(.constdata)
    Region$$Table$$Base                      0x00004210   Number         0  anon$$obj.o(Region$$Table)
    Region$$Table$$Limit                     0x00004230   Number         0  anon$$obj.o(Region$$Table)
    AC1                                      0x02000004   Data           2  main.o(.data)
    AC2                                      0x02000006   Data           2  main.o(.data)
    AC3                                      0x02000008   Data           2  main.o(.data)
    B1                                       0x0200000a   Data           2  main.o(.data)
    B2                                       0x0200000c   Data           2  main.o(.data)
    MB                                       0x0200000e   Data           2  main.o(.data)
    MC                                       0x02000010   Data           2  main.o(.data)
    MD                                       0x02000012   Data           2  main.o(.data)
    AC4                                      0x02000014   Data           2  main.o(.data)
    AC5                                      0x02000016   Data           2  main.o(.data)
    AC6                                      0x02000018   Data           2  main.o(.data)
    UT                                       0x0200001a   Data           2  main.o(.data)
    X1                                       0x0200001c   Data           4  main.o(.data)
    X2                                       0x02000020   Data           4  main.o(.data)
    X3                                       0x02000024   Data           4  main.o(.data)
    B3                                       0x02000028   Data           4  main.o(.data)
    B5                                       0x0200002c   Data           4  main.o(.data)
    B6                                       0x02000030   Data           4  main.o(.data)
    T                                        0x02000034   Data           4  main.o(.data)
    p                                        0x02000038   Data           4  main.o(.data)
    B4                                       0x0200003c   Data           4  main.o(.data)
    B7                                       0x02000040   Data           4  main.o(.data)
    UP                                       0x02000044   Data           4  main.o(.data)
    lib_initialized                          0x02000048   Data           1  main.o(.data)
    pxCurrentTCB                             0x0200004c   Data           4  tasks.o(.data)
    __stdout                                 0x02000088   Data           4  board.o(.data)
    SystemCoreClock                          0x0200008c   Data           4  chip_15xx.o(.data)
    __libspace_start                         0x020061a4   Data          96  libspace.o(.bss)
    __temporary_stack_top$libspace           0x02006204   Data           0  libspace.o(.bss)



==============================================================================

Memory Map of the image

  Image Entry point : 0x000000fd

  Load Region LR_IROM1 (Base: 0x00000000, Size: 0x000042c0, Max: 0x00040000, ABSOLUTE)

    Execution Region ER_IROM1 (Base: 0x00000000, Size: 0x00004230, Max: 0x00040000, ABSOLUTE)

    Base Addr    Size         Type   Attr      Idx    E Section Name        Object

    0x00000000   0x000000fc   Data   RO          190    RESET               keil_startup_lpc15xx.o
    0x000000fc   0x00000008   Code   RO         2521  * !!!main             c_w.l(__main.o)
    0x00000104   0x00000034   Code   RO         2875    !!!scatter          c_w.l(__scatter.o)
    0x00000138   0x0000001a   Code   RO         2877    !!handler_copy      c_w.l(__scatter_copy.o)
    0x00000152   0x00000002   PAD
    0x00000154   0x0000001c   Code   RO         2879    !!handler_zi        c_w.l(__scatter_zi.o)
    0x00000170   0x00000000   Code   RO         2512    .ARM.Collect$$_printf_percent$$00000000  c_w.l(_printf_percent.o)
    0x00000170   0x00000006   Code   RO         2511    .ARM.Collect$$_printf_percent$$00000009  c_w.l(_printf_d.o)
    0x00000176   0x00000004   Code   RO         2613    .ARM.Collect$$_printf_percent$$00000017  c_w.l(_printf_percent_end.o)
    0x0000017a   0x00000002   Code   RO         2816    .ARM.Collect$$libinit$$00000000  c_w.l(libinit.o)
    0x0000017c   0x00000000   Code   RO         2625    .ARM.Collect$$libinit$$00000002  c_w.l(libinit2.o)
    0x0000017c   0x00000000   Code   RO         2627    .ARM.Collect$$libinit$$00000004  c_w.l(libinit2.o)
    0x0000017c   0x00000008   Code   RO         2628    .ARM.Collect$$libinit$$00000005  c_w.l(libinit2.o)
    0x00000184   0x00000000   Code   RO         2630    .ARM.Collect$$libinit$$0000000A  c_w.l(libinit2.o)
    0x00000184   0x00000000   Code   RO         2632    .ARM.Collect$$libinit$$0000000C  c_w.l(libinit2.o)
    0x00000184   0x00000000   Code   RO         2634    .ARM.Collect$$libinit$$0000000E  c_w.l(libinit2.o)
    0x00000184   0x00000000   Code   RO         2637    .ARM.Collect$$libinit$$00000011  c_w.l(libinit2.o)
    0x00000184   0x00000000   Code   RO         2639    .ARM.Collect$$libinit$$00000013  c_w.l(libinit2.o)
    0x00000184   0x00000000   Code   RO         2641    .ARM.Collect$$libinit$$00000015  c_w.l(libinit2.o)
    0x00000184   0x00000000   Code   RO         2643    .ARM.Collect$$libinit$$00000017  c_w.l(libinit2.o)
    0x00000184   0x00000000   Code   RO         2645    .ARM.Collect$$libinit$$00000019  c_w.l(libinit2.o)
    0x00000184   0x00000000   Code   RO         2647    .ARM.Collect$$libinit$$0000001B  c_w.l(libinit2.o)
    0x00000184   0x00000000   Code   RO         2649    .ARM.Collect$$libinit$$0000001D  c_w.l(libinit2.o)
    0x00000184   0x00000000   Code   RO         2651    .ARM.Collect$$libinit$$0000001F  c_w.l(libinit2.o)
    0x00000184   0x00000000   Code   RO         2653    .ARM.Collect$$libinit$$00000021  c_w.l(libinit2.o)
    0x00000184   0x00000000   Code   RO         2655    .ARM.Collect$$libinit$$00000023  c_w.l(libinit2.o)
    0x00000184   0x00000000   Code   RO         2657    .ARM.Collect$$libinit$$00000025  c_w.l(libinit2.o)
    0x00000184   0x00000000   Code   RO         2661    .ARM.Collect$$libinit$$0000002C  c_w.l(libinit2.o)
    0x00000184   0x00000000   Code   RO         2663    .ARM.Collect$$libinit$$0000002E  c_w.l(libinit2.o)
    0x00000184   0x00000000   Code   RO         2665    .ARM.Collect$$libinit$$00000030  c_w.l(libinit2.o)
    0x00000184   0x00000000   Code   RO         2667    .ARM.Collect$$libinit$$00000032  c_w.l(libinit2.o)
    0x00000184   0x00000002   Code   RO         2668    .ARM.Collect$$libinit$$00000033  c_w.l(libinit2.o)
    0x00000186   0x00000002   Code   RO         2872    .ARM.Collect$$libshutdown$$00000000  c_w.l(libshutdown.o)
    0x00000188   0x00000000   Code   RO         2834    .ARM.Collect$$libshutdown$$00000002  c_w.l(libshutdown2.o)
    0x00000188   0x00000000   Code   RO         2836    .ARM.Collect$$libshutdown$$00000004  c_w.l(libshutdown2.o)
    0x00000188   0x00000000   Code   RO         2839    .ARM.Collect$$libshutdown$$00000007  c_w.l(libshutdown2.o)
    0x00000188   0x00000000   Code   RO         2842    .ARM.Collect$$libshutdown$$0000000A  c_w.l(libshutdown2.o)
    0x00000188   0x00000000   Code   RO         2844    .ARM.Collect$$libshutdown$$0000000C  c_w.l(libshutdown2.o)
    0x00000188   0x00000000   Code   RO         2847    .ARM.Collect$$libshutdown$$0000000F  c_w.l(libshutdown2.o)
    0x00000188   0x00000002   Code   RO         2848    .ARM.Collect$$libshutdown$$00000010  c_w.l(libshutdown2.o)
    0x0000018a   0x00000000   Code   RO         2577    .ARM.Collect$$rtentry$$00000000  c_w.l(__rtentry.o)
    0x0000018a   0x00000000   Code   RO         2725    .ARM.Collect$$rtentry$$00000002  c_w.l(__rtentry2.o)
    0x0000018a   0x00000006   Code   RO         2737    .ARM.Collect$$rtentry$$00000004  c_w.l(__rtentry4.o)
    0x00000190   0x00000000   Code   RO         2727    .ARM.Collect$$rtentry$$00000009  c_w.l(__rtentry2.o)
    0x00000190   0x00000004   Code   RO         2728    .ARM.Collect$$rtentry$$0000000A  c_w.l(__rtentry2.o)
    0x00000194   0x00000000   Code   RO         2730    .ARM.Collect$$rtentry$$0000000C  c_w.l(__rtentry2.o)
    0x00000194   0x00000008   Code   RO         2731    .ARM.Collect$$rtentry$$0000000D  c_w.l(__rtentry2.o)
    0x0000019c   0x00000002   Code   RO         2823    .ARM.Collect$$rtexit$$00000000  c_w.l(rtexit.o)
    0x0000019e   0x00000000   Code   RO         2852    .ARM.Collect$$rtexit$$00000002  c_w.l(rtexit2.o)
    0x0000019e   0x00000004   Code   RO         2853    .ARM.Collect$$rtexit$$00000003  c_w.l(rtexit2.o)
    0x000001a2   0x00000006   Code   RO         2854    .ARM.Collect$$rtexit$$00000004  c_w.l(rtexit2.o)
    0x000001a8   0x000000a2   Code   RO         1173    .emb_text           port.o
    0x0000024a   0x00000002   PAD
    0x0000024c   0x00000000   Code   RO         2750    .emb_text           c_w.l(maybetermalloc1.o)
    0x0000024c   0x0000003c   Code   RO          192    .text               keil_startup_lpc15xx.o
    0x00000288   0x0000005e   Code   RO         2423    .text               c_w.l(h1_alloc.o)
    0x000002e6   0x00000016   Code   RO         2513    .text               c_w.l(abort.o)
    0x000002fc   0x00000004   Code   RO          191    .ARM.__at_0x02FC    keil_startup_lpc15xx.o
    0x00000300   0x0000004e   Code   RO         2425    .text               c_w.l(h1_free.o)
    0x0000034e   0x000000ee   Code   RO         2481    .text               c_w.l(lludivv7m.o)
    0x0000043c   0x00000018   Code   RO         2485    .text               c_w.l(noretval__2printf.o)
    0x00000454   0x00000068   Code   RO         2487    .text               c_w.l(__printf.o)
    0x000004bc   0x00000078   Code   RO         2489    .text               c_w.l(_printf_dec.o)
    0x00000534   0x00000010   Code   RO         2517    .text               c_w.l(aeabi_memset.o)
    0x00000544   0x00000006   Code   RO         2519    .text               c_w.l(heapauxi.o)
    0x0000054a   0x00000002   PAD
    0x0000054c   0x00000008   Code   RO         2585    .text               c_w.l(rt_heap_descriptor_intlibspace.o)
    0x00000554   0x00000004   Code   RO         2587    .text               c_w.l(hguard.o)
    0x00000558   0x0000008a   Code   RO         2589    .text               c_w.l(init_alloc.o)
    0x000005e2   0x0000000e   Code   RO         2593    .text               c_w.l(h1_init.o)
    0x000005f0   0x00000016   Code   RO         2607    .text               c_w.l(_rserrno.o)
    0x00000606   0x000000b2   Code   RO         2609    .text               c_w.l(_printf_intcommon.o)
    0x000006b8   0x00000024   Code   RO         2611    .text               c_w.l(_printf_char_file.o)
    0x000006dc   0x0000000e   Code   RO         2614    .text               c_w.l(defsig_abrt_outer.o)
    0x000006ea   0x00000044   Code   RO         2620    .text               c_w.l(rt_memclr.o)
    0x0000072e   0x00000002   PAD
    0x00000730   0x00000008   Code   RO         2721    .text               c_w.l(libspace.o)
    0x00000738   0x00000008   Code   RO         2746    .text               c_w.l(rt_errno_addr_intlibspace.o)
    0x00000740   0x00000034   Code   RO         2752    .text               c_w.l(h1_extend.o)
    0x00000774   0x00000030   Code   RO         2756    .text               c_w.l(_printf_char_common.o)
    0x000007a4   0x0000000a   Code   RO         2758    .text               c_w.l(defsig_exit.o)
    0x000007ae   0x00000002   PAD
    0x000007b0   0x00000030   Code   RO         2760    .text               c_w.l(defsig_abrt_inner.o)
    0x000007e0   0x0000000e   Code   RO         2762    .text               c_w.l(defsig_rtmem_outer.o)
    0x000007ee   0x0000004e   Code   RO         2766    .text               c_w.l(rt_memclr_w.o)
    0x0000083c   0x0000000a   Code   RO         2774    .text               c_w.l(heapauxiu.o)
    0x00000846   0x00000002   Code   RO         2786    .text               c_w.l(use_no_semi.o)
    0x00000848   0x00000000   Code   RO         2788    .text               c_w.l(indicate_semi.o)
    0x00000848   0x0000004a   Code   RO         2789    .text               c_w.l(sys_stackheap_outer.o)
    0x00000892   0x00000012   Code   RO         2795    .text               c_w.l(exit.o)
    0x000008a4   0x00000032   Code   RO         2799    .text               c_w.l(defsig_general.o)
    0x000008d6   0x00000002   PAD
    0x000008d8   0x00000050   Code   RO         2805    .text               c_w.l(defsig_rtmem_inner.o)
    0x00000928   0x0000000e   Code   RO         2821    .text               c_w.l(sys_wrch.o)
    0x00000936   0x00000002   PAD
    0x00000938   0x00000174   Code   RO          226    i.BMPInit           main.o
    0x00000aac   0x00000060   Code   RO         1308    i.Board_Debug_Init  board_nxp_lpcxpresso_1549.lib(board.o)
    0x00000b0c   0x00000048   Code   RO         1309    i.Board_Init        board_nxp_lpcxpresso_1549.lib(board.o)
    0x00000b54   0x00000024   Code   RO         1311    i.Board_LED_Set     board_nxp_lpcxpresso_1549.lib(board.o)
    0x00000b78   0x00000038   Code   RO         1589    i.Board_SetupClocking  board_nxp_lpcxpresso_1549.lib(board_sysinit.o)
    0x00000bb0   0x00000050   Code   RO         1590    i.Board_SetupMuxing  board_nxp_lpcxpresso_1549.lib(board_sysinit.o)
    0x00000c00   0x00000018   Code   RO         1591    i.Board_SystemInit  board_nxp_lpcxpresso_1549.lib(board_sysinit.o)
    0x00000c18   0x00000014   Code   RO         1315    i.Board_UARTPutChar  board_nxp_lpcxpresso_1549.lib(board.o)
    0x00000c2c   0x00000020   Code   RO         2161    i.Chip_Clock_EnablePeriphClock  chip_15xx_lib.lib(clock_15xx.o)
    0x00000c4c   0x00000018   Code   RO         2163    i.Chip_Clock_GetMainClockRate  chip_15xx_lib.lib(clock_15xx.o)
    0x00000c64   0x00000034   Code   RO         2165    i.Chip_Clock_GetMain_A_ClockRate  chip_15xx_lib.lib(clock_15xx.o)
    0x00000c98   0x00000034   Code   RO         2166    i.Chip_Clock_GetMain_B_ClockRate  chip_15xx_lib.lib(clock_15xx.o)
    0x00000ccc   0x0000000c   Code   RO         2167    i.Chip_Clock_GetPLLFreq  chip_15xx_lib.lib(clock_15xx.o)
    0x00000cd8   0x00000020   Code   RO         2168    i.Chip_Clock_GetPLLInClockRate  chip_15xx_lib.lib(clock_15xx.o)
    0x00000cf8   0x00000018   Code   RO         2172    i.Chip_Clock_GetSystemClockRate  chip_15xx_lib.lib(clock_15xx.o)
    0x00000d10   0x00000010   Code   RO         2173    i.Chip_Clock_GetSystemPLLInClockRate  chip_15xx_lib.lib(clock_15xx.o)
    0x00000d20   0x0000001c   Code   RO         2174    i.Chip_Clock_GetSystemPLLOutClockRate  chip_15xx_lib.lib(clock_15xx.o)
    0x00000d3c   0x00000040   Code   RO         2175    i.Chip_Clock_GetUARTBaseClockRate  chip_15xx_lib.lib(clock_15xx.o)
    0x00000d7c   0x00000020   Code   RO         2179    i.Chip_Clock_SetMainClockSource  chip_15xx_lib.lib(clock_15xx.o)
    0x00000d9c   0x00000050   Code   RO         2181    i.Chip_Clock_SetUARTBaseClockRate  chip_15xx_lib.lib(clock_15xx.o)
    0x00000dec   0x0000001c   Code   RO         2376    i.Chip_FMC_SetFLASHAccess  chip_15xx_lib.lib(sysinit_15xx.o)
    0x00000e08   0x0000002c   Code   RO         2301    i.Chip_GPIO_Init    chip_15xx_lib.lib(gpio_15xx.o)
    0x00000e34   0x00000032   Code   RO         1979    i.Chip_I2CM_SetBusSpeed  chip_15xx_lib.lib(i2cm_15xx.o)
    0x00000e66   0x00000004   Code   RO          227    i.Chip_I2CM_WriteByte  main.o
    0x00000e6a   0x00000022   Code   RO         1980    i.Chip_I2CM_Xfer    chip_15xx_lib.lib(i2cm_15xx.o)
    0x00000e8c   0x00000020   Code   RO         1981    i.Chip_I2CM_XferBlocking  chip_15xx_lib.lib(i2cm_15xx.o)
    0x00000eac   0x000000a0   Code   RO         1982    i.Chip_I2CM_XferHandler  chip_15xx_lib.lib(i2cm_15xx.o)
    0x00000f4c   0x0000001a   Code   RO         2027    i.Chip_I2C_Init     chip_15xx_lib.lib(i2c_common_15xx.o)
    0x00000f66   0x0000000c   Code   RO          228    i.Chip_IOCON_PinMuxSet  main.o
    0x00000f72   0x00000002   PAD
    0x00000f74   0x00000024   Code   RO         2353    i.Chip_IOCON_SetPinMuxing  chip_15xx_lib.lib(iocon_15xx.o)
    0x00000f98   0x00000020   Code   RO         1646    i.Chip_SWM_EnableFixedPin  chip_15xx_lib.lib(swm_15xx.o)
    0x00000fb8   0x00000024   Code   RO         1649    i.Chip_SWM_MovablePinAssign  chip_15xx_lib.lib(swm_15xx.o)
    0x00000fdc   0x00000016   Code   RO          229    i.Chip_SWM_MovablePortPinAssign  main.o
    0x00000ff2   0x0000000a   Code   RO         1318    i.Chip_SWM_MovablePortPinAssign  board_nxp_lpcxpresso_1549.lib(board.o)
    0x00000ffc   0x00000024   Code   RO         2107    i.Chip_SYSCTL_AssertPeriphReset  chip_15xx_lib.lib(sysctl_15xx.o)
    0x00001020   0x00000024   Code   RO         2108    i.Chip_SYSCTL_DeassertPeriphReset  chip_15xx_lib.lib(sysctl_15xx.o)
    0x00001044   0x00000012   Code   RO         1871    i.Chip_SYSCTL_PeriphReset  chip_15xx_lib.lib(uart_15xx.o)
    0x00001056   0x00000002   PAD
    0x00001058   0x0000001c   Code   RO         2110    i.Chip_SYSCTL_PowerDown  chip_15xx_lib.lib(sysctl_15xx.o)
    0x00001074   0x0000001c   Code   RO         2111    i.Chip_SYSCTL_PowerUp  chip_15xx_lib.lib(sysctl_15xx.o)
    0x00001090   0x00000060   Code   RO         2378    i.Chip_SetupXtalClocking  chip_15xx_lib.lib(sysinit_15xx.o)
    0x000010f0   0x00000034   Code   RO         1874    i.Chip_UART_Init    chip_15xx_lib.lib(uart_15xx.o)
    0x00001124   0x0000001c   Code   RO         1879    i.Chip_UART_Send    chip_15xx_lib.lib(uart_15xx.o)
    0x00001140   0x00000024   Code   RO         1880    i.Chip_UART_SendBlocking  chip_15xx_lib.lib(uart_15xx.o)
    0x00001164   0x00000016   Code   RO         1882    i.Chip_UART_SetBaud  chip_15xx_lib.lib(uart_15xx.o)
    0x0000117a   0x00000002   PAD
    0x0000117c   0x0000002c   Code   RO          230    i.Init_I2C_PinMux   main.o
    0x000011a8   0x000000f4   Code   RO          231    i.ReadTemp          main.o
    0x0000129c   0x00000038   Code   RO          232    i.SetupXferRecAndExecute  main.o
    0x000012d4   0x00000020   Code   RO         1174    i.SysTick_Handler   port.o
    0x000012f4   0x00000010   Code   RO         1833    i.SystemCoreClockUpdate  chip_15xx_lib.lib(chip_15xx.o)
    0x00001304   0x00000008   Code   RO            4    i.SystemInit        sysinit.o
    0x0000130c   0x00000028   Code   RO         2706    i.__ARM_fpclassify  m_ws.l(fpclassify.o)
    0x00001334   0x000000aa   Code   RO         2708    i.__kernel_poly     m_ws.l(poly.o)
    0x000013de   0x00000002   PAD
    0x000013e0   0x00000010   Code   RO         2692    i.__mathlib_dbl_divzero  m_ws.l(dunder.o)
    0x000013f0   0x00000004   Code   RO         2694    i.__mathlib_dbl_infnan2  m_ws.l(dunder.o)
    0x000013f4   0x0000000c   Code   RO         2695    i.__mathlib_dbl_invalid  m_ws.l(dunder.o)
    0x00001400   0x0000000e   Code   RO         2696    i.__mathlib_dbl_overflow  m_ws.l(dunder.o)
    0x0000140e   0x00000002   PAD
    0x00001410   0x00000010   Code   RO         2698    i.__mathlib_dbl_underflow  m_ws.l(dunder.o)
    0x00001420   0x0000001c   Code   RO         1251    i.__user_heap_extend  freertoscommonhooks.o
    0x0000143c   0x00000004   Code   RO         1320    i._sys_exit         board_nxp_lpcxpresso_1549.lib(board.o)
    0x00001440   0x00000006   Code   RO         1322    i.ferror            board_nxp_lpcxpresso_1549.lib(board.o)
    0x00001446   0x0000000c   Code   RO         1324    i.fputc             board_nxp_lpcxpresso_1549.lib(board.o)
    0x00001452   0x00000002   PAD
    0x00001454   0x00000020   Code   RO         1885    i.getUARTClockID    chip_15xx_lib.lib(uart_15xx.o)
    0x00001474   0x000000ac   Code   RO          233    i.i2c_task          main.o
    0x00001520   0x000000b8   Code   RO          234    i.main              main.o
    0x000015d8   0x000000d0   Code   RO          235    i.masterWrite_subaddress  main.o
    0x000016a8   0x000000d4   Code   RO          236    i.master_read       main.o
    0x0000177c   0x00000034   Code   RO          237    i.pinmux            main.o
    0x000017b0   0x000009d8   Code   RO         2566    i.pow               m_ws.l(pow.o)
    0x00002188   0x00000054   Code   RO          799    i.prvAddCurrentTaskToDelayedList  tasks.o
    0x000021dc   0x00000042   Code   RO          800    i.prvAllocateTCBAndStack  tasks.o
    0x0000221e   0x00000002   PAD
    0x00002220   0x00000064   Code   RO          801    i.prvCheckTasksWaitingTermination  tasks.o
    0x00002284   0x00000012   Code   RO          802    i.prvDeleteTCB      tasks.o
    0x00002296   0x00000002   PAD
    0x00002298   0x0000001c   Code   RO          803    i.prvIdleTask       tasks.o
    0x000022b4   0x00000062   Code   RO          804    i.prvInitialiseTCBVariables  tasks.o
    0x00002316   0x00000002   PAD
    0x00002318   0x00000068   Code   RO          805    i.prvInitialiseTaskLists  tasks.o
    0x00002380   0x00000034   Code   RO          807    i.prvResetNextTaskUnblockTime  tasks.o
    0x000023b4   0x00000014   Code   RO          238    i.prvSetupHardware  main.o
    0x000023c8   0x00000008   Code   RO         1175    i.prvTaskExitError  port.o
    0x000023d0   0x00000018   Code   RO         1143    i.pvPortMalloc      heap_3.o
    0x000023e8   0x00000020   Code   RO         1176    i.pxPortInitialiseStack  port.o
    0x00002408   0x00000390   Code   RO          239    i.readPressure      main.o
    0x00002798   0x00000048   Code   RO          240    i.setupI2CMaster    main.o
    0x000027e0   0x0000004c   Code   RO         2712    i.sqrt              m_ws.l(sqrt.o)
    0x0000282c   0x0000004c   Code   RO          241    i.uart_init         main.o
    0x00002878   0x00000028   Code   RO          561    i.uxListRemove      list.o
    0x000028a0   0x00000004   Code   RO         1252    i.vApplicationIdleHook  freertoscommonhooks.o
    0x000028a4   0x00000018   Code   RO          242    i.vLEDTask1         main.o
    0x000028bc   0x00000018   Code   RO          243    i.vLEDTask2         main.o
    0x000028d4   0x0000001a   Code   RO          562    i.vListInitialise   list.o
    0x000028ee   0x00000006   Code   RO          563    i.vListInitialiseItem  list.o
    0x000028f4   0x00000034   Code   RO          564    i.vListInsert       list.o
    0x00002928   0x00000018   Code   RO          565    i.vListInsertEnd    list.o
    0x00002940   0x00000020   Code   RO         1178    i.vPortEnterCritical  port.o
    0x00002960   0x00000020   Code   RO         1179    i.vPortExitCritical  port.o
    0x00002980   0x00000016   Code   RO         1144    i.vPortFree         heap_3.o
    0x00002996   0x00000002   PAD
    0x00002998   0x00000020   Code   RO         1180    i.vPortSetupTimerInterrupt  port.o
    0x000029b8   0x00000018   Code   RO         1181    i.vPortYield        port.o
    0x000029d0   0x00000054   Code   RO          819    i.vTaskDelay        tasks.o
    0x00002a24   0x00000054   Code   RO          832    i.vTaskStartScheduler  tasks.o
    0x00002a78   0x00000010   Code   RO          834    i.vTaskSuspendAll   tasks.o
    0x00002a88   0x00000060   Code   RO          835    i.vTaskSwitchContext  tasks.o
    0x00002ae8   0x00000024   Code   RO          244    i.vUARTTask         main.o
    0x00002b0c   0x00000034   Code   RO         1182    i.xPortStartScheduler  port.o
    0x00002b40   0x00000100   Code   RO          837    i.xTaskGenericCreate  tasks.o
    0x00002c40   0x00000120   Code   RO          843    i.xTaskIncrementTick  tasks.o
    0x00002d60   0x000000dc   Code   RO          849    i.xTaskResumeAll    tasks.o
    0x00002e3c   0x00000062   Code   RO         2523    x$fpl$d2f           fz_ws.l(d2f.o)
    0x00002e9e   0x00000002   PAD
    0x00002ea0   0x00000150   Code   RO         2669    x$fpl$dadd          fz_ws.l(daddsub_clz.o)
    0x00002ff0   0x00000010   Code   RO         2778    x$fpl$dcheck1       fz_ws.l(dcheck1.o)
    0x00003000   0x00000018   Code   RO         2817    x$fpl$dcmpinf       fz_ws.l(dcmpi.o)
    0x00003018   0x000002b0   Code   RO         2676    x$fpl$ddiv          fz_ws.l(ddiv.o)
    0x000032c8   0x0000005e   Code   RO         2525    x$fpl$dfix          fz_ws.l(dfix.o)
    0x00003326   0x0000002e   Code   RO         2530    x$fpl$dflt          fz_ws.l(dflt_clz.o)
    0x00003354   0x00000078   Code   RO         2780    x$fpl$dleqf         fz_ws.l(dleqf.o)
    0x000033cc   0x00000154   Code   RO         2535    x$fpl$dmul          fz_ws.l(dmul.o)
    0x00003520   0x0000009c   Code   RO         2679    x$fpl$dnaninf       fz_ws.l(dnaninf.o)
    0x000035bc   0x0000000c   Code   RO         2681    x$fpl$dretinf       fz_ws.l(dretinf.o)
    0x000035c8   0x0000006c   Code   RO         2683    x$fpl$drleqf        fz_ws.l(drleqf.o)
    0x00003634   0x00000016   Code   RO         2670    x$fpl$drsb          fz_ws.l(daddsub_clz.o)
    0x0000364a   0x00000002   PAD
    0x0000364c   0x000001cc   Code   RO         2782    x$fpl$dsqrt         fz_ws.l(dsqrt_noumaal.o)
    0x00003818   0x000001d4   Code   RO         2671    x$fpl$dsub          fz_ws.l(daddsub_clz.o)
    0x000039ec   0x00000056   Code   RO         2537    x$fpl$f2d           fz_ws.l(f2d.o)
    0x00003a42   0x00000002   PAD
    0x00003a44   0x000000c4   Code   RO         2539    x$fpl$fadd          fz_ws.l(faddsub_clz.o)
    0x00003b08   0x00000184   Code   RO         2546    x$fpl$fdiv          fz_ws.l(fdiv.o)
    0x00003c8c   0x00000036   Code   RO         2549    x$fpl$ffix          fz_ws.l(ffix.o)
    0x00003cc2   0x00000002   PAD
    0x00003cc4   0x0000003e   Code   RO         2553    x$fpl$ffixu         fz_ws.l(ffixu.o)
    0x00003d02   0x00000002   PAD
    0x00003d04   0x00000030   Code   RO         2558    x$fpl$fflt          fz_ws.l(fflt_clz.o)
    0x00003d34   0x00000026   Code   RO         2557    x$fpl$ffltu         fz_ws.l(fflt_clz.o)
    0x00003d5a   0x00000002   PAD
    0x00003d5c   0x00000102   Code   RO         2563    x$fpl$fmul          fz_ws.l(fmul.o)
    0x00003e5e   0x0000008c   Code   RO         2685    x$fpl$fnaninf       fz_ws.l(fnaninf.o)
    0x00003eea   0x0000000a   Code   RO         2687    x$fpl$fretinf       fz_ws.l(fretinf.o)
    0x00003ef4   0x00000014   Code   RO         2540    x$fpl$frsb          fz_ws.l(faddsub_clz.o)
    0x00003f08   0x000000ea   Code   RO         2541    x$fpl$fsub          fz_ws.l(faddsub_clz.o)
    0x00003ff2   0x00000064   Code   RO         2819    x$fpl$retnan        fz_ws.l(retnan.o)
    0x00004056   0x0000005c   Code   RO         2689    x$fpl$scalbn        fz_ws.l(scalbn.o)
    0x000040b2   0x00000030   Code   RO         2849    x$fpl$trapveneer    fz_ws.l(trapv.o)
    0x000040e2   0x00000000   Code   RO         2691    x$fpl$usenofp       fz_ws.l(usenofp.o)
    0x000040e2   0x00000002   PAD
    0x000040e4   0x00000004   Data   RO         1325    .constdata          board_nxp_lpcxpresso_1549.lib(board.o)
    0x000040e8   0x00000004   Data   RO         1326    .constdata          board_nxp_lpcxpresso_1549.lib(board.o)
    0x000040ec   0x00000015   Data   RO         1327    .constdata          board_nxp_lpcxpresso_1549.lib(board.o)
    0x00004101   0x00000003   PAD
    0x00004104   0x0000007c   Data   RO         1592    .constdata          board_nxp_lpcxpresso_1549.lib(board_sysinit.o)
    0x00004180   0x00000088   Data   RO         2567    .constdata          m_ws.l(pow.o)
    0x00004208   0x00000008   Data   RO         2710    .constdata          m_ws.l(qnan.o)
    0x00004210   0x00000020   Data   RO         2873    Region$$Table       anon$$obj.o


    Execution Region RW_IRAM1 (Base: 0x02000000, Size: 0x00006508, Max: 0x00009000, ABSOLUTE)

    Base Addr    Size         Type   Attr      Idx    E Section Name        Object

    0x02000000   0x00000049   Data   RW          246    .data               main.o
    0x02000049   0x00000003   PAD
    0x0200004c   0x00000038   Data   RW          852    .data               tasks.o
    0x02000084   0x00000004   Data   RW         1183    .data               port.o
    0x02000088   0x00000004   Data   RW         1328    .data               board_nxp_lpcxpresso_1549.lib(board.o)
    0x0200008c   0x00000004   Data   RW         1834    .data               chip_15xx_lib.lib(chip_15xx.o)
    0x02000090   0x00000010   Zero   RW          245    .bss                main.o
    0x020000a0   0x00000104   Zero   RW          851    .bss                tasks.o
    0x020001a4   0x00006000   Zero   RW         1256    .bss                freertoscommonhooks.o
    0x020061a4   0x00000060   Zero   RW         2722    .bss                c_w.l(libspace.o)
    0x02006204   0x00000004   PAD
    0x02006208   0x00000100   Zero   RW          189    HEAP                keil_startup_lpc15xx.o
    0x02006308   0x00000200   Zero   RW          188    STACK               keil_startup_lpc15xx.o


==============================================================================

Image component sizes


      Code (inc. data)   RO Data    RW Data    ZI Data      Debug   Object Name

         0          0          0          0          0       1272   bmp180.o
         0          0          0          0          0       1452   event_groups.o
        32          6          0          0      24576       1932   freertoscommonhooks.o
        46          0          0          0          0       1147   heap_3.o
        64         32        252          0        768        904   keil_startup_lpc15xx.o
       148          0          0          0          0       3046   list.o
      2746        372          0         73         16      58340   main.o
       406         56          0          4          0       6753   port.o
         8          0          0          0          0       6533   sysinit.o
      1594        250          0         56        260      12688   tasks.o

    ----------------------------------------------------------------------
      5056        716        284        136      25620      94067   Object Totals
         0          0         32          0          0          0   (incl. Generated)
        12          0          0          3          0          0   (incl. Padding)

    ----------------------------------------------------------------------

      Code (inc. data)   RO Data    RW Data    ZI Data      Debug   Library Member Name

       256         22         29          4          0      16684   board.o
       160         18        124          0          0      15321   board_sysinit.o
         8          0          0          0          0         68   __main.o
       104          0          0          0          0         84   __printf.o
         0          0          0          0          0          0   __rtentry.o
        12          0          0          0          0          0   __rtentry2.o
         6          0          0          0          0          0   __rtentry4.o
        52          8          0          0          0          0   __scatter.o
        26          0          0          0          0          0   __scatter_copy.o
        28          0          0          0          0          0   __scatter_zi.o
        48          6          0          0          0         96   _printf_char_common.o
        36          4          0          0          0         80   _printf_char_file.o
         6          0          0          0          0          0   _printf_d.o
       120         16          0          0          0         92   _printf_dec.o
       178          0          0          0          0         88   _printf_intcommon.o
         0          0          0          0          0          0   _printf_percent.o
         4          0          0          0          0          0   _printf_percent_end.o
        22          0          0          0          0        100   _rserrno.o
        22          0          0          0          0         80   abort.o
        16          0          0          0          0         68   aeabi_memset.o
        48         34          0          0          0         76   defsig_abrt_inner.o
        14          0          0          0          0         80   defsig_abrt_outer.o
        10          0          0          0          0         68   defsig_exit.o
        50          0          0          0          0         88   defsig_general.o
        80         58          0          0          0         76   defsig_rtmem_inner.o
        14          0          0          0          0         80   defsig_rtmem_outer.o
        18          0          0          0          0         80   exit.o
        94          0          0          0          0         80   h1_alloc.o
        52          0          0          0          0         68   h1_extend.o
        78          0          0          0          0         80   h1_free.o
        14          0          0          0          0         84   h1_init.o
         6          0          0          0          0        152   heapauxi.o
        10          0          0          0          0         92   heapauxiu.o
         4          0          0          0          0        136   hguard.o
         0          0          0          0          0          0   indicate_semi.o
       138          0          0          0          0        168   init_alloc.o
         2          0          0          0          0          0   libinit.o
        10          0          0          0          0          0   libinit2.o
         2          0          0          0          0          0   libshutdown.o
         2          0          0          0          0          0   libshutdown2.o
         8          4          0          0         96         68   libspace.o
       238          0          0          0          0        100   lludivv7m.o
         0          0          0          0          0          0   maybetermalloc1.o
        24          4          0          0          0         84   noretval__2printf.o
         8          4          0          0          0         68   rt_errno_addr_intlibspace.o
         8          4          0          0          0         68   rt_heap_descriptor_intlibspace.o
        68          0          0          0          0         68   rt_memclr.o
        78          0          0          0          0         80   rt_memclr_w.o
         2          0          0          0          0          0   rtexit.o
        10          0          0          0          0          0   rtexit2.o
        74          0          0          0          0         80   sys_stackheap_outer.o
        14          0          0          0          0         76   sys_wrch.o
         2          0          0          0          0         68   use_no_semi.o
        16          4          0          4          0       7714   chip_15xx.o
       448         72          0          0          0      12210   clock_15xx.o
        44          0          0          0          0       2881   gpio_15xx.o
        26          0          0          0          0        544   i2c_common_15xx.o
       276          6          0          0          0       8438   i2cm_15xx.o
        36          0          0          0          0       2178   iocon_15xx.o
        68         10          0          0          0       8583   swm_15xx.o
       128         28          0          0          0       9064   sysctl_15xx.o
       124          8          0          0          0      12537   sysinit_15xx.o
       188         18          0          0          0      12032   uart_15xx.o
        98          4          0          0          0         92   d2f.o
       826         16          0          0          0        348   daddsub_clz.o
        16          4          0          0          0         68   dcheck1.o
        24          0          0          0          0         68   dcmpi.o
       688        140          0          0          0        208   ddiv.o
        94          4          0          0          0         92   dfix.o
        46          0          0          0          0         68   dflt_clz.o
       120          4          0          0          0         92   dleqf.o
       340         12          0          0          0        104   dmul.o
       156          4          0          0          0         92   dnaninf.o
        12          0          0          0          0         68   dretinf.o
       108          0          0          0          0         80   drleqf.o
       460         56          0          0          0        120   dsqrt_noumaal.o
        86          4          0          0          0         84   f2d.o
       450          8          0          0          0        236   faddsub_clz.o
       388         76          0          0          0         96   fdiv.o
        54          4          0          0          0         84   ffix.o
        62          4          0          0          0         84   ffixu.o
        86          0          0          0          0        136   fflt_clz.o
       258          4          0          0          0         84   fmul.o
       140          4          0          0          0         84   fnaninf.o
        10          0          0          0          0         68   fretinf.o
       100          0          0          0          0         68   retnan.o
        92          0          0          0          0         68   scalbn.o
        48          0          0          0          0         68   trapv.o
         0          0          0          0          0          0   usenofp.o
        62         10          0          0          0        340   dunder.o
        40          0          0          0          0         68   fpclassify.o
       170          0          0          0          0         96   poly.o
      2520        190        136          0          0        324   pow.o
         0          0          8          0          0          0   qnan.o
        76          0          0          0          0         84   sqrt.o

    ----------------------------------------------------------------------
     11304        876        300          8        100     114682   Library Totals
        36          0          3          0          4          0   (incl. Padding)

    ----------------------------------------------------------------------

      Code (inc. data)   RO Data    RW Data    ZI Data      Debug   Library Name

       416         40        153          4          0      32005   board_nxp_lpcxpresso_1549.lib
      1868        142          0          0         96       2924   c_w.l
      1354        146          0          4          0      76181   chip_15xx_lib.lib
      4762        348          0          0          0       2660   fz_ws.l
      2868        200        144          0          0        912   m_ws.l

    ----------------------------------------------------------------------
     11304        876        300          8        100     114682   Library Totals

    ----------------------------------------------------------------------

==============================================================================


      Code (inc. data)   RO Data    RW Data    ZI Data      Debug   

     16360       1592        584        144      25720     200373   Grand Totals
     16360       1592        584        144      25720     200373   ELF Image Totals
     16360       1592        584        144          0          0   ROM Totals

==============================================================================

    Total RO  Size (Code + RO Data)                16944 (  16.55kB)
    Total RW  Size (RW Data + ZI Data)             25864 (  25.26kB)
    Total ROM Size (Code + RO Data + RW Data)      17088 (  16.69kB)

==============================================================================

