<html>
<body>
<pre>
<h1>µVision Build Log</h1>
<h2>Tool Versions:</h2>
IDE-Version: µVision V5.17.0.0
Copyright (C) 2015 ARM Ltd and ARM Germany GmbH. All rights reserved.
License Information: Amit Dubey, ABCINC, LIC=FYKJJ-UWHNF-U42S7-EMXGI-K7DGD-V0RKS
 
Tool Versions:
Toolchain:       MDK-ARM Standard  Version: 5.17
Toolchain Path:  C:\Keil_v5\ARM\ARMCC\Bin
C Compiler:      Armcc.exe V5.06 update 1 (build 61)
Assembler:       Armasm.exe V5.06 update 1 (build 61)
Linker/Locator:  ArmLink.exe V5.06 update 1 (build 61)
Library Manager: ArmAr.exe V5.06 update 1 (build 61)
Hex Converter:   FromElf.exe V5.06 update 1 (build 61)
CPU DLL:         SARMCM3.DLL V5.17
Dialog DLL:      DCM.DLL V1.13.4.0
Target DLL:      CMSIS_AGDI.dll V1.23.1.0
Dialog DLL:      TCM.DLL V1.14.6.0
 
<h2>Project:</h2>
D:\LPC_projects\application\I2C_BMP180\I2C_BMP180.uvprojx
Project File Date:  12/10/2016

<h2>Output:</h2>
*** Using Compiler 'V5.06 update 1 (build 61)', folder: 'C:\Keil_v5\ARM\ARMCC\Bin'
Rebuild target 'Target 1'
compiling sysinit.c...
assembling keil_startup_lpc15xx.s...
compiling bmp180.c...
compiling main.c...
main.c(162): warning:  #177-D: variable "slaveadd" was declared but never referenced
                uint8_t slaveadd;
main.c(166): warning:  #177-D: variable "slavecheck" was declared but never referenced
    bool slavecheck;
main.c(259): warning:  #177-D: variable "i" was declared but never referenced
                int i=0;
main.c(260): warning:  #550-D: variable "temp" was set but never used
                int temp;
main.c(264): warning:  #177-D: variable "BMP180_REGISTER_CONTROL" was declared but never referenced
                uint8_t BMP180_REGISTER_CONTROL=0xF4;
main.c(265): warning:  #177-D: variable "BMP180_REGISTER_RESULT" was declared but never referenced
                uint8_t BMP180_REGISTER_RESULT=0xF6;
main.c(304): warning:  #550-D: variable "command" was set but never used
                uint8_t command;
main.c: 7 warnings, 0 errors
compiling croutine.c...
compiling event_groups.c...
compiling list.c...
compiling queue.c...
compiling tasks.c...
compiling timers.c...
compiling heap_3.c...
compiling port.c...
compiling FreeRTOSCommonHooks.c...
linking...
Program Size: Code=16360 RO-data=584 RW-data=144 ZI-data=25720  
".\Objects\I2C_BMP180.axf" - 0 Error(s), 7 Warning(s).

<h2>Software Packages used:</h2>

Package Vendor: ARM
                http://www.keil.com/pack/ARM.CMSIS.5.0.0.pack
                ARM::CMSIS:CORE:5.0.0
                CMSIS (Cortex Microcontroller Software Interface Standard)
   * Component: CORE Version: 5.0.0

<h2>Collection of Component include folders:</h2>
  D:\LPC_projects\application\I2C_BMP180\RTE
  C:\Keil_v5\ARM\PACK\ARM\CMSIS\5.0.0\CMSIS\Include
  C:\Keil_v5\ARM\PACK\Keil\LPC1500_DFP\1.2.0\LPCOpen\software\lpc_core\lpc_chip\chip_15xx

<h2>Collection of Component Files used:</h2>

   * Component: ARM::CMSIS:CORE:5.0.0
Build Time Elapsed:  00:00:10
</pre>
</body>
</html>
