<!doctype html public "-//w3c//dtd html 4.0 transitional//en">
<html><head>
<title>Static Call Graph - [.\Objects\I2C_BMP180.axf]</title></head>
<body><HR>
<H1>Static Call Graph for image .\Objects\I2C_BMP180.axf</H1><HR>
<BR><P>#&#060CALLGRAPH&#062# ARM Linker, 5060061: Last Updated: Sat Dec 10 19:25:05 2016
<BR><P>
<H3>Maximum Stack Usage =        272 bytes + Unknown(Functions without stacksize, Cycles, Untraceable Function Pointers)</H3><H3>
Call chain for Maximum Stack Depth:</H3>
i2c_task &rArr; readPressure &rArr; pow &rArr; sqrt &rArr; _dsqrt &rArr; __fpl_dnaninf
<P>
<H3>
Functions with no stack information
</H3><UL>
 <LI><a href="#[78]">__user_initial_stackheap</a>
</UL>
</UL>
<P>
<H3>
Mutually Recursive functions
</H3> <LI><a href="#[9]">NMI_Handler</a>&nbsp;&nbsp;&nbsp;&rArr;&nbsp;&nbsp;&nbsp;<a href="#[9]">NMI_Handler</a><BR>
 <LI><a href="#[a]">HardFault_Handler</a>&nbsp;&nbsp;&nbsp;&rArr;&nbsp;&nbsp;&nbsp;<a href="#[a]">HardFault_Handler</a><BR>
 <LI><a href="#[36]">ACMP0_IRQHandler</a>&nbsp;&nbsp;&nbsp;&rArr;&nbsp;&nbsp;&nbsp;<a href="#[36]">ACMP0_IRQHandler</a><BR>
 <LI><a href="#[5b]">_sys_exit</a>&nbsp;&nbsp;&nbsp;&rArr;&nbsp;&nbsp;&nbsp;<a href="#[5b]">_sys_exit</a><BR>
</UL>
<P>
<H3>
Function Pointers
</H3><UL>
 <LI><a href="#[36]">ACMP0_IRQHandler</a> from keil_startup_lpc15xx.o(.text) referenced from keil_startup_lpc15xx.o(RESET)
 <LI><a href="#[37]">ACMP1_IRQHandler</a> from keil_startup_lpc15xx.o(.text) referenced from keil_startup_lpc15xx.o(RESET)
 <LI><a href="#[38]">ACMP2_IRQHandler</a> from keil_startup_lpc15xx.o(.text) referenced from keil_startup_lpc15xx.o(RESET)
 <LI><a href="#[39]">ACMP3_IRQHandler</a> from keil_startup_lpc15xx.o(.text) referenced from keil_startup_lpc15xx.o(RESET)
 <LI><a href="#[2d]">ADC0A_IRQHandler</a> from keil_startup_lpc15xx.o(.text) referenced from keil_startup_lpc15xx.o(RESET)
 <LI><a href="#[2e]">ADC0B_IRQHandler</a> from keil_startup_lpc15xx.o(.text) referenced from keil_startup_lpc15xx.o(RESET)
 <LI><a href="#[30]">ADC0_OVR_IRQHandler</a> from keil_startup_lpc15xx.o(.text) referenced from keil_startup_lpc15xx.o(RESET)
 <LI><a href="#[2f]">ADC0_THCMP_IRQHandler</a> from keil_startup_lpc15xx.o(.text) referenced from keil_startup_lpc15xx.o(RESET)
 <LI><a href="#[31]">ADC1A_IRQHandler</a> from keil_startup_lpc15xx.o(.text) referenced from keil_startup_lpc15xx.o(RESET)
 <LI><a href="#[32]">ADC1B_IRQHandler</a> from keil_startup_lpc15xx.o(.text) referenced from keil_startup_lpc15xx.o(RESET)
 <LI><a href="#[34]">ADC1_OVR_IRQHandler</a> from keil_startup_lpc15xx.o(.text) referenced from keil_startup_lpc15xx.o(RESET)
 <LI><a href="#[33]">ADC1_THCMP_IRQHandler</a> from keil_startup_lpc15xx.o(.text) referenced from keil_startup_lpc15xx.o(RESET)
 <LI><a href="#[f]">BOD_IRQHandler</a> from keil_startup_lpc15xx.o(.text) referenced from keil_startup_lpc15xx.o(RESET)
 <LI><a href="#[29]">CAN_IRQHandler</a> from keil_startup_lpc15xx.o(.text) referenced from keil_startup_lpc15xx.o(RESET)
 <LI><a href="#[35]">DAC_IRQHandler</a> from keil_startup_lpc15xx.o(.text) referenced from keil_startup_lpc15xx.o(RESET)
 <LI><a href="#[12]">DMA_IRQHandler</a> from keil_startup_lpc15xx.o(.text) referenced from keil_startup_lpc15xx.o(RESET)
 <LI><a href="#[11]">EEPROM_IRQHandler</a> from keil_startup_lpc15xx.o(.text) referenced from keil_startup_lpc15xx.o(RESET)
 <LI><a href="#[10]">FMC_IRQHandler</a> from keil_startup_lpc15xx.o(.text) referenced from keil_startup_lpc15xx.o(RESET)
 <LI><a href="#[13]">GINT0_IRQHandler</a> from keil_startup_lpc15xx.o(.text) referenced from keil_startup_lpc15xx.o(RESET)
 <LI><a href="#[14]">GINT1_IRQHandler</a> from keil_startup_lpc15xx.o(.text) referenced from keil_startup_lpc15xx.o(RESET)
 <LI><a href="#[a]">HardFault_Handler</a> from keil_startup_lpc15xx.o(.text) referenced from keil_startup_lpc15xx.o(RESET)
 <LI><a href="#[26]">I2C0_IRQHandler</a> from keil_startup_lpc15xx.o(.text) referenced from keil_startup_lpc15xx.o(RESET)
 <LI><a href="#[22]">MRT_IRQHandler</a> from keil_startup_lpc15xx.o(.text) referenced from keil_startup_lpc15xx.o(RESET)
 <LI><a href="#[9]">NMI_Handler</a> from keil_startup_lpc15xx.o(.text) referenced from keil_startup_lpc15xx.o(RESET)
 <LI><a href="#[15]">PIN_INT0_IRQHandler</a> from keil_startup_lpc15xx.o(.text) referenced from keil_startup_lpc15xx.o(RESET)
 <LI><a href="#[16]">PIN_INT1_IRQHandler</a> from keil_startup_lpc15xx.o(.text) referenced from keil_startup_lpc15xx.o(RESET)
 <LI><a href="#[17]">PIN_INT2_IRQHandler</a> from keil_startup_lpc15xx.o(.text) referenced from keil_startup_lpc15xx.o(RESET)
 <LI><a href="#[18]">PIN_INT3_IRQHandler</a> from keil_startup_lpc15xx.o(.text) referenced from keil_startup_lpc15xx.o(RESET)
 <LI><a href="#[19]">PIN_INT4_IRQHandler</a> from keil_startup_lpc15xx.o(.text) referenced from keil_startup_lpc15xx.o(RESET)
 <LI><a href="#[1a]">PIN_INT5_IRQHandler</a> from keil_startup_lpc15xx.o(.text) referenced from keil_startup_lpc15xx.o(RESET)
 <LI><a href="#[1b]">PIN_INT6_IRQHandler</a> from keil_startup_lpc15xx.o(.text) referenced from keil_startup_lpc15xx.o(RESET)
 <LI><a href="#[1c]">PIN_INT7_IRQHandler</a> from keil_startup_lpc15xx.o(.text) referenced from keil_startup_lpc15xx.o(RESET)
 <LI><a href="#[c]">PendSV_Handler</a> from port.o(.emb_text) referenced from keil_startup_lpc15xx.o(RESET)
 <LI><a href="#[3a]">QEI_IRQHandler</a> from keil_startup_lpc15xx.o(.text) referenced from keil_startup_lpc15xx.o(RESET)
 <LI><a href="#[1d]">RIT_IRQHandler</a> from keil_startup_lpc15xx.o(.text) referenced from keil_startup_lpc15xx.o(RESET)
 <LI><a href="#[3b]">RTC_ALARM_IRQHandler</a> from keil_startup_lpc15xx.o(.text) referenced from keil_startup_lpc15xx.o(RESET)
 <LI><a href="#[3c]">RTC_WAKE_IRQHandler</a> from keil_startup_lpc15xx.o(.text) referenced from keil_startup_lpc15xx.o(RESET)
 <LI><a href="#[8]">Reset_Handler</a> from keil_startup_lpc15xx.o(.text) referenced from keil_startup_lpc15xx.o(RESET)
 <LI><a href="#[1e]">SCT0_IRQHandler</a> from keil_startup_lpc15xx.o(.text) referenced from keil_startup_lpc15xx.o(RESET)
 <LI><a href="#[1f]">SCT1_IRQHandler</a> from keil_startup_lpc15xx.o(.text) referenced from keil_startup_lpc15xx.o(RESET)
 <LI><a href="#[20]">SCT2_IRQHandler</a> from keil_startup_lpc15xx.o(.text) referenced from keil_startup_lpc15xx.o(RESET)
 <LI><a href="#[21]">SCT3_IRQHandler</a> from keil_startup_lpc15xx.o(.text) referenced from keil_startup_lpc15xx.o(RESET)
 <LI><a href="#[27]">SPI0_IRQHandler</a> from keil_startup_lpc15xx.o(.text) referenced from keil_startup_lpc15xx.o(RESET)
 <LI><a href="#[28]">SPI1_IRQHandler</a> from keil_startup_lpc15xx.o(.text) referenced from keil_startup_lpc15xx.o(RESET)
 <LI><a href="#[b]">SVC_Handler</a> from port.o(.emb_text) referenced from keil_startup_lpc15xx.o(RESET)
 <LI><a href="#[d]">SysTick_Handler</a> from port.o(i.SysTick_Handler) referenced from keil_startup_lpc15xx.o(RESET)
 <LI><a href="#[3d]">SystemInit</a> from sysinit.o(i.SystemInit) referenced from keil_startup_lpc15xx.o(.text)
 <LI><a href="#[23]">UART0_IRQHandler</a> from keil_startup_lpc15xx.o(.text) referenced from keil_startup_lpc15xx.o(RESET)
 <LI><a href="#[24]">UART1_IRQHandler</a> from keil_startup_lpc15xx.o(.text) referenced from keil_startup_lpc15xx.o(RESET)
 <LI><a href="#[25]">UART2_IRQHandler</a> from keil_startup_lpc15xx.o(.text) referenced from keil_startup_lpc15xx.o(RESET)
 <LI><a href="#[2c]">USBWakeup_IRQHandler</a> from keil_startup_lpc15xx.o(.text) referenced from keil_startup_lpc15xx.o(RESET)
 <LI><a href="#[2b]">USB_FIQHandler</a> from keil_startup_lpc15xx.o(.text) referenced from keil_startup_lpc15xx.o(RESET)
 <LI><a href="#[2a]">USB_IRQHandler</a> from keil_startup_lpc15xx.o(.text) referenced from keil_startup_lpc15xx.o(RESET)
 <LI><a href="#[e]">WDT_IRQHandler</a> from keil_startup_lpc15xx.o(.text) referenced from keil_startup_lpc15xx.o(RESET)
 <LI><a href="#[47]">__main</a> from __main.o(!!!main) referenced from keil_startup_lpc15xx.o(.text)
 <LI><a href="#[40]">_printf_input_char</a> from _printf_char_common.o(.text) referenced from _printf_char_common.o(.text)
 <LI><a href="#[3f]">fputc</a> from board.o(i.fputc) referenced from _printf_char_file.o(.text)
 <LI><a href="#[44]">i2c_task</a> from main.o(i.i2c_task) referenced from main.o(i.main)
 <LI><a href="#[46]">prvIdleTask</a> from tasks.o(i.prvIdleTask) referenced from tasks.o(i.vTaskStartScheduler)
 <LI><a href="#[45]">prvTaskExitError</a> from port.o(i.prvTaskExitError) referenced from port.o(i.pxPortInitialiseStack)
 <LI><a href="#[41]">vLEDTask1</a> from main.o(i.vLEDTask1) referenced from main.o(i.main)
 <LI><a href="#[42]">vLEDTask2</a> from main.o(i.vLEDTask2) referenced from main.o(i.main)
 <LI><a href="#[43]">vUARTTask</a> from main.o(i.vUARTTask) referenced from main.o(i.main)
</UL>
<P>
<H3>
Global Symbols
</H3>
<P><STRONG><a name="[47]"></a>__main</STRONG> (Thumb, 8 bytes, Stack size 0 bytes, __main.o(!!!main))
<BR><BR>[Calls]<UL><LI><a href="#[4a]">&gt;&gt;</a>&nbsp;&nbsp;&nbsp;__rt_entry
<LI><a href="#[49]">&gt;&gt;</a>&nbsp;&nbsp;&nbsp;__scatterload
</UL>

<P><STRONG><a name="[49]"></a>__scatterload</STRONG> (Thumb, 0 bytes, Stack size unknown bytes, __scatter.o(!!!scatter))
<BR><BR>[Called By]<UL><LI><a href="#[47]">&gt;&gt;</a>&nbsp;&nbsp;&nbsp;__main
</UL>

<P><STRONG><a name="[4b]"></a>__scatterload_rt2</STRONG> (Thumb, 44 bytes, Stack size unknown bytes, __scatter.o(!!!scatter), UNUSED)
<BR><BR>[Calls]<UL><LI><a href="#[4a]">&gt;&gt;</a>&nbsp;&nbsp;&nbsp;__rt_entry
</UL>

<P><STRONG><a name="[10c]"></a>__scatterload_rt2_thumb_only</STRONG> (Thumb, 0 bytes, Stack size unknown bytes, __scatter.o(!!!scatter), UNUSED)

<P><STRONG><a name="[10d]"></a>__scatterload_null</STRONG> (Thumb, 0 bytes, Stack size unknown bytes, __scatter.o(!!!scatter), UNUSED)

<P><STRONG><a name="[4c]"></a>__scatterload_copy</STRONG> (Thumb, 26 bytes, Stack size unknown bytes, __scatter_copy.o(!!handler_copy), UNUSED)
<BR><BR>[Calls]<UL><LI><a href="#[4c]">&gt;&gt;</a>&nbsp;&nbsp;&nbsp;__scatterload_copy
</UL>
<BR>[Called By]<UL><LI><a href="#[4c]">&gt;&gt;</a>&nbsp;&nbsp;&nbsp;__scatterload_copy
</UL>

<P><STRONG><a name="[10e]"></a>__scatterload_zeroinit</STRONG> (Thumb, 28 bytes, Stack size unknown bytes, __scatter_zi.o(!!handler_zi), UNUSED)

<P><STRONG><a name="[4d]"></a>_printf_d</STRONG> (Thumb, 0 bytes, Stack size unknown bytes, _printf_d.o(.ARM.Collect$$_printf_percent$$00000009))
<BR><BR>[Stack]<UL><LI>Max Depth = 56 + Unknown Stack Size
<LI>Call Chain = _printf_d &rArr; _printf_int_dec &rArr; _printf_int_common
</UL>
<BR>[Calls]<UL><LI><a href="#[4e]">&gt;&gt;</a>&nbsp;&nbsp;&nbsp;_printf_int_dec
</UL>

<P><STRONG><a name="[67]"></a>_printf_percent</STRONG> (Thumb, 0 bytes, Stack size unknown bytes, _printf_percent.o(.ARM.Collect$$_printf_percent$$00000000))
<BR><BR>[Called By]<UL><LI><a href="#[66]">&gt;&gt;</a>&nbsp;&nbsp;&nbsp;__printf
</UL>

<P><STRONG><a name="[10f]"></a>_printf_percent_end</STRONG> (Thumb, 0 bytes, Stack size unknown bytes, _printf_percent_end.o(.ARM.Collect$$_printf_percent$$00000017))

<P><STRONG><a name="[54]"></a>__rt_lib_init</STRONG> (Thumb, 0 bytes, Stack size unknown bytes, libinit.o(.ARM.Collect$$libinit$$00000000))
<BR><BR>[Called By]<UL><LI><a href="#[53]">&gt;&gt;</a>&nbsp;&nbsp;&nbsp;__rt_entry_li
</UL>

<P><STRONG><a name="[110]"></a>__rt_lib_init_fp_1</STRONG> (Thumb, 0 bytes, Stack size unknown bytes, libinit2.o(.ARM.Collect$$libinit$$00000002))

<P><STRONG><a name="[4f]"></a>__rt_lib_init_heap_2</STRONG> (Thumb, 0 bytes, Stack size unknown bytes, libinit2.o(.ARM.Collect$$libinit$$00000005))
<BR><BR>[Stack]<UL><LI>Max Depth = 64 + Unknown Stack Size
<LI>Call Chain = __rt_lib_init_heap_2 &rArr; _init_alloc &rArr; __rt_SIGRTMEM &rArr; __rt_SIGRTMEM_inner &rArr; __default_signal_display &rArr; _ttywrch
</UL>
<BR>[Calls]<UL><LI><a href="#[50]">&gt;&gt;</a>&nbsp;&nbsp;&nbsp;_init_alloc
</UL>

<P><STRONG><a name="[111]"></a>__rt_lib_init_preinit_1</STRONG> (Thumb, 0 bytes, Stack size unknown bytes, libinit2.o(.ARM.Collect$$libinit$$00000004))

<P><STRONG><a name="[112]"></a>__rt_lib_init_alloca_1</STRONG> (Thumb, 0 bytes, Stack size unknown bytes, libinit2.o(.ARM.Collect$$libinit$$0000002E))

<P><STRONG><a name="[113]"></a>__rt_lib_init_argv_1</STRONG> (Thumb, 0 bytes, Stack size unknown bytes, libinit2.o(.ARM.Collect$$libinit$$0000002C))

<P><STRONG><a name="[114]"></a>__rt_lib_init_atexit_1</STRONG> (Thumb, 0 bytes, Stack size unknown bytes, libinit2.o(.ARM.Collect$$libinit$$0000001B))

<P><STRONG><a name="[115]"></a>__rt_lib_init_clock_1</STRONG> (Thumb, 0 bytes, Stack size unknown bytes, libinit2.o(.ARM.Collect$$libinit$$00000021))

<P><STRONG><a name="[116]"></a>__rt_lib_init_cpp_1</STRONG> (Thumb, 0 bytes, Stack size unknown bytes, libinit2.o(.ARM.Collect$$libinit$$00000032))

<P><STRONG><a name="[117]"></a>__rt_lib_init_exceptions_1</STRONG> (Thumb, 0 bytes, Stack size unknown bytes, libinit2.o(.ARM.Collect$$libinit$$00000030))

<P><STRONG><a name="[118]"></a>__rt_lib_init_fp_trap_1</STRONG> (Thumb, 0 bytes, Stack size unknown bytes, libinit2.o(.ARM.Collect$$libinit$$0000001F))

<P><STRONG><a name="[119]"></a>__rt_lib_init_getenv_1</STRONG> (Thumb, 0 bytes, Stack size unknown bytes, libinit2.o(.ARM.Collect$$libinit$$00000023))

<P><STRONG><a name="[11a]"></a>__rt_lib_init_heap_1</STRONG> (Thumb, 0 bytes, Stack size unknown bytes, libinit2.o(.ARM.Collect$$libinit$$0000000A))

<P><STRONG><a name="[11b]"></a>__rt_lib_init_lc_collate_1</STRONG> (Thumb, 0 bytes, Stack size unknown bytes, libinit2.o(.ARM.Collect$$libinit$$00000011))

<P><STRONG><a name="[11c]"></a>__rt_lib_init_lc_ctype_1</STRONG> (Thumb, 0 bytes, Stack size unknown bytes, libinit2.o(.ARM.Collect$$libinit$$00000013))

<P><STRONG><a name="[11d]"></a>__rt_lib_init_lc_monetary_1</STRONG> (Thumb, 0 bytes, Stack size unknown bytes, libinit2.o(.ARM.Collect$$libinit$$00000015))

<P><STRONG><a name="[11e]"></a>__rt_lib_init_lc_numeric_1</STRONG> (Thumb, 0 bytes, Stack size unknown bytes, libinit2.o(.ARM.Collect$$libinit$$00000017))

<P><STRONG><a name="[11f]"></a>__rt_lib_init_lc_time_1</STRONG> (Thumb, 0 bytes, Stack size unknown bytes, libinit2.o(.ARM.Collect$$libinit$$00000019))

<P><STRONG><a name="[120]"></a>__rt_lib_init_rand_1</STRONG> (Thumb, 0 bytes, Stack size unknown bytes, libinit2.o(.ARM.Collect$$libinit$$0000000E))

<P><STRONG><a name="[121]"></a>__rt_lib_init_return</STRONG> (Thumb, 0 bytes, Stack size unknown bytes, libinit2.o(.ARM.Collect$$libinit$$00000033))

<P><STRONG><a name="[122]"></a>__rt_lib_init_signal_1</STRONG> (Thumb, 0 bytes, Stack size unknown bytes, libinit2.o(.ARM.Collect$$libinit$$0000001D))

<P><STRONG><a name="[123]"></a>__rt_lib_init_stdio_1</STRONG> (Thumb, 0 bytes, Stack size unknown bytes, libinit2.o(.ARM.Collect$$libinit$$00000025))

<P><STRONG><a name="[124]"></a>__rt_lib_init_user_alloc_1</STRONG> (Thumb, 0 bytes, Stack size unknown bytes, libinit2.o(.ARM.Collect$$libinit$$0000000C))

<P><STRONG><a name="[59]"></a>__rt_lib_shutdown</STRONG> (Thumb, 0 bytes, Stack size unknown bytes, libshutdown.o(.ARM.Collect$$libshutdown$$00000000))
<BR><BR>[Called By]<UL><LI><a href="#[58]">&gt;&gt;</a>&nbsp;&nbsp;&nbsp;__rt_exit_ls
</UL>

<P><STRONG><a name="[125]"></a>__rt_lib_shutdown_cpp_1</STRONG> (Thumb, 0 bytes, Stack size unknown bytes, libshutdown2.o(.ARM.Collect$$libshutdown$$00000002))

<P><STRONG><a name="[126]"></a>__rt_lib_shutdown_fp_trap_1</STRONG> (Thumb, 0 bytes, Stack size unknown bytes, libshutdown2.o(.ARM.Collect$$libshutdown$$00000007))

<P><STRONG><a name="[127]"></a>__rt_lib_shutdown_heap_1</STRONG> (Thumb, 0 bytes, Stack size unknown bytes, libshutdown2.o(.ARM.Collect$$libshutdown$$0000000F))

<P><STRONG><a name="[128]"></a>__rt_lib_shutdown_return</STRONG> (Thumb, 0 bytes, Stack size unknown bytes, libshutdown2.o(.ARM.Collect$$libshutdown$$00000010))

<P><STRONG><a name="[129]"></a>__rt_lib_shutdown_signal_1</STRONG> (Thumb, 0 bytes, Stack size unknown bytes, libshutdown2.o(.ARM.Collect$$libshutdown$$0000000A))

<P><STRONG><a name="[12a]"></a>__rt_lib_shutdown_stdio_1</STRONG> (Thumb, 0 bytes, Stack size unknown bytes, libshutdown2.o(.ARM.Collect$$libshutdown$$00000004))

<P><STRONG><a name="[12b]"></a>__rt_lib_shutdown_user_alloc_1</STRONG> (Thumb, 0 bytes, Stack size unknown bytes, libshutdown2.o(.ARM.Collect$$libshutdown$$0000000C))

<P><STRONG><a name="[4a]"></a>__rt_entry</STRONG> (Thumb, 0 bytes, Stack size unknown bytes, __rtentry.o(.ARM.Collect$$rtentry$$00000000))
<BR><BR>[Called By]<UL><LI><a href="#[47]">&gt;&gt;</a>&nbsp;&nbsp;&nbsp;__main
<LI><a href="#[4b]">&gt;&gt;</a>&nbsp;&nbsp;&nbsp;__scatterload_rt2
</UL>

<P><STRONG><a name="[12c]"></a>__rt_entry_presh_1</STRONG> (Thumb, 0 bytes, Stack size unknown bytes, __rtentry2.o(.ARM.Collect$$rtentry$$00000002))

<P><STRONG><a name="[51]"></a>__rt_entry_sh</STRONG> (Thumb, 0 bytes, Stack size unknown bytes, __rtentry4.o(.ARM.Collect$$rtentry$$00000004))
<BR><BR>[Stack]<UL><LI>Max Depth = 8 + Unknown Stack Size
<LI>Call Chain = __rt_entry_sh &rArr; __user_setup_stackheap
</UL>
<BR>[Calls]<UL><LI><a href="#[52]">&gt;&gt;</a>&nbsp;&nbsp;&nbsp;__user_setup_stackheap
</UL>

<P><STRONG><a name="[53]"></a>__rt_entry_li</STRONG> (Thumb, 0 bytes, Stack size unknown bytes, __rtentry2.o(.ARM.Collect$$rtentry$$0000000A))
<BR><BR>[Calls]<UL><LI><a href="#[54]">&gt;&gt;</a>&nbsp;&nbsp;&nbsp;__rt_lib_init
</UL>

<P><STRONG><a name="[12d]"></a>__rt_entry_postsh_1</STRONG> (Thumb, 0 bytes, Stack size unknown bytes, __rtentry2.o(.ARM.Collect$$rtentry$$00000009))

<P><STRONG><a name="[55]"></a>__rt_entry_main</STRONG> (Thumb, 0 bytes, Stack size unknown bytes, __rtentry2.o(.ARM.Collect$$rtentry$$0000000D))
<BR><BR>[Stack]<UL><LI>Max Depth = 192 + Unknown Stack Size
<LI>Call Chain = __rt_entry_main &rArr; main &rArr; vTaskStartScheduler &rArr; xTaskGenericCreate &rArr; prvAllocateTCBAndStack &rArr; pvPortMalloc &rArr; malloc &rArr; __Heap_Full &rArr; __Heap_ProvideMemory &rArr; free
</UL>
<BR>[Calls]<UL><LI><a href="#[56]">&gt;&gt;</a>&nbsp;&nbsp;&nbsp;main
<LI><a href="#[57]">&gt;&gt;</a>&nbsp;&nbsp;&nbsp;exit
</UL>

<P><STRONG><a name="[12e]"></a>__rt_entry_postli_1</STRONG> (Thumb, 0 bytes, Stack size unknown bytes, __rtentry2.o(.ARM.Collect$$rtentry$$0000000C))

<P><STRONG><a name="[79]"></a>__rt_exit</STRONG> (Thumb, 0 bytes, Stack size unknown bytes, rtexit.o(.ARM.Collect$$rtexit$$00000000))
<BR><BR>[Called By]<UL><LI><a href="#[57]">&gt;&gt;</a>&nbsp;&nbsp;&nbsp;exit
</UL>

<P><STRONG><a name="[58]"></a>__rt_exit_ls</STRONG> (Thumb, 0 bytes, Stack size unknown bytes, rtexit2.o(.ARM.Collect$$rtexit$$00000003))
<BR><BR>[Calls]<UL><LI><a href="#[59]">&gt;&gt;</a>&nbsp;&nbsp;&nbsp;__rt_lib_shutdown
</UL>

<P><STRONG><a name="[12f]"></a>__rt_exit_prels_1</STRONG> (Thumb, 0 bytes, Stack size unknown bytes, rtexit2.o(.ARM.Collect$$rtexit$$00000002))

<P><STRONG><a name="[5a]"></a>__rt_exit_exit</STRONG> (Thumb, 0 bytes, Stack size unknown bytes, rtexit2.o(.ARM.Collect$$rtexit$$00000004))
<BR><BR>[Calls]<UL><LI><a href="#[5b]">&gt;&gt;</a>&nbsp;&nbsp;&nbsp;_sys_exit
</UL>

<P><STRONG><a name="[b]"></a>SVC_Handler</STRONG> (Thumb, 32 bytes, Stack size 0 bytes, port.o(.emb_text))
<BR>[Address Reference Count : 1]<UL><LI> keil_startup_lpc15xx.o(RESET)
</UL>
<P><STRONG><a name="[ea]"></a>__asm___6_port_c_39a90d8d__prvStartFirstTask</STRONG> (Thumb, 28 bytes, Stack size 0 bytes, port.o(.emb_text))
<BR><BR>[Called By]<UL><LI><a href="#[e8]">&gt;&gt;</a>&nbsp;&nbsp;&nbsp;xPortStartScheduler
</UL>

<P><STRONG><a name="[c]"></a>PendSV_Handler</STRONG> (Thumb, 64 bytes, Stack size 0 bytes, port.o(.emb_text))
<BR><BR>[Calls]<UL><LI><a href="#[5c]">&gt;&gt;</a>&nbsp;&nbsp;&nbsp;vTaskSwitchContext
</UL>
<BR>[Address Reference Count : 1]<UL><LI> keil_startup_lpc15xx.o(RESET)
</UL>
<P><STRONG><a name="[b0]"></a>ulPortSetInterruptMask</STRONG> (Thumb, 14 bytes, Stack size 0 bytes, port.o(.emb_text))
<BR><BR>[Called By]<UL><LI><a href="#[d5]">&gt;&gt;</a>&nbsp;&nbsp;&nbsp;vPortEnterCritical
<LI><a href="#[c5]">&gt;&gt;</a>&nbsp;&nbsp;&nbsp;vTaskStartScheduler
<LI><a href="#[d]">&gt;&gt;</a>&nbsp;&nbsp;&nbsp;SysTick_Handler
<LI><a href="#[45]">&gt;&gt;</a>&nbsp;&nbsp;&nbsp;prvTaskExitError
</UL>

<P><STRONG><a name="[b2]"></a>vPortClearInterruptMask</STRONG> (Thumb, 6 bytes, Stack size 0 bytes, port.o(.emb_text))
<BR><BR>[Called By]<UL><LI><a href="#[d7]">&gt;&gt;</a>&nbsp;&nbsp;&nbsp;vPortExitCritical
<LI><a href="#[d]">&gt;&gt;</a>&nbsp;&nbsp;&nbsp;SysTick_Handler
</UL>

<P><STRONG><a name="[130]"></a>vPortGetIPSR</STRONG> (Thumb, 6 bytes, Stack size 0 bytes, port.o(.emb_text), UNUSED)

<P><STRONG><a name="[8]"></a>Reset_Handler</STRONG> (Thumb, 8 bytes, Stack size 0 bytes, keil_startup_lpc15xx.o(.text))
<BR>[Address Reference Count : 1]<UL><LI> keil_startup_lpc15xx.o(RESET)
</UL>
<P><STRONG><a name="[131]"></a>_maybe_terminate_alloc</STRONG> (Thumb, 0 bytes, Stack size 0 bytes, maybetermalloc1.o(.emb_text), UNUSED)

<P><STRONG><a name="[9]"></a>NMI_Handler</STRONG> (Thumb, 2 bytes, Stack size 0 bytes, keil_startup_lpc15xx.o(.text))
<BR><BR>[Calls]<UL><LI><a href="#[9]">&gt;&gt;</a>&nbsp;&nbsp;&nbsp;NMI_Handler
</UL>
<BR>[Called By]<UL><LI><a href="#[9]">&gt;&gt;</a>&nbsp;&nbsp;&nbsp;NMI_Handler
</UL>
<BR>[Address Reference Count : 1]<UL><LI> keil_startup_lpc15xx.o(RESET)
</UL>
<P><STRONG><a name="[a]"></a>HardFault_Handler</STRONG> (Thumb, 2 bytes, Stack size 0 bytes, keil_startup_lpc15xx.o(.text))
<BR><BR>[Calls]<UL><LI><a href="#[a]">&gt;&gt;</a>&nbsp;&nbsp;&nbsp;HardFault_Handler
</UL>
<BR>[Called By]<UL><LI><a href="#[a]">&gt;&gt;</a>&nbsp;&nbsp;&nbsp;HardFault_Handler
</UL>
<BR>[Address Reference Count : 1]<UL><LI> keil_startup_lpc15xx.o(RESET)
</UL>
<P><STRONG><a name="[5d]"></a>Reserved_IRQHandler</STRONG> (Thumb, 2 bytes, Stack size 0 bytes, keil_startup_lpc15xx.o(.text), UNUSED)
<BR><BR>[Calls]<UL><LI><a href="#[5d]">&gt;&gt;</a>&nbsp;&nbsp;&nbsp;Reserved_IRQHandler
</UL>
<BR>[Called By]<UL><LI><a href="#[5d]">&gt;&gt;</a>&nbsp;&nbsp;&nbsp;Reserved_IRQHandler
</UL>

<P><STRONG><a name="[36]"></a>ACMP0_IRQHandler</STRONG> (Thumb, 0 bytes, Stack size 0 bytes, keil_startup_lpc15xx.o(.text))
<BR><BR>[Calls]<UL><LI><a href="#[36]">&gt;&gt;</a>&nbsp;&nbsp;&nbsp;ACMP0_IRQHandler
</UL>
<BR>[Called By]<UL><LI><a href="#[36]">&gt;&gt;</a>&nbsp;&nbsp;&nbsp;ACMP0_IRQHandler
</UL>
<BR>[Address Reference Count : 1]<UL><LI> keil_startup_lpc15xx.o(RESET)
</UL>
<P><STRONG><a name="[37]"></a>ACMP1_IRQHandler</STRONG> (Thumb, 0 bytes, Stack size 0 bytes, keil_startup_lpc15xx.o(.text))
<BR>[Address Reference Count : 1]<UL><LI> keil_startup_lpc15xx.o(RESET)
</UL>
<P><STRONG><a name="[38]"></a>ACMP2_IRQHandler</STRONG> (Thumb, 0 bytes, Stack size 0 bytes, keil_startup_lpc15xx.o(.text))
<BR>[Address Reference Count : 1]<UL><LI> keil_startup_lpc15xx.o(RESET)
</UL>
<P><STRONG><a name="[39]"></a>ACMP3_IRQHandler</STRONG> (Thumb, 0 bytes, Stack size 0 bytes, keil_startup_lpc15xx.o(.text))
<BR>[Address Reference Count : 1]<UL><LI> keil_startup_lpc15xx.o(RESET)
</UL>
<P><STRONG><a name="[2d]"></a>ADC0A_IRQHandler</STRONG> (Thumb, 0 bytes, Stack size 0 bytes, keil_startup_lpc15xx.o(.text))
<BR>[Address Reference Count : 1]<UL><LI> keil_startup_lpc15xx.o(RESET)
</UL>
<P><STRONG><a name="[2e]"></a>ADC0B_IRQHandler</STRONG> (Thumb, 0 bytes, Stack size 0 bytes, keil_startup_lpc15xx.o(.text))
<BR>[Address Reference Count : 1]<UL><LI> keil_startup_lpc15xx.o(RESET)
</UL>
<P><STRONG><a name="[30]"></a>ADC0_OVR_IRQHandler</STRONG> (Thumb, 0 bytes, Stack size 0 bytes, keil_startup_lpc15xx.o(.text))
<BR>[Address Reference Count : 1]<UL><LI> keil_startup_lpc15xx.o(RESET)
</UL>
<P><STRONG><a name="[2f]"></a>ADC0_THCMP_IRQHandler</STRONG> (Thumb, 0 bytes, Stack size 0 bytes, keil_startup_lpc15xx.o(.text))
<BR>[Address Reference Count : 1]<UL><LI> keil_startup_lpc15xx.o(RESET)
</UL>
<P><STRONG><a name="[31]"></a>ADC1A_IRQHandler</STRONG> (Thumb, 0 bytes, Stack size 0 bytes, keil_startup_lpc15xx.o(.text))
<BR>[Address Reference Count : 1]<UL><LI> keil_startup_lpc15xx.o(RESET)
</UL>
<P><STRONG><a name="[32]"></a>ADC1B_IRQHandler</STRONG> (Thumb, 0 bytes, Stack size 0 bytes, keil_startup_lpc15xx.o(.text))
<BR>[Address Reference Count : 1]<UL><LI> keil_startup_lpc15xx.o(RESET)
</UL>
<P><STRONG><a name="[34]"></a>ADC1_OVR_IRQHandler</STRONG> (Thumb, 0 bytes, Stack size 0 bytes, keil_startup_lpc15xx.o(.text))
<BR>[Address Reference Count : 1]<UL><LI> keil_startup_lpc15xx.o(RESET)
</UL>
<P><STRONG><a name="[33]"></a>ADC1_THCMP_IRQHandler</STRONG> (Thumb, 0 bytes, Stack size 0 bytes, keil_startup_lpc15xx.o(.text))
<BR>[Address Reference Count : 1]<UL><LI> keil_startup_lpc15xx.o(RESET)
</UL>
<P><STRONG><a name="[f]"></a>BOD_IRQHandler</STRONG> (Thumb, 0 bytes, Stack size 0 bytes, keil_startup_lpc15xx.o(.text))
<BR>[Address Reference Count : 1]<UL><LI> keil_startup_lpc15xx.o(RESET)
</UL>
<P><STRONG><a name="[29]"></a>CAN_IRQHandler</STRONG> (Thumb, 0 bytes, Stack size 0 bytes, keil_startup_lpc15xx.o(.text))
<BR>[Address Reference Count : 1]<UL><LI> keil_startup_lpc15xx.o(RESET)
</UL>
<P><STRONG><a name="[35]"></a>DAC_IRQHandler</STRONG> (Thumb, 0 bytes, Stack size 0 bytes, keil_startup_lpc15xx.o(.text))
<BR>[Address Reference Count : 1]<UL><LI> keil_startup_lpc15xx.o(RESET)
</UL>
<P><STRONG><a name="[12]"></a>DMA_IRQHandler</STRONG> (Thumb, 0 bytes, Stack size 0 bytes, keil_startup_lpc15xx.o(.text))
<BR>[Address Reference Count : 1]<UL><LI> keil_startup_lpc15xx.o(RESET)
</UL>
<P><STRONG><a name="[11]"></a>EEPROM_IRQHandler</STRONG> (Thumb, 0 bytes, Stack size 0 bytes, keil_startup_lpc15xx.o(.text))
<BR>[Address Reference Count : 1]<UL><LI> keil_startup_lpc15xx.o(RESET)
</UL>
<P><STRONG><a name="[10]"></a>FMC_IRQHandler</STRONG> (Thumb, 0 bytes, Stack size 0 bytes, keil_startup_lpc15xx.o(.text))
<BR>[Address Reference Count : 1]<UL><LI> keil_startup_lpc15xx.o(RESET)
</UL>
<P><STRONG><a name="[13]"></a>GINT0_IRQHandler</STRONG> (Thumb, 0 bytes, Stack size 0 bytes, keil_startup_lpc15xx.o(.text))
<BR>[Address Reference Count : 1]<UL><LI> keil_startup_lpc15xx.o(RESET)
</UL>
<P><STRONG><a name="[14]"></a>GINT1_IRQHandler</STRONG> (Thumb, 0 bytes, Stack size 0 bytes, keil_startup_lpc15xx.o(.text))
<BR>[Address Reference Count : 1]<UL><LI> keil_startup_lpc15xx.o(RESET)
</UL>
<P><STRONG><a name="[26]"></a>I2C0_IRQHandler</STRONG> (Thumb, 0 bytes, Stack size 0 bytes, keil_startup_lpc15xx.o(.text))
<BR>[Address Reference Count : 1]<UL><LI> keil_startup_lpc15xx.o(RESET)
</UL>
<P><STRONG><a name="[22]"></a>MRT_IRQHandler</STRONG> (Thumb, 0 bytes, Stack size 0 bytes, keil_startup_lpc15xx.o(.text))
<BR>[Address Reference Count : 1]<UL><LI> keil_startup_lpc15xx.o(RESET)
</UL>
<P><STRONG><a name="[15]"></a>PIN_INT0_IRQHandler</STRONG> (Thumb, 0 bytes, Stack size 0 bytes, keil_startup_lpc15xx.o(.text))
<BR>[Address Reference Count : 1]<UL><LI> keil_startup_lpc15xx.o(RESET)
</UL>
<P><STRONG><a name="[16]"></a>PIN_INT1_IRQHandler</STRONG> (Thumb, 0 bytes, Stack size 0 bytes, keil_startup_lpc15xx.o(.text))
<BR>[Address Reference Count : 1]<UL><LI> keil_startup_lpc15xx.o(RESET)
</UL>
<P><STRONG><a name="[17]"></a>PIN_INT2_IRQHandler</STRONG> (Thumb, 0 bytes, Stack size 0 bytes, keil_startup_lpc15xx.o(.text))
<BR>[Address Reference Count : 1]<UL><LI> keil_startup_lpc15xx.o(RESET)
</UL>
<P><STRONG><a name="[18]"></a>PIN_INT3_IRQHandler</STRONG> (Thumb, 0 bytes, Stack size 0 bytes, keil_startup_lpc15xx.o(.text))
<BR>[Address Reference Count : 1]<UL><LI> keil_startup_lpc15xx.o(RESET)
</UL>
<P><STRONG><a name="[19]"></a>PIN_INT4_IRQHandler</STRONG> (Thumb, 0 bytes, Stack size 0 bytes, keil_startup_lpc15xx.o(.text))
<BR>[Address Reference Count : 1]<UL><LI> keil_startup_lpc15xx.o(RESET)
</UL>
<P><STRONG><a name="[1a]"></a>PIN_INT5_IRQHandler</STRONG> (Thumb, 0 bytes, Stack size 0 bytes, keil_startup_lpc15xx.o(.text))
<BR>[Address Reference Count : 1]<UL><LI> keil_startup_lpc15xx.o(RESET)
</UL>
<P><STRONG><a name="[1b]"></a>PIN_INT6_IRQHandler</STRONG> (Thumb, 0 bytes, Stack size 0 bytes, keil_startup_lpc15xx.o(.text))
<BR>[Address Reference Count : 1]<UL><LI> keil_startup_lpc15xx.o(RESET)
</UL>
<P><STRONG><a name="[1c]"></a>PIN_INT7_IRQHandler</STRONG> (Thumb, 0 bytes, Stack size 0 bytes, keil_startup_lpc15xx.o(.text))
<BR>[Address Reference Count : 1]<UL><LI> keil_startup_lpc15xx.o(RESET)
</UL>
<P><STRONG><a name="[3a]"></a>QEI_IRQHandler</STRONG> (Thumb, 0 bytes, Stack size 0 bytes, keil_startup_lpc15xx.o(.text))
<BR>[Address Reference Count : 1]<UL><LI> keil_startup_lpc15xx.o(RESET)
</UL>
<P><STRONG><a name="[1d]"></a>RIT_IRQHandler</STRONG> (Thumb, 0 bytes, Stack size 0 bytes, keil_startup_lpc15xx.o(.text))
<BR>[Address Reference Count : 1]<UL><LI> keil_startup_lpc15xx.o(RESET)
</UL>
<P><STRONG><a name="[3b]"></a>RTC_ALARM_IRQHandler</STRONG> (Thumb, 0 bytes, Stack size 0 bytes, keil_startup_lpc15xx.o(.text))
<BR>[Address Reference Count : 1]<UL><LI> keil_startup_lpc15xx.o(RESET)
</UL>
<P><STRONG><a name="[3c]"></a>RTC_WAKE_IRQHandler</STRONG> (Thumb, 0 bytes, Stack size 0 bytes, keil_startup_lpc15xx.o(.text))
<BR>[Address Reference Count : 1]<UL><LI> keil_startup_lpc15xx.o(RESET)
</UL>
<P><STRONG><a name="[1e]"></a>SCT0_IRQHandler</STRONG> (Thumb, 0 bytes, Stack size 0 bytes, keil_startup_lpc15xx.o(.text))
<BR>[Address Reference Count : 1]<UL><LI> keil_startup_lpc15xx.o(RESET)
</UL>
<P><STRONG><a name="[1f]"></a>SCT1_IRQHandler</STRONG> (Thumb, 0 bytes, Stack size 0 bytes, keil_startup_lpc15xx.o(.text))
<BR>[Address Reference Count : 1]<UL><LI> keil_startup_lpc15xx.o(RESET)
</UL>
<P><STRONG><a name="[20]"></a>SCT2_IRQHandler</STRONG> (Thumb, 0 bytes, Stack size 0 bytes, keil_startup_lpc15xx.o(.text))
<BR>[Address Reference Count : 1]<UL><LI> keil_startup_lpc15xx.o(RESET)
</UL>
<P><STRONG><a name="[21]"></a>SCT3_IRQHandler</STRONG> (Thumb, 0 bytes, Stack size 0 bytes, keil_startup_lpc15xx.o(.text))
<BR>[Address Reference Count : 1]<UL><LI> keil_startup_lpc15xx.o(RESET)
</UL>
<P><STRONG><a name="[27]"></a>SPI0_IRQHandler</STRONG> (Thumb, 0 bytes, Stack size 0 bytes, keil_startup_lpc15xx.o(.text))
<BR>[Address Reference Count : 1]<UL><LI> keil_startup_lpc15xx.o(RESET)
</UL>
<P><STRONG><a name="[28]"></a>SPI1_IRQHandler</STRONG> (Thumb, 0 bytes, Stack size 0 bytes, keil_startup_lpc15xx.o(.text))
<BR>[Address Reference Count : 1]<UL><LI> keil_startup_lpc15xx.o(RESET)
</UL>
<P><STRONG><a name="[23]"></a>UART0_IRQHandler</STRONG> (Thumb, 0 bytes, Stack size 0 bytes, keil_startup_lpc15xx.o(.text))
<BR>[Address Reference Count : 1]<UL><LI> keil_startup_lpc15xx.o(RESET)
</UL>
<P><STRONG><a name="[24]"></a>UART1_IRQHandler</STRONG> (Thumb, 0 bytes, Stack size 0 bytes, keil_startup_lpc15xx.o(.text))
<BR>[Address Reference Count : 1]<UL><LI> keil_startup_lpc15xx.o(RESET)
</UL>
<P><STRONG><a name="[25]"></a>UART2_IRQHandler</STRONG> (Thumb, 0 bytes, Stack size 0 bytes, keil_startup_lpc15xx.o(.text))
<BR>[Address Reference Count : 1]<UL><LI> keil_startup_lpc15xx.o(RESET)
</UL>
<P><STRONG><a name="[2c]"></a>USBWakeup_IRQHandler</STRONG> (Thumb, 0 bytes, Stack size 0 bytes, keil_startup_lpc15xx.o(.text))
<BR>[Address Reference Count : 1]<UL><LI> keil_startup_lpc15xx.o(RESET)
</UL>
<P><STRONG><a name="[2b]"></a>USB_FIQHandler</STRONG> (Thumb, 0 bytes, Stack size 0 bytes, keil_startup_lpc15xx.o(.text))
<BR>[Address Reference Count : 1]<UL><LI> keil_startup_lpc15xx.o(RESET)
</UL>
<P><STRONG><a name="[2a]"></a>USB_IRQHandler</STRONG> (Thumb, 0 bytes, Stack size 0 bytes, keil_startup_lpc15xx.o(.text))
<BR>[Address Reference Count : 1]<UL><LI> keil_startup_lpc15xx.o(RESET)
</UL>
<P><STRONG><a name="[e]"></a>WDT_IRQHandler</STRONG> (Thumb, 0 bytes, Stack size 0 bytes, keil_startup_lpc15xx.o(.text))
<BR>[Address Reference Count : 1]<UL><LI> keil_startup_lpc15xx.o(RESET)
</UL>
<P><STRONG><a name="[78]"></a>__user_initial_stackheap</STRONG> (Thumb, 0 bytes, Stack size unknown bytes, keil_startup_lpc15xx.o(.text))
<BR><BR>[Called By]<UL><LI><a href="#[52]">&gt;&gt;</a>&nbsp;&nbsp;&nbsp;__user_setup_stackheap
</UL>

<P><STRONG><a name="[5e]"></a>malloc</STRONG> (Thumb, 94 bytes, Stack size 16 bytes, h1_alloc.o(.text))
<BR><BR>[Stack]<UL><LI>Max Depth = 48<LI>Call Chain = malloc &rArr; __Heap_Full &rArr; __Heap_ProvideMemory &rArr; free
</UL>
<BR>[Calls]<UL><LI><a href="#[60]">&gt;&gt;</a>&nbsp;&nbsp;&nbsp;__Heap_Full
<LI><a href="#[5f]">&gt;&gt;</a>&nbsp;&nbsp;&nbsp;__rt_heap_descriptor
</UL>
<BR>[Called By]<UL><LI><a href="#[d0]">&gt;&gt;</a>&nbsp;&nbsp;&nbsp;pvPortMalloc
</UL>

<P><STRONG><a name="[61]"></a>__aeabi_memset</STRONG> (Thumb, 16 bytes, Stack size 0 bytes, aeabi_memset.o(.text))
<BR><BR>[Calls]<UL><LI><a href="#[62]">&gt;&gt;</a>&nbsp;&nbsp;&nbsp;_memset
</UL>
<BR>[Called By]<UL><LI><a href="#[cf]">&gt;&gt;</a>&nbsp;&nbsp;&nbsp;prvAllocateTCBAndStack
</UL>

<P><STRONG><a name="[132]"></a>__use_two_region_memory</STRONG> (Thumb, 2 bytes, Stack size 0 bytes, heapauxi.o(.text), UNUSED)

<P><STRONG><a name="[133]"></a>__rt_heap_escrow$2region</STRONG> (Thumb, 2 bytes, Stack size 0 bytes, heapauxi.o(.text), UNUSED)

<P><STRONG><a name="[134]"></a>__rt_heap_expand$2region</STRONG> (Thumb, 2 bytes, Stack size 0 bytes, heapauxi.o(.text), UNUSED)

<P><STRONG><a name="[63]"></a>free</STRONG> (Thumb, 78 bytes, Stack size 16 bytes, h1_free.o(.text))
<BR><BR>[Stack]<UL><LI>Max Depth = 16<LI>Call Chain = free
</UL>
<BR>[Calls]<UL><LI><a href="#[5f]">&gt;&gt;</a>&nbsp;&nbsp;&nbsp;__rt_heap_descriptor
</UL>
<BR>[Called By]<UL><LI><a href="#[d1]">&gt;&gt;</a>&nbsp;&nbsp;&nbsp;vPortFree
<LI><a href="#[6a]">&gt;&gt;</a>&nbsp;&nbsp;&nbsp;__Heap_ProvideMemory
</UL>

<P><STRONG><a name="[9a]"></a>__aeabi_uldivmod</STRONG> (Thumb, 0 bytes, Stack size 48 bytes, lludivv7m.o(.text))
<BR><BR>[Stack]<UL><LI>Max Depth = 48<LI>Call Chain = __aeabi_uldivmod
</UL>
<BR>[Called By]<UL><LI><a href="#[99]">&gt;&gt;</a>&nbsp;&nbsp;&nbsp;Chip_Clock_GetUARTBaseClockRate
<LI><a href="#[81]">&gt;&gt;</a>&nbsp;&nbsp;&nbsp;Chip_Clock_SetUARTBaseClockRate
</UL>

<P><STRONG><a name="[135]"></a>_ll_udiv</STRONG> (Thumb, 238 bytes, Stack size 48 bytes, lludivv7m.o(.text), UNUSED)

<P><STRONG><a name="[64]"></a>__2printf</STRONG> (Thumb, 20 bytes, Stack size 24 bytes, noretval__2printf.o(.text))
<BR><BR>[Stack]<UL><LI>Max Depth = 128 + Unknown Stack Size
<LI>Call Chain = __2printf &rArr; _printf_char_file &rArr; _printf_char_common &rArr; __printf
</UL>
<BR>[Calls]<UL><LI><a href="#[65]">&gt;&gt;</a>&nbsp;&nbsp;&nbsp;_printf_char_file
</UL>
<BR>[Called By]<UL><LI><a href="#[c2]">&gt;&gt;</a>&nbsp;&nbsp;&nbsp;readPressure
<LI><a href="#[aa]">&gt;&gt;</a>&nbsp;&nbsp;&nbsp;ReadTemp
<LI><a href="#[7c]">&gt;&gt;</a>&nbsp;&nbsp;&nbsp;BMPInit
<LI><a href="#[43]">&gt;&gt;</a>&nbsp;&nbsp;&nbsp;vUARTTask
</UL>

<P><STRONG><a name="[66]"></a>__printf</STRONG> (Thumb, 104 bytes, Stack size 24 bytes, __printf.o(.text))
<BR><BR>[Stack]<UL><LI>Max Depth = 24 + Unknown Stack Size
<LI>Call Chain = __printf
</UL>
<BR>[Calls]<UL><LI><a href="#[67]">&gt;&gt;</a>&nbsp;&nbsp;&nbsp;_printf_percent
</UL>
<BR>[Called By]<UL><LI><a href="#[71]">&gt;&gt;</a>&nbsp;&nbsp;&nbsp;_printf_char_common
</UL>

<P><STRONG><a name="[4e]"></a>_printf_int_dec</STRONG> (Thumb, 104 bytes, Stack size 24 bytes, _printf_dec.o(.text))
<BR><BR>[Stack]<UL><LI>Max Depth = 56<LI>Call Chain = _printf_int_dec &rArr; _printf_int_common
</UL>
<BR>[Calls]<UL><LI><a href="#[68]">&gt;&gt;</a>&nbsp;&nbsp;&nbsp;_printf_int_common
</UL>
<BR>[Called By]<UL><LI><a href="#[4d]">&gt;&gt;</a>&nbsp;&nbsp;&nbsp;_printf_d
</UL>

<P><STRONG><a name="[5f]"></a>__rt_heap_descriptor</STRONG> (Thumb, 8 bytes, Stack size 0 bytes, rt_heap_descriptor_intlibspace.o(.text))
<BR><BR>[Called By]<UL><LI><a href="#[50]">&gt;&gt;</a>&nbsp;&nbsp;&nbsp;_init_alloc
<LI><a href="#[63]">&gt;&gt;</a>&nbsp;&nbsp;&nbsp;free
<LI><a href="#[5e]">&gt;&gt;</a>&nbsp;&nbsp;&nbsp;malloc
</UL>

<P><STRONG><a name="[136]"></a>__use_no_heap</STRONG> (Thumb, 2 bytes, Stack size 0 bytes, hguard.o(.text), UNUSED)

<P><STRONG><a name="[137]"></a>__heap$guard</STRONG> (Thumb, 2 bytes, Stack size 0 bytes, hguard.o(.text), UNUSED)

<P><STRONG><a name="[6]"></a>_terminate_user_alloc</STRONG> (Thumb, 2 bytes, Stack size 0 bytes, init_alloc.o(.text), UNUSED)

<P><STRONG><a name="[4]"></a>_init_user_alloc</STRONG> (Thumb, 2 bytes, Stack size 0 bytes, init_alloc.o(.text), UNUSED)

<P><STRONG><a name="[60]"></a>__Heap_Full</STRONG> (Thumb, 34 bytes, Stack size 16 bytes, init_alloc.o(.text))
<BR><BR>[Stack]<UL><LI>Max Depth = 32<LI>Call Chain = __Heap_Full &rArr; __Heap_ProvideMemory &rArr; free
</UL>
<BR>[Calls]<UL><LI><a href="#[69]">&gt;&gt;</a>&nbsp;&nbsp;&nbsp;__rt_heap_expand
<LI><a href="#[6a]">&gt;&gt;</a>&nbsp;&nbsp;&nbsp;__Heap_ProvideMemory
</UL>
<BR>[Called By]<UL><LI><a href="#[5e]">&gt;&gt;</a>&nbsp;&nbsp;&nbsp;malloc
</UL>

<P><STRONG><a name="[6b]"></a>__Heap_Broken</STRONG> (Thumb, 6 bytes, Stack size 0 bytes, init_alloc.o(.text), UNUSED)
<BR><BR>[Calls]<UL><LI><a href="#[6c]">&gt;&gt;</a>&nbsp;&nbsp;&nbsp;__rt_SIGRTMEM
</UL>

<P><STRONG><a name="[50]"></a>_init_alloc</STRONG> (Thumb, 94 bytes, Stack size 24 bytes, init_alloc.o(.text))
<BR><BR>[Stack]<UL><LI>Max Depth = 64<LI>Call Chain = _init_alloc &rArr; __rt_SIGRTMEM &rArr; __rt_SIGRTMEM_inner &rArr; __default_signal_display &rArr; _ttywrch
</UL>
<BR>[Calls]<UL><LI><a href="#[69]">&gt;&gt;</a>&nbsp;&nbsp;&nbsp;__rt_heap_expand
<LI><a href="#[6c]">&gt;&gt;</a>&nbsp;&nbsp;&nbsp;__rt_SIGRTMEM
<LI><a href="#[6a]">&gt;&gt;</a>&nbsp;&nbsp;&nbsp;__Heap_ProvideMemory
<LI><a href="#[6d]">&gt;&gt;</a>&nbsp;&nbsp;&nbsp;__Heap_Initialize
<LI><a href="#[5f]">&gt;&gt;</a>&nbsp;&nbsp;&nbsp;__rt_heap_descriptor
</UL>
<BR>[Called By]<UL><LI><a href="#[4f]">&gt;&gt;</a>&nbsp;&nbsp;&nbsp;__rt_lib_init_heap_2
</UL>

<P><STRONG><a name="[6d]"></a>__Heap_Initialize</STRONG> (Thumb, 10 bytes, Stack size 0 bytes, h1_init.o(.text))
<BR><BR>[Called By]<UL><LI><a href="#[50]">&gt;&gt;</a>&nbsp;&nbsp;&nbsp;_init_alloc
</UL>

<P><STRONG><a name="[2]"></a>__Heap_DescSize</STRONG> (Thumb, 4 bytes, Stack size 0 bytes, h1_init.o(.text), UNUSED)

<P><STRONG><a name="[6e]"></a>__read_errno</STRONG> (Thumb, 10 bytes, Stack size 8 bytes, _rserrno.o(.text), UNUSED)
<BR><BR>[Calls]<UL><LI><a href="#[6f]">&gt;&gt;</a>&nbsp;&nbsp;&nbsp;__aeabi_errno_addr
</UL>

<P><STRONG><a name="[70]"></a>__set_errno</STRONG> (Thumb, 12 bytes, Stack size 8 bytes, _rserrno.o(.text))
<BR><BR>[Stack]<UL><LI>Max Depth = 8<LI>Call Chain = __set_errno
</UL>
<BR>[Calls]<UL><LI><a href="#[6f]">&gt;&gt;</a>&nbsp;&nbsp;&nbsp;__aeabi_errno_addr
</UL>
<BR>[Called By]<UL><LI><a href="#[c7]">&gt;&gt;</a>&nbsp;&nbsp;&nbsp;sqrt
<LI><a href="#[c6]">&gt;&gt;</a>&nbsp;&nbsp;&nbsp;pow
</UL>

<P><STRONG><a name="[68]"></a>_printf_int_common</STRONG> (Thumb, 178 bytes, Stack size 32 bytes, _printf_intcommon.o(.text))
<BR><BR>[Stack]<UL><LI>Max Depth = 32<LI>Call Chain = _printf_int_common
</UL>
<BR>[Called By]<UL><LI><a href="#[4e]">&gt;&gt;</a>&nbsp;&nbsp;&nbsp;_printf_int_dec
</UL>

<P><STRONG><a name="[65]"></a>_printf_char_file</STRONG> (Thumb, 32 bytes, Stack size 16 bytes, _printf_char_file.o(.text))
<BR><BR>[Stack]<UL><LI>Max Depth = 104 + Unknown Stack Size
<LI>Call Chain = _printf_char_file &rArr; _printf_char_common &rArr; __printf
</UL>
<BR>[Calls]<UL><LI><a href="#[72]">&gt;&gt;</a>&nbsp;&nbsp;&nbsp;ferror
<LI><a href="#[71]">&gt;&gt;</a>&nbsp;&nbsp;&nbsp;_printf_char_common
</UL>
<BR>[Called By]<UL><LI><a href="#[64]">&gt;&gt;</a>&nbsp;&nbsp;&nbsp;__2printf
</UL>

<P><STRONG><a name="[138]"></a>__aeabi_memclr</STRONG> (Thumb, 0 bytes, Stack size 0 bytes, rt_memclr.o(.text), UNUSED)

<P><STRONG><a name="[73]"></a>__rt_memclr</STRONG> (Thumb, 68 bytes, Stack size 0 bytes, rt_memclr.o(.text), UNUSED)
<BR><BR>[Calls]<UL><LI><a href="#[74]">&gt;&gt;</a>&nbsp;&nbsp;&nbsp;_memset_w
</UL>

<P><STRONG><a name="[62]"></a>_memset</STRONG> (Thumb, 0 bytes, Stack size unknown bytes, rt_memclr.o(.text))
<BR><BR>[Called By]<UL><LI><a href="#[61]">&gt;&gt;</a>&nbsp;&nbsp;&nbsp;__aeabi_memset
</UL>

<P><STRONG><a name="[139]"></a>__user_libspace</STRONG> (Thumb, 8 bytes, Stack size 0 bytes, libspace.o(.text), UNUSED)

<P><STRONG><a name="[77]"></a>__user_perproc_libspace</STRONG> (Thumb, 0 bytes, Stack size 0 bytes, libspace.o(.text))
<BR><BR>[Called By]<UL><LI><a href="#[52]">&gt;&gt;</a>&nbsp;&nbsp;&nbsp;__user_setup_stackheap
</UL>

<P><STRONG><a name="[13a]"></a>__user_perthread_libspace</STRONG> (Thumb, 0 bytes, Stack size 0 bytes, libspace.o(.text), UNUSED)

<P><STRONG><a name="[6f]"></a>__aeabi_errno_addr</STRONG> (Thumb, 8 bytes, Stack size 0 bytes, rt_errno_addr_intlibspace.o(.text))
<BR><BR>[Called By]<UL><LI><a href="#[70]">&gt;&gt;</a>&nbsp;&nbsp;&nbsp;__set_errno
<LI><a href="#[6e]">&gt;&gt;</a>&nbsp;&nbsp;&nbsp;__read_errno
</UL>

<P><STRONG><a name="[13b]"></a>__errno$intlibspace</STRONG> (Thumb, 0 bytes, Stack size 0 bytes, rt_errno_addr_intlibspace.o(.text), UNUSED)

<P><STRONG><a name="[13c]"></a>__rt_errno_addr$intlibspace</STRONG> (Thumb, 0 bytes, Stack size 0 bytes, rt_errno_addr_intlibspace.o(.text), UNUSED)

<P><STRONG><a name="[6a]"></a>__Heap_ProvideMemory</STRONG> (Thumb, 52 bytes, Stack size 0 bytes, h1_extend.o(.text))
<BR><BR>[Stack]<UL><LI>Max Depth = 16<LI>Call Chain = __Heap_ProvideMemory &rArr; free
</UL>
<BR>[Calls]<UL><LI><a href="#[63]">&gt;&gt;</a>&nbsp;&nbsp;&nbsp;free
</UL>
<BR>[Called By]<UL><LI><a href="#[50]">&gt;&gt;</a>&nbsp;&nbsp;&nbsp;_init_alloc
<LI><a href="#[60]">&gt;&gt;</a>&nbsp;&nbsp;&nbsp;__Heap_Full
</UL>

<P><STRONG><a name="[71]"></a>_printf_char_common</STRONG> (Thumb, 32 bytes, Stack size 64 bytes, _printf_char_common.o(.text))
<BR><BR>[Stack]<UL><LI>Max Depth = 88 + Unknown Stack Size
<LI>Call Chain = _printf_char_common &rArr; __printf
</UL>
<BR>[Calls]<UL><LI><a href="#[66]">&gt;&gt;</a>&nbsp;&nbsp;&nbsp;__printf
</UL>
<BR>[Called By]<UL><LI><a href="#[65]">&gt;&gt;</a>&nbsp;&nbsp;&nbsp;_printf_char_file
</UL>

<P><STRONG><a name="[6c]"></a>__rt_SIGRTMEM</STRONG> (Thumb, 14 bytes, Stack size 8 bytes, defsig_rtmem_outer.o(.text))
<BR><BR>[Stack]<UL><LI>Max Depth = 40<LI>Call Chain = __rt_SIGRTMEM &rArr; __rt_SIGRTMEM_inner &rArr; __default_signal_display &rArr; _ttywrch
</UL>
<BR>[Calls]<UL><LI><a href="#[75]">&gt;&gt;</a>&nbsp;&nbsp;&nbsp;__rt_SIGRTMEM_inner
<LI><a href="#[76]">&gt;&gt;</a>&nbsp;&nbsp;&nbsp;__sig_exit
</UL>
<BR>[Called By]<UL><LI><a href="#[50]">&gt;&gt;</a>&nbsp;&nbsp;&nbsp;_init_alloc
<LI><a href="#[6b]">&gt;&gt;</a>&nbsp;&nbsp;&nbsp;__Heap_Broken
</UL>

<P><STRONG><a name="[13d]"></a>__aeabi_memclr4</STRONG> (Thumb, 0 bytes, Stack size 4 bytes, rt_memclr_w.o(.text), UNUSED)

<P><STRONG><a name="[13e]"></a>__aeabi_memclr8</STRONG> (Thumb, 0 bytes, Stack size 4 bytes, rt_memclr_w.o(.text), UNUSED)

<P><STRONG><a name="[13f]"></a>__rt_memclr_w</STRONG> (Thumb, 78 bytes, Stack size 4 bytes, rt_memclr_w.o(.text), UNUSED)

<P><STRONG><a name="[74]"></a>_memset_w</STRONG> (Thumb, 0 bytes, Stack size unknown bytes, rt_memclr_w.o(.text), UNUSED)
<BR><BR>[Called By]<UL><LI><a href="#[73]">&gt;&gt;</a>&nbsp;&nbsp;&nbsp;__rt_memclr
</UL>

<P><STRONG><a name="[1]"></a>__rt_heap_escrow</STRONG> (Thumb, 2 bytes, Stack size 0 bytes, heapauxiu.o(.text), UNUSED)

<P><STRONG><a name="[69]"></a>__rt_heap_expand</STRONG> (Thumb, 8 bytes, Stack size 8 bytes, heapauxiu.o(.text))
<BR><BR>[Stack]<UL><LI>Max Depth = 8<LI>Call Chain = __rt_heap_expand
</UL>
<BR>[Calls]<UL><LI><a href="#[48]">&gt;&gt;</a>&nbsp;&nbsp;&nbsp;__user_heap_extend
</UL>
<BR>[Called By]<UL><LI><a href="#[50]">&gt;&gt;</a>&nbsp;&nbsp;&nbsp;_init_alloc
<LI><a href="#[60]">&gt;&gt;</a>&nbsp;&nbsp;&nbsp;__Heap_Full
</UL>

<P><STRONG><a name="[140]"></a>__I$use$semihosting</STRONG> (Thumb, 0 bytes, Stack size 0 bytes, use_no_semi.o(.text), UNUSED)

<P><STRONG><a name="[141]"></a>__use_no_semihosting_swi</STRONG> (Thumb, 2 bytes, Stack size 0 bytes, use_no_semi.o(.text), UNUSED)

<P><STRONG><a name="[142]"></a>__semihosting_library_function</STRONG> (Thumb, 0 bytes, Stack size 8 bytes, indicate_semi.o(.text), UNUSED)

<P><STRONG><a name="[52]"></a>__user_setup_stackheap</STRONG> (Thumb, 74 bytes, Stack size 8 bytes, sys_stackheap_outer.o(.text))
<BR><BR>[Stack]<UL><LI>Max Depth = 8 + Unknown Stack Size
<LI>Call Chain = __user_setup_stackheap
</UL>
<BR>[Calls]<UL><LI><a href="#[78]">&gt;&gt;</a>&nbsp;&nbsp;&nbsp;__user_initial_stackheap
<LI><a href="#[77]">&gt;&gt;</a>&nbsp;&nbsp;&nbsp;__user_perproc_libspace
</UL>
<BR>[Called By]<UL><LI><a href="#[51]">&gt;&gt;</a>&nbsp;&nbsp;&nbsp;__rt_entry_sh
</UL>

<P><STRONG><a name="[57]"></a>exit</STRONG> (Thumb, 18 bytes, Stack size 8 bytes, exit.o(.text))
<BR><BR>[Stack]<UL><LI>Max Depth = 8 + Unknown Stack Size
<LI>Call Chain = exit
</UL>
<BR>[Calls]<UL><LI><a href="#[79]">&gt;&gt;</a>&nbsp;&nbsp;&nbsp;__rt_exit
</UL>
<BR>[Called By]<UL><LI><a href="#[55]">&gt;&gt;</a>&nbsp;&nbsp;&nbsp;__rt_entry_main
</UL>

<P><STRONG><a name="[76]"></a>__sig_exit</STRONG> (Thumb, 10 bytes, Stack size 0 bytes, defsig_exit.o(.text))
<BR><BR>[Calls]<UL><LI><a href="#[5b]">&gt;&gt;</a>&nbsp;&nbsp;&nbsp;_sys_exit
</UL>
<BR>[Called By]<UL><LI><a href="#[6c]">&gt;&gt;</a>&nbsp;&nbsp;&nbsp;__rt_SIGRTMEM
</UL>

<P><STRONG><a name="[75]"></a>__rt_SIGRTMEM_inner</STRONG> (Thumb, 22 bytes, Stack size 8 bytes, defsig_rtmem_inner.o(.text))
<BR><BR>[Stack]<UL><LI>Max Depth = 32<LI>Call Chain = __rt_SIGRTMEM_inner &rArr; __default_signal_display &rArr; _ttywrch
</UL>
<BR>[Calls]<UL><LI><a href="#[7a]">&gt;&gt;</a>&nbsp;&nbsp;&nbsp;__default_signal_display
</UL>
<BR>[Called By]<UL><LI><a href="#[6c]">&gt;&gt;</a>&nbsp;&nbsp;&nbsp;__rt_SIGRTMEM
</UL>

<P><STRONG><a name="[7a]"></a>__default_signal_display</STRONG> (Thumb, 50 bytes, Stack size 16 bytes, defsig_general.o(.text))
<BR><BR>[Stack]<UL><LI>Max Depth = 24<LI>Call Chain = __default_signal_display &rArr; _ttywrch
</UL>
<BR>[Calls]<UL><LI><a href="#[7b]">&gt;&gt;</a>&nbsp;&nbsp;&nbsp;_ttywrch
</UL>
<BR>[Called By]<UL><LI><a href="#[75]">&gt;&gt;</a>&nbsp;&nbsp;&nbsp;__rt_SIGRTMEM_inner
</UL>

<P><STRONG><a name="[7b]"></a>_ttywrch</STRONG> (Thumb, 14 bytes, Stack size 8 bytes, sys_wrch.o(.text))
<BR><BR>[Stack]<UL><LI>Max Depth = 8<LI>Call Chain = _ttywrch
</UL>
<BR>[Called By]<UL><LI><a href="#[7a]">&gt;&gt;</a>&nbsp;&nbsp;&nbsp;__default_signal_display
</UL>

<P><STRONG><a name="[7c]"></a>BMPInit</STRONG> (Thumb, 286 bytes, Stack size 40 bytes, main.o(i.BMPInit))
<BR><BR>[Stack]<UL><LI>Max Depth = 168 + Unknown Stack Size
<LI>Call Chain = BMPInit &rArr; __2printf &rArr; _printf_char_file &rArr; _printf_char_common &rArr; __printf
</UL>
<BR>[Calls]<UL><LI><a href="#[7d]">&gt;&gt;</a>&nbsp;&nbsp;&nbsp;SetupXferRecAndExecute
<LI><a href="#[64]">&gt;&gt;</a>&nbsp;&nbsp;&nbsp;__2printf
</UL>
<BR>[Called By]<UL><LI><a href="#[44]">&gt;&gt;</a>&nbsp;&nbsp;&nbsp;i2c_task
</UL>

<P><STRONG><a name="[7e]"></a>Board_Debug_Init</STRONG> (Thumb, 88 bytes, Stack size 8 bytes, board.o(i.Board_Debug_Init))
<BR><BR>[Stack]<UL><LI>Max Depth = 88<LI>Call Chain = Board_Debug_Init &rArr; Chip_UART_SetBaud &rArr; Chip_Clock_GetUARTBaseClockRate &rArr; __aeabi_uldivmod
</UL>
<BR>[Calls]<UL><LI><a href="#[83]">&gt;&gt;</a>&nbsp;&nbsp;&nbsp;Chip_UART_SetBaud
<LI><a href="#[82]">&gt;&gt;</a>&nbsp;&nbsp;&nbsp;Chip_UART_Init
<LI><a href="#[7f]">&gt;&gt;</a>&nbsp;&nbsp;&nbsp;Chip_SWM_MovablePortPinAssign
<LI><a href="#[81]">&gt;&gt;</a>&nbsp;&nbsp;&nbsp;Chip_Clock_SetUARTBaseClockRate
<LI><a href="#[80]">&gt;&gt;</a>&nbsp;&nbsp;&nbsp;Chip_Clock_GetMainClockRate
</UL>
<BR>[Called By]<UL><LI><a href="#[84]">&gt;&gt;</a>&nbsp;&nbsp;&nbsp;Board_Init
</UL>

<P><STRONG><a name="[84]"></a>Board_Init</STRONG> (Thumb, 68 bytes, Stack size 24 bytes, board.o(i.Board_Init))
<BR><BR>[Stack]<UL><LI>Max Depth = 112<LI>Call Chain = Board_Init &rArr; Board_Debug_Init &rArr; Chip_UART_SetBaud &rArr; Chip_Clock_GetUARTBaseClockRate &rArr; __aeabi_uldivmod
</UL>
<BR>[Calls]<UL><LI><a href="#[85]">&gt;&gt;</a>&nbsp;&nbsp;&nbsp;Chip_GPIO_Init
<LI><a href="#[7e]">&gt;&gt;</a>&nbsp;&nbsp;&nbsp;Board_Debug_Init
</UL>
<BR>[Called By]<UL><LI><a href="#[c3]">&gt;&gt;</a>&nbsp;&nbsp;&nbsp;prvSetupHardware
<LI><a href="#[44]">&gt;&gt;</a>&nbsp;&nbsp;&nbsp;i2c_task
</UL>

<P><STRONG><a name="[c0]"></a>Board_LED_Set</STRONG> (Thumb, 32 bytes, Stack size 8 bytes, board.o(i.Board_LED_Set))
<BR><BR>[Stack]<UL><LI>Max Depth = 8<LI>Call Chain = Board_LED_Set
</UL>
<BR>[Called By]<UL><LI><a href="#[42]">&gt;&gt;</a>&nbsp;&nbsp;&nbsp;vLEDTask2
<LI><a href="#[41]">&gt;&gt;</a>&nbsp;&nbsp;&nbsp;vLEDTask1
<LI><a href="#[c3]">&gt;&gt;</a>&nbsp;&nbsp;&nbsp;prvSetupHardware
<LI><a href="#[44]">&gt;&gt;</a>&nbsp;&nbsp;&nbsp;i2c_task
</UL>

<P><STRONG><a name="[86]"></a>Board_SetupClocking</STRONG> (Thumb, 50 bytes, Stack size 8 bytes, board_sysinit.o(i.Board_SetupClocking))
<BR><BR>[Stack]<UL><LI>Max Depth = 24<LI>Call Chain = Board_SetupClocking &rArr; Chip_SetupXtalClocking
</UL>
<BR>[Calls]<UL><LI><a href="#[87]">&gt;&gt;</a>&nbsp;&nbsp;&nbsp;Chip_SetupXtalClocking
<LI><a href="#[88]">&gt;&gt;</a>&nbsp;&nbsp;&nbsp;Chip_SYSCTL_PowerUp
</UL>
<BR>[Called By]<UL><LI><a href="#[8f]">&gt;&gt;</a>&nbsp;&nbsp;&nbsp;Board_SystemInit
</UL>

<P><STRONG><a name="[89]"></a>Board_SetupMuxing</STRONG> (Thumb, 72 bytes, Stack size 16 bytes, board_sysinit.o(i.Board_SetupMuxing))
<BR><BR>[Stack]<UL><LI>Max Depth = 32<LI>Call Chain = Board_SetupMuxing &rArr; Chip_IOCON_SetPinMuxing
</UL>
<BR>[Calls]<UL><LI><a href="#[8e]">&gt;&gt;</a>&nbsp;&nbsp;&nbsp;Chip_SWM_MovablePinAssign
<LI><a href="#[8c]">&gt;&gt;</a>&nbsp;&nbsp;&nbsp;Chip_SYSCTL_DeassertPeriphReset
<LI><a href="#[8b]">&gt;&gt;</a>&nbsp;&nbsp;&nbsp;Chip_SYSCTL_AssertPeriphReset
<LI><a href="#[8d]">&gt;&gt;</a>&nbsp;&nbsp;&nbsp;Chip_IOCON_SetPinMuxing
<LI><a href="#[8a]">&gt;&gt;</a>&nbsp;&nbsp;&nbsp;Chip_Clock_EnablePeriphClock
</UL>
<BR>[Called By]<UL><LI><a href="#[8f]">&gt;&gt;</a>&nbsp;&nbsp;&nbsp;Board_SystemInit
</UL>

<P><STRONG><a name="[8f]"></a>Board_SystemInit</STRONG> (Thumb, 20 bytes, Stack size 8 bytes, board_sysinit.o(i.Board_SystemInit))
<BR><BR>[Stack]<UL><LI>Max Depth = 40<LI>Call Chain = Board_SystemInit &rArr; Board_SetupMuxing &rArr; Chip_IOCON_SetPinMuxing
</UL>
<BR>[Calls]<UL><LI><a href="#[89]">&gt;&gt;</a>&nbsp;&nbsp;&nbsp;Board_SetupMuxing
<LI><a href="#[86]">&gt;&gt;</a>&nbsp;&nbsp;&nbsp;Board_SetupClocking
</UL>
<BR>[Called By]<UL><LI><a href="#[3d]">&gt;&gt;</a>&nbsp;&nbsp;&nbsp;SystemInit
</UL>

<P><STRONG><a name="[90]"></a>Board_UARTPutChar</STRONG> (Thumb, 14 bytes, Stack size 8 bytes, board.o(i.Board_UARTPutChar))
<BR><BR>[Stack]<UL><LI>Max Depth = 36<LI>Call Chain = Board_UARTPutChar &rArr; Chip_UART_SendBlocking &rArr; Chip_UART_Send
</UL>
<BR>[Calls]<UL><LI><a href="#[91]">&gt;&gt;</a>&nbsp;&nbsp;&nbsp;Chip_UART_SendBlocking
</UL>
<BR>[Called By]<UL><LI><a href="#[3f]">&gt;&gt;</a>&nbsp;&nbsp;&nbsp;fputc
</UL>

<P><STRONG><a name="[8a]"></a>Chip_Clock_EnablePeriphClock</STRONG> (Thumb, 28 bytes, Stack size 0 bytes, clock_15xx.o(i.Chip_Clock_EnablePeriphClock))
<BR><BR>[Called By]<UL><LI><a href="#[82]">&gt;&gt;</a>&nbsp;&nbsp;&nbsp;Chip_UART_Init
<LI><a href="#[9f]">&gt;&gt;</a>&nbsp;&nbsp;&nbsp;Chip_I2C_Init
<LI><a href="#[89]">&gt;&gt;</a>&nbsp;&nbsp;&nbsp;Board_SetupMuxing
<LI><a href="#[85]">&gt;&gt;</a>&nbsp;&nbsp;&nbsp;Chip_GPIO_Init
</UL>

<P><STRONG><a name="[80]"></a>Chip_Clock_GetMainClockRate</STRONG> (Thumb, 20 bytes, Stack size 0 bytes, clock_15xx.o(i.Chip_Clock_GetMainClockRate))
<BR><BR>[Stack]<UL><LI>Max Depth = 8<LI>Call Chain = Chip_Clock_GetMainClockRate &rArr; Chip_Clock_GetMain_B_ClockRate &rArr; Chip_Clock_GetSystemPLLOutClockRate
</UL>
<BR>[Calls]<UL><LI><a href="#[92]">&gt;&gt;</a>&nbsp;&nbsp;&nbsp;Chip_Clock_GetMain_B_ClockRate
<LI><a href="#[93]">&gt;&gt;</a>&nbsp;&nbsp;&nbsp;Chip_Clock_GetMain_A_ClockRate
</UL>
<BR>[Called By]<UL><LI><a href="#[9b]">&gt;&gt;</a>&nbsp;&nbsp;&nbsp;Chip_I2CM_SetBusSpeed
<LI><a href="#[99]">&gt;&gt;</a>&nbsp;&nbsp;&nbsp;Chip_Clock_GetUARTBaseClockRate
<LI><a href="#[96]">&gt;&gt;</a>&nbsp;&nbsp;&nbsp;Chip_Clock_GetSystemClockRate
<LI><a href="#[81]">&gt;&gt;</a>&nbsp;&nbsp;&nbsp;Chip_Clock_SetUARTBaseClockRate
<LI><a href="#[7e]">&gt;&gt;</a>&nbsp;&nbsp;&nbsp;Board_Debug_Init
</UL>

<P><STRONG><a name="[93]"></a>Chip_Clock_GetMain_A_ClockRate</STRONG> (Thumb, 36 bytes, Stack size 0 bytes, clock_15xx.o(i.Chip_Clock_GetMain_A_ClockRate))
<BR><BR>[Called By]<UL><LI><a href="#[92]">&gt;&gt;</a>&nbsp;&nbsp;&nbsp;Chip_Clock_GetMain_B_ClockRate
<LI><a href="#[80]">&gt;&gt;</a>&nbsp;&nbsp;&nbsp;Chip_Clock_GetMainClockRate
</UL>

<P><STRONG><a name="[92]"></a>Chip_Clock_GetMain_B_ClockRate</STRONG> (Thumb, 44 bytes, Stack size 0 bytes, clock_15xx.o(i.Chip_Clock_GetMain_B_ClockRate))
<BR><BR>[Stack]<UL><LI>Max Depth = 8<LI>Call Chain = Chip_Clock_GetMain_B_ClockRate &rArr; Chip_Clock_GetSystemPLLOutClockRate
</UL>
<BR>[Calls]<UL><LI><a href="#[95]">&gt;&gt;</a>&nbsp;&nbsp;&nbsp;Chip_Clock_GetSystemPLLOutClockRate
<LI><a href="#[94]">&gt;&gt;</a>&nbsp;&nbsp;&nbsp;Chip_Clock_GetSystemPLLInClockRate
<LI><a href="#[93]">&gt;&gt;</a>&nbsp;&nbsp;&nbsp;Chip_Clock_GetMain_A_ClockRate
</UL>
<BR>[Called By]<UL><LI><a href="#[80]">&gt;&gt;</a>&nbsp;&nbsp;&nbsp;Chip_Clock_GetMainClockRate
</UL>

<P><STRONG><a name="[96]"></a>Chip_Clock_GetSystemClockRate</STRONG> (Thumb, 18 bytes, Stack size 8 bytes, clock_15xx.o(i.Chip_Clock_GetSystemClockRate))
<BR><BR>[Stack]<UL><LI>Max Depth = 16<LI>Call Chain = Chip_Clock_GetSystemClockRate &rArr; Chip_Clock_GetMainClockRate &rArr; Chip_Clock_GetMain_B_ClockRate &rArr; Chip_Clock_GetSystemPLLOutClockRate
</UL>
<BR>[Calls]<UL><LI><a href="#[80]">&gt;&gt;</a>&nbsp;&nbsp;&nbsp;Chip_Clock_GetMainClockRate
</UL>
<BR>[Called By]<UL><LI><a href="#[b3]">&gt;&gt;</a>&nbsp;&nbsp;&nbsp;SystemCoreClockUpdate
</UL>

<P><STRONG><a name="[94]"></a>Chip_Clock_GetSystemPLLInClockRate</STRONG> (Thumb, 10 bytes, Stack size 0 bytes, clock_15xx.o(i.Chip_Clock_GetSystemPLLInClockRate))
<BR><BR>[Calls]<UL><LI><a href="#[97]">&gt;&gt;</a>&nbsp;&nbsp;&nbsp;Chip_Clock_GetPLLInClockRate
</UL>
<BR>[Called By]<UL><LI><a href="#[95]">&gt;&gt;</a>&nbsp;&nbsp;&nbsp;Chip_Clock_GetSystemPLLOutClockRate
<LI><a href="#[92]">&gt;&gt;</a>&nbsp;&nbsp;&nbsp;Chip_Clock_GetMain_B_ClockRate
</UL>

<P><STRONG><a name="[95]"></a>Chip_Clock_GetSystemPLLOutClockRate</STRONG> (Thumb, 22 bytes, Stack size 8 bytes, clock_15xx.o(i.Chip_Clock_GetSystemPLLOutClockRate))
<BR><BR>[Stack]<UL><LI>Max Depth = 8<LI>Call Chain = Chip_Clock_GetSystemPLLOutClockRate
</UL>
<BR>[Calls]<UL><LI><a href="#[94]">&gt;&gt;</a>&nbsp;&nbsp;&nbsp;Chip_Clock_GetSystemPLLInClockRate
<LI><a href="#[98]">&gt;&gt;</a>&nbsp;&nbsp;&nbsp;Chip_Clock_GetPLLFreq
</UL>
<BR>[Called By]<UL><LI><a href="#[92]">&gt;&gt;</a>&nbsp;&nbsp;&nbsp;Chip_Clock_GetMain_B_ClockRate
</UL>

<P><STRONG><a name="[99]"></a>Chip_Clock_GetUARTBaseClockRate</STRONG> (Thumb, 60 bytes, Stack size 16 bytes, clock_15xx.o(i.Chip_Clock_GetUARTBaseClockRate))
<BR><BR>[Stack]<UL><LI>Max Depth = 64<LI>Call Chain = Chip_Clock_GetUARTBaseClockRate &rArr; __aeabi_uldivmod
</UL>
<BR>[Calls]<UL><LI><a href="#[80]">&gt;&gt;</a>&nbsp;&nbsp;&nbsp;Chip_Clock_GetMainClockRate
<LI><a href="#[9a]">&gt;&gt;</a>&nbsp;&nbsp;&nbsp;__aeabi_uldivmod
</UL>
<BR>[Called By]<UL><LI><a href="#[83]">&gt;&gt;</a>&nbsp;&nbsp;&nbsp;Chip_UART_SetBaud
<LI><a href="#[81]">&gt;&gt;</a>&nbsp;&nbsp;&nbsp;Chip_Clock_SetUARTBaseClockRate
</UL>

<P><STRONG><a name="[a4]"></a>Chip_Clock_SetMainClockSource</STRONG> (Thumb, 26 bytes, Stack size 0 bytes, clock_15xx.o(i.Chip_Clock_SetMainClockSource))
<BR><BR>[Called By]<UL><LI><a href="#[87]">&gt;&gt;</a>&nbsp;&nbsp;&nbsp;Chip_SetupXtalClocking
</UL>

<P><STRONG><a name="[81]"></a>Chip_Clock_SetUARTBaseClockRate</STRONG> (Thumb, 76 bytes, Stack size 16 bytes, clock_15xx.o(i.Chip_Clock_SetUARTBaseClockRate))
<BR><BR>[Stack]<UL><LI>Max Depth = 80<LI>Call Chain = Chip_Clock_SetUARTBaseClockRate &rArr; Chip_Clock_GetUARTBaseClockRate &rArr; __aeabi_uldivmod
</UL>
<BR>[Calls]<UL><LI><a href="#[99]">&gt;&gt;</a>&nbsp;&nbsp;&nbsp;Chip_Clock_GetUARTBaseClockRate
<LI><a href="#[80]">&gt;&gt;</a>&nbsp;&nbsp;&nbsp;Chip_Clock_GetMainClockRate
<LI><a href="#[9a]">&gt;&gt;</a>&nbsp;&nbsp;&nbsp;__aeabi_uldivmod
</UL>
<BR>[Called By]<UL><LI><a href="#[7e]">&gt;&gt;</a>&nbsp;&nbsp;&nbsp;Board_Debug_Init
</UL>

<P><STRONG><a name="[85]"></a>Chip_GPIO_Init</STRONG> (Thumb, 44 bytes, Stack size 8 bytes, gpio_15xx.o(i.Chip_GPIO_Init))
<BR><BR>[Stack]<UL><LI>Max Depth = 8<LI>Call Chain = Chip_GPIO_Init
</UL>
<BR>[Calls]<UL><LI><a href="#[8c]">&gt;&gt;</a>&nbsp;&nbsp;&nbsp;Chip_SYSCTL_DeassertPeriphReset
<LI><a href="#[8b]">&gt;&gt;</a>&nbsp;&nbsp;&nbsp;Chip_SYSCTL_AssertPeriphReset
<LI><a href="#[8a]">&gt;&gt;</a>&nbsp;&nbsp;&nbsp;Chip_Clock_EnablePeriphClock
</UL>
<BR>[Called By]<UL><LI><a href="#[84]">&gt;&gt;</a>&nbsp;&nbsp;&nbsp;Board_Init
</UL>

<P><STRONG><a name="[9b]"></a>Chip_I2CM_SetBusSpeed</STRONG> (Thumb, 50 bytes, Stack size 16 bytes, i2cm_15xx.o(i.Chip_I2CM_SetBusSpeed))
<BR><BR>[Stack]<UL><LI>Max Depth = 24<LI>Call Chain = Chip_I2CM_SetBusSpeed &rArr; Chip_Clock_GetMainClockRate &rArr; Chip_Clock_GetMain_B_ClockRate &rArr; Chip_Clock_GetSystemPLLOutClockRate
</UL>
<BR>[Calls]<UL><LI><a href="#[80]">&gt;&gt;</a>&nbsp;&nbsp;&nbsp;Chip_Clock_GetMainClockRate
</UL>
<BR>[Called By]<UL><LI><a href="#[c1]">&gt;&gt;</a>&nbsp;&nbsp;&nbsp;setupI2CMaster
</UL>

<P><STRONG><a name="[9d]"></a>Chip_I2CM_Xfer</STRONG> (Thumb, 34 bytes, Stack size 0 bytes, i2cm_15xx.o(i.Chip_I2CM_Xfer))
<BR><BR>[Called By]<UL><LI><a href="#[9c]">&gt;&gt;</a>&nbsp;&nbsp;&nbsp;Chip_I2CM_XferBlocking
</UL>

<P><STRONG><a name="[9c]"></a>Chip_I2CM_XferBlocking</STRONG> (Thumb, 32 bytes, Stack size 12 bytes, i2cm_15xx.o(i.Chip_I2CM_XferBlocking))
<BR><BR>[Stack]<UL><LI>Max Depth = 32<LI>Call Chain = Chip_I2CM_XferBlocking &rArr; Chip_I2CM_XferHandler
</UL>
<BR>[Calls]<UL><LI><a href="#[9e]">&gt;&gt;</a>&nbsp;&nbsp;&nbsp;Chip_I2CM_XferHandler
<LI><a href="#[9d]">&gt;&gt;</a>&nbsp;&nbsp;&nbsp;Chip_I2CM_Xfer
</UL>
<BR>[Called By]<UL><LI><a href="#[7d]">&gt;&gt;</a>&nbsp;&nbsp;&nbsp;SetupXferRecAndExecute
</UL>

<P><STRONG><a name="[9e]"></a>Chip_I2CM_XferHandler</STRONG> (Thumb, 160 bytes, Stack size 20 bytes, i2cm_15xx.o(i.Chip_I2CM_XferHandler))
<BR><BR>[Stack]<UL><LI>Max Depth = 20<LI>Call Chain = Chip_I2CM_XferHandler
</UL>
<BR>[Called By]<UL><LI><a href="#[9c]">&gt;&gt;</a>&nbsp;&nbsp;&nbsp;Chip_I2CM_XferBlocking
</UL>

<P><STRONG><a name="[9f]"></a>Chip_I2C_Init</STRONG> (Thumb, 26 bytes, Stack size 8 bytes, i2c_common_15xx.o(i.Chip_I2C_Init))
<BR><BR>[Stack]<UL><LI>Max Depth = 8<LI>Call Chain = Chip_I2C_Init
</UL>
<BR>[Calls]<UL><LI><a href="#[8c]">&gt;&gt;</a>&nbsp;&nbsp;&nbsp;Chip_SYSCTL_DeassertPeriphReset
<LI><a href="#[8b]">&gt;&gt;</a>&nbsp;&nbsp;&nbsp;Chip_SYSCTL_AssertPeriphReset
<LI><a href="#[8a]">&gt;&gt;</a>&nbsp;&nbsp;&nbsp;Chip_Clock_EnablePeriphClock
</UL>
<BR>[Called By]<UL><LI><a href="#[c1]">&gt;&gt;</a>&nbsp;&nbsp;&nbsp;setupI2CMaster
</UL>

<P><STRONG><a name="[8d]"></a>Chip_IOCON_SetPinMuxing</STRONG> (Thumb, 36 bytes, Stack size 16 bytes, iocon_15xx.o(i.Chip_IOCON_SetPinMuxing))
<BR><BR>[Stack]<UL><LI>Max Depth = 16<LI>Call Chain = Chip_IOCON_SetPinMuxing
</UL>
<BR>[Called By]<UL><LI><a href="#[89]">&gt;&gt;</a>&nbsp;&nbsp;&nbsp;Board_SetupMuxing
</UL>

<P><STRONG><a name="[a9]"></a>Chip_SWM_EnableFixedPin</STRONG> (Thumb, 28 bytes, Stack size 0 bytes, swm_15xx.o(i.Chip_SWM_EnableFixedPin))
<BR><BR>[Called By]<UL><LI><a href="#[a7]">&gt;&gt;</a>&nbsp;&nbsp;&nbsp;Init_I2C_PinMux
</UL>

<P><STRONG><a name="[8e]"></a>Chip_SWM_MovablePinAssign</STRONG> (Thumb, 30 bytes, Stack size 8 bytes, swm_15xx.o(i.Chip_SWM_MovablePinAssign))
<BR><BR>[Stack]<UL><LI>Max Depth = 8<LI>Call Chain = Chip_SWM_MovablePinAssign
</UL>
<BR>[Called By]<UL><LI><a href="#[a0]">&gt;&gt;</a>&nbsp;&nbsp;&nbsp;Chip_SWM_MovablePortPinAssign
<LI><a href="#[7f]">&gt;&gt;</a>&nbsp;&nbsp;&nbsp;Chip_SWM_MovablePortPinAssign
<LI><a href="#[89]">&gt;&gt;</a>&nbsp;&nbsp;&nbsp;Board_SetupMuxing
</UL>

<P><STRONG><a name="[8b]"></a>Chip_SYSCTL_AssertPeriphReset</STRONG> (Thumb, 30 bytes, Stack size 0 bytes, sysctl_15xx.o(i.Chip_SYSCTL_AssertPeriphReset))
<BR><BR>[Called By]<UL><LI><a href="#[9f]">&gt;&gt;</a>&nbsp;&nbsp;&nbsp;Chip_I2C_Init
<LI><a href="#[a1]">&gt;&gt;</a>&nbsp;&nbsp;&nbsp;Chip_SYSCTL_PeriphReset
<LI><a href="#[89]">&gt;&gt;</a>&nbsp;&nbsp;&nbsp;Board_SetupMuxing
<LI><a href="#[85]">&gt;&gt;</a>&nbsp;&nbsp;&nbsp;Chip_GPIO_Init
</UL>

<P><STRONG><a name="[8c]"></a>Chip_SYSCTL_DeassertPeriphReset</STRONG> (Thumb, 30 bytes, Stack size 0 bytes, sysctl_15xx.o(i.Chip_SYSCTL_DeassertPeriphReset))
<BR><BR>[Called By]<UL><LI><a href="#[9f]">&gt;&gt;</a>&nbsp;&nbsp;&nbsp;Chip_I2C_Init
<LI><a href="#[a1]">&gt;&gt;</a>&nbsp;&nbsp;&nbsp;Chip_SYSCTL_PeriphReset
<LI><a href="#[89]">&gt;&gt;</a>&nbsp;&nbsp;&nbsp;Board_SetupMuxing
<LI><a href="#[85]">&gt;&gt;</a>&nbsp;&nbsp;&nbsp;Chip_GPIO_Init
</UL>

<P><STRONG><a name="[a2]"></a>Chip_SYSCTL_PowerDown</STRONG> (Thumb, 20 bytes, Stack size 0 bytes, sysctl_15xx.o(i.Chip_SYSCTL_PowerDown))
<BR><BR>[Called By]<UL><LI><a href="#[87]">&gt;&gt;</a>&nbsp;&nbsp;&nbsp;Chip_SetupXtalClocking
</UL>

<P><STRONG><a name="[88]"></a>Chip_SYSCTL_PowerUp</STRONG> (Thumb, 20 bytes, Stack size 0 bytes, sysctl_15xx.o(i.Chip_SYSCTL_PowerUp))
<BR><BR>[Called By]<UL><LI><a href="#[87]">&gt;&gt;</a>&nbsp;&nbsp;&nbsp;Chip_SetupXtalClocking
<LI><a href="#[86]">&gt;&gt;</a>&nbsp;&nbsp;&nbsp;Board_SetupClocking
</UL>

<P><STRONG><a name="[87]"></a>Chip_SetupXtalClocking</STRONG> (Thumb, 92 bytes, Stack size 16 bytes, sysinit_15xx.o(i.Chip_SetupXtalClocking))
<BR><BR>[Stack]<UL><LI>Max Depth = 16<LI>Call Chain = Chip_SetupXtalClocking
</UL>
<BR>[Calls]<UL><LI><a href="#[a4]">&gt;&gt;</a>&nbsp;&nbsp;&nbsp;Chip_Clock_SetMainClockSource
<LI><a href="#[a2]">&gt;&gt;</a>&nbsp;&nbsp;&nbsp;Chip_SYSCTL_PowerDown
<LI><a href="#[88]">&gt;&gt;</a>&nbsp;&nbsp;&nbsp;Chip_SYSCTL_PowerUp
<LI><a href="#[a3]">&gt;&gt;</a>&nbsp;&nbsp;&nbsp;Chip_FMC_SetFLASHAccess
</UL>
<BR>[Called By]<UL><LI><a href="#[86]">&gt;&gt;</a>&nbsp;&nbsp;&nbsp;Board_SetupClocking
</UL>

<P><STRONG><a name="[82]"></a>Chip_UART_Init</STRONG> (Thumb, 42 bytes, Stack size 8 bytes, uart_15xx.o(i.Chip_UART_Init))
<BR><BR>[Stack]<UL><LI>Max Depth = 16<LI>Call Chain = Chip_UART_Init &rArr; Chip_SYSCTL_PeriphReset
</UL>
<BR>[Calls]<UL><LI><a href="#[a5]">&gt;&gt;</a>&nbsp;&nbsp;&nbsp;getUARTClockID
<LI><a href="#[a1]">&gt;&gt;</a>&nbsp;&nbsp;&nbsp;Chip_SYSCTL_PeriphReset
<LI><a href="#[8a]">&gt;&gt;</a>&nbsp;&nbsp;&nbsp;Chip_Clock_EnablePeriphClock
</UL>
<BR>[Called By]<UL><LI><a href="#[bf]">&gt;&gt;</a>&nbsp;&nbsp;&nbsp;uart_init
<LI><a href="#[7e]">&gt;&gt;</a>&nbsp;&nbsp;&nbsp;Board_Debug_Init
</UL>

<P><STRONG><a name="[a6]"></a>Chip_UART_Send</STRONG> (Thumb, 28 bytes, Stack size 8 bytes, uart_15xx.o(i.Chip_UART_Send))
<BR><BR>[Stack]<UL><LI>Max Depth = 8<LI>Call Chain = Chip_UART_Send
</UL>
<BR>[Called By]<UL><LI><a href="#[91]">&gt;&gt;</a>&nbsp;&nbsp;&nbsp;Chip_UART_SendBlocking
</UL>

<P><STRONG><a name="[91]"></a>Chip_UART_SendBlocking</STRONG> (Thumb, 36 bytes, Stack size 20 bytes, uart_15xx.o(i.Chip_UART_SendBlocking))
<BR><BR>[Stack]<UL><LI>Max Depth = 28<LI>Call Chain = Chip_UART_SendBlocking &rArr; Chip_UART_Send
</UL>
<BR>[Calls]<UL><LI><a href="#[a6]">&gt;&gt;</a>&nbsp;&nbsp;&nbsp;Chip_UART_Send
</UL>
<BR>[Called By]<UL><LI><a href="#[90]">&gt;&gt;</a>&nbsp;&nbsp;&nbsp;Board_UARTPutChar
</UL>

<P><STRONG><a name="[83]"></a>Chip_UART_SetBaud</STRONG> (Thumb, 22 bytes, Stack size 16 bytes, uart_15xx.o(i.Chip_UART_SetBaud))
<BR><BR>[Stack]<UL><LI>Max Depth = 80<LI>Call Chain = Chip_UART_SetBaud &rArr; Chip_Clock_GetUARTBaseClockRate &rArr; __aeabi_uldivmod
</UL>
<BR>[Calls]<UL><LI><a href="#[99]">&gt;&gt;</a>&nbsp;&nbsp;&nbsp;Chip_Clock_GetUARTBaseClockRate
</UL>
<BR>[Called By]<UL><LI><a href="#[bf]">&gt;&gt;</a>&nbsp;&nbsp;&nbsp;uart_init
<LI><a href="#[7e]">&gt;&gt;</a>&nbsp;&nbsp;&nbsp;Board_Debug_Init
</UL>

<P><STRONG><a name="[aa]"></a>ReadTemp</STRONG> (Thumb, 198 bytes, Stack size 40 bytes, main.o(i.ReadTemp))
<BR><BR>[Stack]<UL><LI>Max Depth = 168 + Unknown Stack Size
<LI>Call Chain = ReadTemp &rArr; __2printf &rArr; _printf_char_file &rArr; _printf_char_common &rArr; __printf
</UL>
<BR>[Calls]<UL><LI><a href="#[7d]">&gt;&gt;</a>&nbsp;&nbsp;&nbsp;SetupXferRecAndExecute
<LI><a href="#[ab]">&gt;&gt;</a>&nbsp;&nbsp;&nbsp;Chip_I2CM_WriteByte
<LI><a href="#[ad]">&gt;&gt;</a>&nbsp;&nbsp;&nbsp;__aeabi_fmul
<LI><a href="#[ac]">&gt;&gt;</a>&nbsp;&nbsp;&nbsp;__aeabi_i2f
<LI><a href="#[ae]">&gt;&gt;</a>&nbsp;&nbsp;&nbsp;__aeabi_f2iz
<LI><a href="#[af]">&gt;&gt;</a>&nbsp;&nbsp;&nbsp;__aeabi_fdiv
<LI><a href="#[64]">&gt;&gt;</a>&nbsp;&nbsp;&nbsp;__2printf
</UL>
<BR>[Called By]<UL><LI><a href="#[44]">&gt;&gt;</a>&nbsp;&nbsp;&nbsp;i2c_task
</UL>

<P><STRONG><a name="[d]"></a>SysTick_Handler</STRONG> (Thumb, 28 bytes, Stack size 8 bytes, port.o(i.SysTick_Handler))
<BR><BR>[Stack]<UL><LI>Max Depth = 32<LI>Call Chain = SysTick_Handler &rArr; xTaskIncrementTick
</UL>
<BR>[Calls]<UL><LI><a href="#[b2]">&gt;&gt;</a>&nbsp;&nbsp;&nbsp;vPortClearInterruptMask
<LI><a href="#[b0]">&gt;&gt;</a>&nbsp;&nbsp;&nbsp;ulPortSetInterruptMask
<LI><a href="#[b1]">&gt;&gt;</a>&nbsp;&nbsp;&nbsp;xTaskIncrementTick
</UL>
<BR>[Address Reference Count : 1]<UL><LI> keil_startup_lpc15xx.o(RESET)
</UL>
<P><STRONG><a name="[b3]"></a>SystemCoreClockUpdate</STRONG> (Thumb, 12 bytes, Stack size 8 bytes, chip_15xx.o(i.SystemCoreClockUpdate))
<BR><BR>[Stack]<UL><LI>Max Depth = 24<LI>Call Chain = SystemCoreClockUpdate &rArr; Chip_Clock_GetSystemClockRate &rArr; Chip_Clock_GetMainClockRate &rArr; Chip_Clock_GetMain_B_ClockRate &rArr; Chip_Clock_GetSystemPLLOutClockRate
</UL>
<BR>[Calls]<UL><LI><a href="#[96]">&gt;&gt;</a>&nbsp;&nbsp;&nbsp;Chip_Clock_GetSystemClockRate
</UL>
<BR>[Called By]<UL><LI><a href="#[c3]">&gt;&gt;</a>&nbsp;&nbsp;&nbsp;prvSetupHardware
<LI><a href="#[44]">&gt;&gt;</a>&nbsp;&nbsp;&nbsp;i2c_task
</UL>

<P><STRONG><a name="[3d]"></a>SystemInit</STRONG> (Thumb, 8 bytes, Stack size 8 bytes, sysinit.o(i.SystemInit))
<BR><BR>[Stack]<UL><LI>Max Depth = 48<LI>Call Chain = SystemInit &rArr; Board_SystemInit &rArr; Board_SetupMuxing &rArr; Chip_IOCON_SetPinMuxing
</UL>
<BR>[Calls]<UL><LI><a href="#[8f]">&gt;&gt;</a>&nbsp;&nbsp;&nbsp;Board_SystemInit
</UL>
<BR>[Address Reference Count : 1]<UL><LI> keil_startup_lpc15xx.o(.text)
</UL>
<P><STRONG><a name="[cc]"></a>__ARM_fpclassify</STRONG> (Thumb, 40 bytes, Stack size 0 bytes, fpclassify.o(i.__ARM_fpclassify))
<BR><BR>[Called By]<UL><LI><a href="#[c6]">&gt;&gt;</a>&nbsp;&nbsp;&nbsp;pow
</UL>

<P><STRONG><a name="[b4]"></a>__kernel_poly</STRONG> (Thumb, 170 bytes, Stack size 24 bytes, poly.o(i.__kernel_poly))
<BR><BR>[Stack]<UL><LI>Max Depth = 56<LI>Call Chain = __kernel_poly &rArr; __aeabi_dmul
</UL>
<BR>[Calls]<UL><LI><a href="#[b6]">&gt;&gt;</a>&nbsp;&nbsp;&nbsp;__aeabi_dadd
<LI><a href="#[b5]">&gt;&gt;</a>&nbsp;&nbsp;&nbsp;__aeabi_dmul
</UL>
<BR>[Called By]<UL><LI><a href="#[c6]">&gt;&gt;</a>&nbsp;&nbsp;&nbsp;pow
</UL>

<P><STRONG><a name="[b7]"></a>__mathlib_dbl_divzero</STRONG> (Thumb, 12 bytes, Stack size 0 bytes, dunder.o(i.__mathlib_dbl_divzero))
<BR><BR>[Stack]<UL><LI>Max Depth = 32<LI>Call Chain = __mathlib_dbl_divzero &rArr; __aeabi_ddiv
</UL>
<BR>[Calls]<UL><LI><a href="#[b8]">&gt;&gt;</a>&nbsp;&nbsp;&nbsp;__aeabi_ddiv
</UL>
<BR>[Called By]<UL><LI><a href="#[c6]">&gt;&gt;</a>&nbsp;&nbsp;&nbsp;pow
</UL>

<P><STRONG><a name="[b9]"></a>__mathlib_dbl_infnan2</STRONG> (Thumb, 4 bytes, Stack size 0 bytes, dunder.o(i.__mathlib_dbl_infnan2))
<BR><BR>[Stack]<UL><LI>Max Depth = 16<LI>Call Chain = __mathlib_dbl_infnan2 &rArr; __aeabi_dadd
</UL>
<BR>[Calls]<UL><LI><a href="#[b6]">&gt;&gt;</a>&nbsp;&nbsp;&nbsp;__aeabi_dadd
</UL>
<BR>[Called By]<UL><LI><a href="#[c6]">&gt;&gt;</a>&nbsp;&nbsp;&nbsp;pow
</UL>

<P><STRONG><a name="[ba]"></a>__mathlib_dbl_invalid</STRONG> (Thumb, 12 bytes, Stack size 0 bytes, dunder.o(i.__mathlib_dbl_invalid))
<BR><BR>[Stack]<UL><LI>Max Depth = 32<LI>Call Chain = __mathlib_dbl_invalid &rArr; __aeabi_ddiv
</UL>
<BR>[Calls]<UL><LI><a href="#[b8]">&gt;&gt;</a>&nbsp;&nbsp;&nbsp;__aeabi_ddiv
</UL>
<BR>[Called By]<UL><LI><a href="#[c6]">&gt;&gt;</a>&nbsp;&nbsp;&nbsp;pow
</UL>

<P><STRONG><a name="[bb]"></a>__mathlib_dbl_overflow</STRONG> (Thumb, 14 bytes, Stack size 0 bytes, dunder.o(i.__mathlib_dbl_overflow))
<BR><BR>[Calls]<UL><LI><a href="#[bc]">&gt;&gt;</a>&nbsp;&nbsp;&nbsp;__ARM_scalbn
</UL>
<BR>[Called By]<UL><LI><a href="#[c6]">&gt;&gt;</a>&nbsp;&nbsp;&nbsp;pow
</UL>

<P><STRONG><a name="[bd]"></a>__mathlib_dbl_underflow</STRONG> (Thumb, 10 bytes, Stack size 0 bytes, dunder.o(i.__mathlib_dbl_underflow))
<BR><BR>[Calls]<UL><LI><a href="#[bc]">&gt;&gt;</a>&nbsp;&nbsp;&nbsp;__ARM_scalbn
</UL>
<BR>[Called By]<UL><LI><a href="#[c6]">&gt;&gt;</a>&nbsp;&nbsp;&nbsp;pow
</UL>

<P><STRONG><a name="[48]"></a>__user_heap_extend</STRONG> (Thumb, 22 bytes, Stack size 0 bytes, freertoscommonhooks.o(i.__user_heap_extend))
<BR><BR>[Called By]<UL><LI><a href="#[69]">&gt;&gt;</a>&nbsp;&nbsp;&nbsp;__rt_heap_expand
</UL>

<P><STRONG><a name="[5b]"></a>_sys_exit</STRONG> (Thumb, 4 bytes, Stack size 0 bytes, board.o(i._sys_exit))
<BR><BR>[Calls]<UL><LI><a href="#[5b]">&gt;&gt;</a>&nbsp;&nbsp;&nbsp;_sys_exit
</UL>
<BR>[Called By]<UL><LI><a href="#[5b]">&gt;&gt;</a>&nbsp;&nbsp;&nbsp;_sys_exit
<LI><a href="#[5a]">&gt;&gt;</a>&nbsp;&nbsp;&nbsp;__rt_exit_exit
<LI><a href="#[76]">&gt;&gt;</a>&nbsp;&nbsp;&nbsp;__sig_exit
</UL>

<P><STRONG><a name="[72]"></a>ferror</STRONG> (Thumb, 6 bytes, Stack size 0 bytes, board.o(i.ferror))
<BR><BR>[Called By]<UL><LI><a href="#[65]">&gt;&gt;</a>&nbsp;&nbsp;&nbsp;_printf_char_file
</UL>

<P><STRONG><a name="[3f]"></a>fputc</STRONG> (Thumb, 12 bytes, Stack size 8 bytes, board.o(i.fputc))
<BR><BR>[Stack]<UL><LI>Max Depth = 44<LI>Call Chain = fputc &rArr; Board_UARTPutChar &rArr; Chip_UART_SendBlocking &rArr; Chip_UART_Send
</UL>
<BR>[Calls]<UL><LI><a href="#[90]">&gt;&gt;</a>&nbsp;&nbsp;&nbsp;Board_UARTPutChar
</UL>
<BR>[Address Reference Count : 1]<UL><LI> _printf_char_file.o(.text)
</UL>
<P><STRONG><a name="[56]"></a>main</STRONG> (Thumb, 120 bytes, Stack size 24 bytes, main.o(i.main))
<BR><BR>[Stack]<UL><LI>Max Depth = 192 + Unknown Stack Size
<LI>Call Chain = main &rArr; vTaskStartScheduler &rArr; xTaskGenericCreate &rArr; prvAllocateTCBAndStack &rArr; pvPortMalloc &rArr; malloc &rArr; __Heap_Full &rArr; __Heap_ProvideMemory &rArr; free
</UL>
<BR>[Calls]<UL><LI><a href="#[c4]">&gt;&gt;</a>&nbsp;&nbsp;&nbsp;xTaskGenericCreate
<LI><a href="#[c5]">&gt;&gt;</a>&nbsp;&nbsp;&nbsp;vTaskStartScheduler
<LI><a href="#[bf]">&gt;&gt;</a>&nbsp;&nbsp;&nbsp;uart_init
<LI><a href="#[c3]">&gt;&gt;</a>&nbsp;&nbsp;&nbsp;prvSetupHardware
<LI><a href="#[be]">&gt;&gt;</a>&nbsp;&nbsp;&nbsp;pinmux
</UL>
<BR>[Called By]<UL><LI><a href="#[55]">&gt;&gt;</a>&nbsp;&nbsp;&nbsp;__rt_entry_main
</UL>

<P><STRONG><a name="[c6]"></a>pow</STRONG> (Thumb, 2512 bytes, Stack size 128 bytes, pow.o(i.pow))
<BR><BR>[Stack]<UL><LI>Max Depth = 192<LI>Call Chain = pow &rArr; sqrt &rArr; _dsqrt &rArr; __fpl_dnaninf
</UL>
<BR>[Calls]<UL><LI><a href="#[c7]">&gt;&gt;</a>&nbsp;&nbsp;&nbsp;sqrt
<LI><a href="#[b4]">&gt;&gt;</a>&nbsp;&nbsp;&nbsp;__kernel_poly
<LI><a href="#[cc]">&gt;&gt;</a>&nbsp;&nbsp;&nbsp;__ARM_fpclassify
<LI><a href="#[bd]">&gt;&gt;</a>&nbsp;&nbsp;&nbsp;__mathlib_dbl_underflow
<LI><a href="#[bb]">&gt;&gt;</a>&nbsp;&nbsp;&nbsp;__mathlib_dbl_overflow
<LI><a href="#[ba]">&gt;&gt;</a>&nbsp;&nbsp;&nbsp;__mathlib_dbl_invalid
<LI><a href="#[b9]">&gt;&gt;</a>&nbsp;&nbsp;&nbsp;__mathlib_dbl_infnan2
<LI><a href="#[b7]">&gt;&gt;</a>&nbsp;&nbsp;&nbsp;__mathlib_dbl_divzero
<LI><a href="#[bc]">&gt;&gt;</a>&nbsp;&nbsp;&nbsp;__ARM_scalbn
<LI><a href="#[cb]">&gt;&gt;</a>&nbsp;&nbsp;&nbsp;__aeabi_cdrcmple
<LI><a href="#[b8]">&gt;&gt;</a>&nbsp;&nbsp;&nbsp;__aeabi_ddiv
<LI><a href="#[c9]">&gt;&gt;</a>&nbsp;&nbsp;&nbsp;__aeabi_dsub
<LI><a href="#[ca]">&gt;&gt;</a>&nbsp;&nbsp;&nbsp;__aeabi_drsub
<LI><a href="#[b6]">&gt;&gt;</a>&nbsp;&nbsp;&nbsp;__aeabi_dadd
<LI><a href="#[70]">&gt;&gt;</a>&nbsp;&nbsp;&nbsp;__set_errno
<LI><a href="#[b5]">&gt;&gt;</a>&nbsp;&nbsp;&nbsp;__aeabi_dmul
<LI><a href="#[c8]">&gt;&gt;</a>&nbsp;&nbsp;&nbsp;__aeabi_i2d
</UL>
<BR>[Called By]<UL><LI><a href="#[c2]">&gt;&gt;</a>&nbsp;&nbsp;&nbsp;readPressure
</UL>

<P><STRONG><a name="[d0]"></a>pvPortMalloc</STRONG> (Thumb, 24 bytes, Stack size 16 bytes, heap_3.o(i.pvPortMalloc))
<BR><BR>[Stack]<UL><LI>Max Depth = 64<LI>Call Chain = pvPortMalloc &rArr; malloc &rArr; __Heap_Full &rArr; __Heap_ProvideMemory &rArr; free
</UL>
<BR>[Calls]<UL><LI><a href="#[d4]">&gt;&gt;</a>&nbsp;&nbsp;&nbsp;xTaskResumeAll
<LI><a href="#[d3]">&gt;&gt;</a>&nbsp;&nbsp;&nbsp;vTaskSuspendAll
<LI><a href="#[5e]">&gt;&gt;</a>&nbsp;&nbsp;&nbsp;malloc
</UL>
<BR>[Called By]<UL><LI><a href="#[cf]">&gt;&gt;</a>&nbsp;&nbsp;&nbsp;prvAllocateTCBAndStack
</UL>

<P><STRONG><a name="[eb]"></a>pxPortInitialiseStack</STRONG> (Thumb, 26 bytes, Stack size 0 bytes, port.o(i.pxPortInitialiseStack))
<BR><BR>[Called By]<UL><LI><a href="#[c4]">&gt;&gt;</a>&nbsp;&nbsp;&nbsp;xTaskGenericCreate
</UL>

<P><STRONG><a name="[c2]"></a>readPressure</STRONG> (Thumb, 840 bytes, Stack size 56 bytes, main.o(i.readPressure))
<BR><BR>[Stack]<UL><LI>Max Depth = 248 + Unknown Stack Size
<LI>Call Chain = readPressure &rArr; pow &rArr; sqrt &rArr; _dsqrt &rArr; __fpl_dnaninf
</UL>
<BR>[Calls]<UL><LI><a href="#[7d]">&gt;&gt;</a>&nbsp;&nbsp;&nbsp;SetupXferRecAndExecute
<LI><a href="#[ab]">&gt;&gt;</a>&nbsp;&nbsp;&nbsp;Chip_I2CM_WriteByte
<LI><a href="#[c6]">&gt;&gt;</a>&nbsp;&nbsp;&nbsp;pow
<LI><a href="#[ad]">&gt;&gt;</a>&nbsp;&nbsp;&nbsp;__aeabi_fmul
<LI><a href="#[e0]">&gt;&gt;</a>&nbsp;&nbsp;&nbsp;__aeabi_ui2f
<LI><a href="#[ac]">&gt;&gt;</a>&nbsp;&nbsp;&nbsp;__aeabi_i2f
<LI><a href="#[e1]">&gt;&gt;</a>&nbsp;&nbsp;&nbsp;__aeabi_f2uiz
<LI><a href="#[ae]">&gt;&gt;</a>&nbsp;&nbsp;&nbsp;__aeabi_f2iz
<LI><a href="#[e5]">&gt;&gt;</a>&nbsp;&nbsp;&nbsp;__aeabi_frsub
<LI><a href="#[e2]">&gt;&gt;</a>&nbsp;&nbsp;&nbsp;__aeabi_fadd
<LI><a href="#[e3]">&gt;&gt;</a>&nbsp;&nbsp;&nbsp;__aeabi_f2d
<LI><a href="#[b5]">&gt;&gt;</a>&nbsp;&nbsp;&nbsp;__aeabi_dmul
<LI><a href="#[c8]">&gt;&gt;</a>&nbsp;&nbsp;&nbsp;__aeabi_i2d
<LI><a href="#[df]">&gt;&gt;</a>&nbsp;&nbsp;&nbsp;__aeabi_d2iz
<LI><a href="#[e4]">&gt;&gt;</a>&nbsp;&nbsp;&nbsp;__aeabi_d2f
<LI><a href="#[64]">&gt;&gt;</a>&nbsp;&nbsp;&nbsp;__2printf
</UL>
<BR>[Called By]<UL><LI><a href="#[44]">&gt;&gt;</a>&nbsp;&nbsp;&nbsp;i2c_task
</UL>

<P><STRONG><a name="[c7]"></a>sqrt</STRONG> (Thumb, 76 bytes, Stack size 24 bytes, sqrt.o(i.sqrt))
<BR><BR>[Stack]<UL><LI>Max Depth = 64<LI>Call Chain = sqrt &rArr; _dsqrt &rArr; __fpl_dnaninf
</UL>
<BR>[Calls]<UL><LI><a href="#[e6]">&gt;&gt;</a>&nbsp;&nbsp;&nbsp;_dsqrt
<LI><a href="#[70]">&gt;&gt;</a>&nbsp;&nbsp;&nbsp;__set_errno
</UL>
<BR>[Called By]<UL><LI><a href="#[c6]">&gt;&gt;</a>&nbsp;&nbsp;&nbsp;pow
</UL>

<P><STRONG><a name="[d6]"></a>uxListRemove</STRONG> (Thumb, 40 bytes, Stack size 0 bytes, list.o(i.uxListRemove))
<BR><BR>[Called By]<UL><LI><a href="#[d4]">&gt;&gt;</a>&nbsp;&nbsp;&nbsp;xTaskResumeAll
<LI><a href="#[e7]">&gt;&gt;</a>&nbsp;&nbsp;&nbsp;vTaskDelay
<LI><a href="#[b1]">&gt;&gt;</a>&nbsp;&nbsp;&nbsp;xTaskIncrementTick
<LI><a href="#[d2]">&gt;&gt;</a>&nbsp;&nbsp;&nbsp;prvCheckTasksWaitingTermination
</UL>

<P><STRONG><a name="[da]"></a>vApplicationIdleHook</STRONG> (Thumb, 4 bytes, Stack size 0 bytes, freertoscommonhooks.o(i.vApplicationIdleHook))
<BR><BR>[Called By]<UL><LI><a href="#[46]">&gt;&gt;</a>&nbsp;&nbsp;&nbsp;prvIdleTask
</UL>

<P><STRONG><a name="[de]"></a>vListInitialise</STRONG> (Thumb, 26 bytes, Stack size 0 bytes, list.o(i.vListInitialise))
<BR><BR>[Called By]<UL><LI><a href="#[dd]">&gt;&gt;</a>&nbsp;&nbsp;&nbsp;prvInitialiseTaskLists
</UL>

<P><STRONG><a name="[dc]"></a>vListInitialiseItem</STRONG> (Thumb, 6 bytes, Stack size 0 bytes, list.o(i.vListInitialiseItem))
<BR><BR>[Called By]<UL><LI><a href="#[db]">&gt;&gt;</a>&nbsp;&nbsp;&nbsp;prvInitialiseTCBVariables
</UL>

<P><STRONG><a name="[ce]"></a>vListInsert</STRONG> (Thumb, 52 bytes, Stack size 8 bytes, list.o(i.vListInsert))
<BR><BR>[Stack]<UL><LI>Max Depth = 8<LI>Call Chain = vListInsert
</UL>
<BR>[Called By]<UL><LI><a href="#[cd]">&gt;&gt;</a>&nbsp;&nbsp;&nbsp;prvAddCurrentTaskToDelayedList
</UL>

<P><STRONG><a name="[ec]"></a>vListInsertEnd</STRONG> (Thumb, 24 bytes, Stack size 0 bytes, list.o(i.vListInsertEnd))
<BR><BR>[Called By]<UL><LI><a href="#[d4]">&gt;&gt;</a>&nbsp;&nbsp;&nbsp;xTaskResumeAll
<LI><a href="#[c4]">&gt;&gt;</a>&nbsp;&nbsp;&nbsp;xTaskGenericCreate
<LI><a href="#[b1]">&gt;&gt;</a>&nbsp;&nbsp;&nbsp;xTaskIncrementTick
</UL>

<P><STRONG><a name="[d5]"></a>vPortEnterCritical</STRONG> (Thumb, 26 bytes, Stack size 8 bytes, port.o(i.vPortEnterCritical))
<BR><BR>[Stack]<UL><LI>Max Depth = 8<LI>Call Chain = vPortEnterCritical
</UL>
<BR>[Calls]<UL><LI><a href="#[b0]">&gt;&gt;</a>&nbsp;&nbsp;&nbsp;ulPortSetInterruptMask
</UL>
<BR>[Called By]<UL><LI><a href="#[d4]">&gt;&gt;</a>&nbsp;&nbsp;&nbsp;xTaskResumeAll
<LI><a href="#[c4]">&gt;&gt;</a>&nbsp;&nbsp;&nbsp;xTaskGenericCreate
<LI><a href="#[d2]">&gt;&gt;</a>&nbsp;&nbsp;&nbsp;prvCheckTasksWaitingTermination
</UL>

<P><STRONG><a name="[d7]"></a>vPortExitCritical</STRONG> (Thumb, 26 bytes, Stack size 8 bytes, port.o(i.vPortExitCritical))
<BR><BR>[Stack]<UL><LI>Max Depth = 8<LI>Call Chain = vPortExitCritical
</UL>
<BR>[Calls]<UL><LI><a href="#[b2]">&gt;&gt;</a>&nbsp;&nbsp;&nbsp;vPortClearInterruptMask
</UL>
<BR>[Called By]<UL><LI><a href="#[d4]">&gt;&gt;</a>&nbsp;&nbsp;&nbsp;xTaskResumeAll
<LI><a href="#[c4]">&gt;&gt;</a>&nbsp;&nbsp;&nbsp;xTaskGenericCreate
<LI><a href="#[d2]">&gt;&gt;</a>&nbsp;&nbsp;&nbsp;prvCheckTasksWaitingTermination
</UL>

<P><STRONG><a name="[d1]"></a>vPortFree</STRONG> (Thumb, 22 bytes, Stack size 8 bytes, heap_3.o(i.vPortFree))
<BR><BR>[Stack]<UL><LI>Max Depth = 48<LI>Call Chain = vPortFree &rArr; xTaskResumeAll &rArr; xTaskIncrementTick
</UL>
<BR>[Calls]<UL><LI><a href="#[d4]">&gt;&gt;</a>&nbsp;&nbsp;&nbsp;xTaskResumeAll
<LI><a href="#[d3]">&gt;&gt;</a>&nbsp;&nbsp;&nbsp;vTaskSuspendAll
<LI><a href="#[63]">&gt;&gt;</a>&nbsp;&nbsp;&nbsp;free
</UL>
<BR>[Called By]<UL><LI><a href="#[d8]">&gt;&gt;</a>&nbsp;&nbsp;&nbsp;prvDeleteTCB
<LI><a href="#[cf]">&gt;&gt;</a>&nbsp;&nbsp;&nbsp;prvAllocateTCBAndStack
</UL>

<P><STRONG><a name="[e9]"></a>vPortSetupTimerInterrupt</STRONG> (Thumb, 26 bytes, Stack size 0 bytes, port.o(i.vPortSetupTimerInterrupt))
<BR><BR>[Called By]<UL><LI><a href="#[e8]">&gt;&gt;</a>&nbsp;&nbsp;&nbsp;xPortStartScheduler
</UL>

<P><STRONG><a name="[d9]"></a>vPortYield</STRONG> (Thumb, 18 bytes, Stack size 0 bytes, port.o(i.vPortYield))
[...]
<LI><a href="#[101]">&gt;&gt;</a>&nbsp;&nbsp;&nbsp;__fpl_fnaninf
</UL>

<P><STRONG><a name="[ae]"></a>__aeabi_f2iz</STRONG> (Thumb, 0 bytes, Stack size 16 bytes, ffix.o(x$fpl$ffix))
<BR><BR>[Stack]<UL><LI>Max Depth = 16<LI>Call Chain = __aeabi_f2iz
</UL>
<BR>[Called By]<UL><LI><a href="#[c2]">&gt;&gt;</a>&nbsp;&nbsp;&nbsp;readPressure
<LI><a href="#[aa]">&gt;&gt;</a>&nbsp;&nbsp;&nbsp;ReadTemp
</UL>

<P><STRONG><a name="[105]"></a>_ffix</STRONG> (Thumb, 54 bytes, Stack size 16 bytes, ffix.o(x$fpl$ffix), UNUSED)
<BR><BR>[Calls]<UL><LI><a href="#[101]">&gt;&gt;</a>&nbsp;&nbsp;&nbsp;__fpl_fnaninf
</UL>

<P><STRONG><a name="[e1]"></a>__aeabi_f2uiz</STRONG> (Thumb, 0 bytes, Stack size 16 bytes, ffixu.o(x$fpl$ffixu))
<BR><BR>[Stack]<UL><LI>Max Depth = 16<LI>Call Chain = __aeabi_f2uiz
</UL>
<BR>[Called By]<UL><LI><a href="#[c2]">&gt;&gt;</a>&nbsp;&nbsp;&nbsp;readPressure
</UL>

<P><STRONG><a name="[106]"></a>_ffixu</STRONG> (Thumb, 62 bytes, Stack size 16 bytes, ffixu.o(x$fpl$ffixu), UNUSED)
<BR><BR>[Calls]<UL><LI><a href="#[101]">&gt;&gt;</a>&nbsp;&nbsp;&nbsp;__fpl_fnaninf
</UL>

<P><STRONG><a name="[ac]"></a>__aeabi_i2f</STRONG> (Thumb, 0 bytes, Stack size 0 bytes, fflt_clz.o(x$fpl$fflt))
<BR><BR>[Called By]<UL><LI><a href="#[c2]">&gt;&gt;</a>&nbsp;&nbsp;&nbsp;readPressure
<LI><a href="#[aa]">&gt;&gt;</a>&nbsp;&nbsp;&nbsp;ReadTemp
</UL>

<P><STRONG><a name="[145]"></a>_fflt</STRONG> (Thumb, 48 bytes, Stack size 0 bytes, fflt_clz.o(x$fpl$fflt), UNUSED)

<P><STRONG><a name="[e0]"></a>__aeabi_ui2f</STRONG> (Thumb, 0 bytes, Stack size 0 bytes, fflt_clz.o(x$fpl$ffltu))
<BR><BR>[Called By]<UL><LI><a href="#[c2]">&gt;&gt;</a>&nbsp;&nbsp;&nbsp;readPressure
</UL>

<P><STRONG><a name="[146]"></a>_ffltu</STRONG> (Thumb, 38 bytes, Stack size 0 bytes, fflt_clz.o(x$fpl$ffltu), UNUSED)

<P><STRONG><a name="[ad]"></a>__aeabi_fmul</STRONG> (Thumb, 0 bytes, Stack size 16 bytes, fmul.o(x$fpl$fmul))
<BR><BR>[Stack]<UL><LI>Max Depth = 16<LI>Call Chain = __aeabi_fmul
</UL>
<BR>[Called By]<UL><LI><a href="#[c2]">&gt;&gt;</a>&nbsp;&nbsp;&nbsp;readPressure
<LI><a href="#[aa]">&gt;&gt;</a>&nbsp;&nbsp;&nbsp;ReadTemp
</UL>

<P><STRONG><a name="[107]"></a>_fmul</STRONG> (Thumb, 258 bytes, Stack size 16 bytes, fmul.o(x$fpl$fmul), UNUSED)
<BR><BR>[Calls]<UL><LI><a href="#[ef]">&gt;&gt;</a>&nbsp;&nbsp;&nbsp;__fpl_fretinf
<LI><a href="#[101]">&gt;&gt;</a>&nbsp;&nbsp;&nbsp;__fpl_fnaninf
</UL>

<P><STRONG><a name="[101]"></a>__fpl_fnaninf</STRONG> (Thumb, 140 bytes, Stack size 8 bytes, fnaninf.o(x$fpl$fnaninf), UNUSED)
<BR><BR>[Called By]<UL><LI><a href="#[107]">&gt;&gt;</a>&nbsp;&nbsp;&nbsp;_fmul
<LI><a href="#[106]">&gt;&gt;</a>&nbsp;&nbsp;&nbsp;_ffixu
<LI><a href="#[105]">&gt;&gt;</a>&nbsp;&nbsp;&nbsp;_ffix
<LI><a href="#[104]">&gt;&gt;</a>&nbsp;&nbsp;&nbsp;_fdiv
<LI><a href="#[10a]">&gt;&gt;</a>&nbsp;&nbsp;&nbsp;_fsub
<LI><a href="#[102]">&gt;&gt;</a>&nbsp;&nbsp;&nbsp;_fadd
<LI><a href="#[100]">&gt;&gt;</a>&nbsp;&nbsp;&nbsp;_f2d
</UL>

<P><STRONG><a name="[ef]"></a>__fpl_fretinf</STRONG> (Thumb, 10 bytes, Stack size 0 bytes, fretinf.o(x$fpl$fretinf), UNUSED)
<BR><BR>[Called By]<UL><LI><a href="#[107]">&gt;&gt;</a>&nbsp;&nbsp;&nbsp;_fmul
<LI><a href="#[104]">&gt;&gt;</a>&nbsp;&nbsp;&nbsp;_fdiv
<LI><a href="#[102]">&gt;&gt;</a>&nbsp;&nbsp;&nbsp;_fadd
<LI><a href="#[ee]">&gt;&gt;</a>&nbsp;&nbsp;&nbsp;_d2f
</UL>

<P><STRONG><a name="[e5]"></a>__aeabi_frsub</STRONG> (Thumb, 0 bytes, Stack size 0 bytes, faddsub_clz.o(x$fpl$frsb))
<BR><BR>[Called By]<UL><LI><a href="#[c2]">&gt;&gt;</a>&nbsp;&nbsp;&nbsp;readPressure
</UL>

<P><STRONG><a name="[108]"></a>_frsb</STRONG> (Thumb, 20 bytes, Stack size 0 bytes, faddsub_clz.o(x$fpl$frsb), UNUSED)
<BR><BR>[Calls]<UL><LI><a href="#[103]">&gt;&gt;</a>&nbsp;&nbsp;&nbsp;_fsub1
<LI><a href="#[109]">&gt;&gt;</a>&nbsp;&nbsp;&nbsp;_fadd1
</UL>

<P><STRONG><a name="[147]"></a>__aeabi_fsub</STRONG> (Thumb, 0 bytes, Stack size 16 bytes, faddsub_clz.o(x$fpl$fsub), UNUSED)

<P><STRONG><a name="[10a]"></a>_fsub</STRONG> (Thumb, 234 bytes, Stack size 16 bytes, faddsub_clz.o(x$fpl$fsub), UNUSED)
<BR><BR>[Calls]<UL><LI><a href="#[101]">&gt;&gt;</a>&nbsp;&nbsp;&nbsp;__fpl_fnaninf
<LI><a href="#[109]">&gt;&gt;</a>&nbsp;&nbsp;&nbsp;_fadd1
</UL>

<P><STRONG><a name="[f5]"></a>__fpl_return_NaN</STRONG> (Thumb, 100 bytes, Stack size 0 bytes, retnan.o(x$fpl$retnan))
<BR><BR>[Calls]<UL><LI><a href="#[10b]">&gt;&gt;</a>&nbsp;&nbsp;&nbsp;__fpl_cmpreturn
</UL>
<BR>[Called By]<UL><LI><a href="#[f4]">&gt;&gt;</a>&nbsp;&nbsp;&nbsp;__fpl_dcheck_NaN1
</UL>

<P><STRONG><a name="[bc]"></a>__ARM_scalbn</STRONG> (Thumb, 92 bytes, Stack size 0 bytes, scalbn.o(x$fpl$scalbn))
<BR><BR>[Calls]<UL><LI><a href="#[f4]">&gt;&gt;</a>&nbsp;&nbsp;&nbsp;__fpl_dcheck_NaN1
</UL>
<BR>[Called By]<UL><LI><a href="#[bd]">&gt;&gt;</a>&nbsp;&nbsp;&nbsp;__mathlib_dbl_underflow
<LI><a href="#[bb]">&gt;&gt;</a>&nbsp;&nbsp;&nbsp;__mathlib_dbl_overflow
<LI><a href="#[c6]">&gt;&gt;</a>&nbsp;&nbsp;&nbsp;pow
</UL>

<P><STRONG><a name="[10b]"></a>__fpl_cmpreturn</STRONG> (Thumb, 48 bytes, Stack size 0 bytes, trapv.o(x$fpl$trapveneer))
<BR><BR>[Called By]<UL><LI><a href="#[f5]">&gt;&gt;</a>&nbsp;&nbsp;&nbsp;__fpl_return_NaN
</UL>
<P>
<H3>
Local Symbols
</H3>
<P><STRONG><a name="[ab]"></a>Chip_I2CM_WriteByte</STRONG> (Thumb, 4 bytes, Stack size 0 bytes, main.o(i.Chip_I2CM_WriteByte))
<BR><BR>[Called By]<UL><LI><a href="#[c2]">&gt;&gt;</a>&nbsp;&nbsp;&nbsp;readPressure
<LI><a href="#[aa]">&gt;&gt;</a>&nbsp;&nbsp;&nbsp;ReadTemp
</UL>

<P><STRONG><a name="[a8]"></a>Chip_IOCON_PinMuxSet</STRONG> (Thumb, 12 bytes, Stack size 8 bytes, main.o(i.Chip_IOCON_PinMuxSet))
<BR><BR>[Stack]<UL><LI>Max Depth = 8<LI>Call Chain = Chip_IOCON_PinMuxSet
</UL>
<BR>[Called By]<UL><LI><a href="#[be]">&gt;&gt;</a>&nbsp;&nbsp;&nbsp;pinmux
<LI><a href="#[a7]">&gt;&gt;</a>&nbsp;&nbsp;&nbsp;Init_I2C_PinMux
</UL>

<P><STRONG><a name="[a0]"></a>Chip_SWM_MovablePortPinAssign</STRONG> (Thumb, 22 bytes, Stack size 16 bytes, main.o(i.Chip_SWM_MovablePortPinAssign))
<BR><BR>[Stack]<UL><LI>Max Depth = 24<LI>Call Chain = Chip_SWM_MovablePortPinAssign &rArr; Chip_SWM_MovablePinAssign
</UL>
<BR>[Calls]<UL><LI><a href="#[8e]">&gt;&gt;</a>&nbsp;&nbsp;&nbsp;Chip_SWM_MovablePinAssign
</UL>
<BR>[Called By]<UL><LI><a href="#[be]">&gt;&gt;</a>&nbsp;&nbsp;&nbsp;pinmux
</UL>

<P><STRONG><a name="[a7]"></a>Init_I2C_PinMux</STRONG> (Thumb, 40 bytes, Stack size 8 bytes, main.o(i.Init_I2C_PinMux))
<BR><BR>[Stack]<UL><LI>Max Depth = 16<LI>Call Chain = Init_I2C_PinMux &rArr; Chip_IOCON_PinMuxSet
</UL>
<BR>[Calls]<UL><LI><a href="#[a9]">&gt;&gt;</a>&nbsp;&nbsp;&nbsp;Chip_SWM_EnableFixedPin
<LI><a href="#[a8]">&gt;&gt;</a>&nbsp;&nbsp;&nbsp;Chip_IOCON_PinMuxSet
</UL>
<BR>[Called By]<UL><LI><a href="#[44]">&gt;&gt;</a>&nbsp;&nbsp;&nbsp;i2c_task
</UL>

<P><STRONG><a name="[7d]"></a>SetupXferRecAndExecute</STRONG> (Thumb, 48 bytes, Stack size 24 bytes, main.o(i.SetupXferRecAndExecute))
<BR><BR>[Stack]<UL><LI>Max Depth = 56<LI>Call Chain = SetupXferRecAndExecute &rArr; Chip_I2CM_XferBlocking &rArr; Chip_I2CM_XferHandler
</UL>
<BR>[Calls]<UL><LI><a href="#[9c]">&gt;&gt;</a>&nbsp;&nbsp;&nbsp;Chip_I2CM_XferBlocking
</UL>
<BR>[Called By]<UL><LI><a href="#[c2]">&gt;&gt;</a>&nbsp;&nbsp;&nbsp;readPressure
<LI><a href="#[aa]">&gt;&gt;</a>&nbsp;&nbsp;&nbsp;ReadTemp
<LI><a href="#[7c]">&gt;&gt;</a>&nbsp;&nbsp;&nbsp;BMPInit
</UL>

<P><STRONG><a name="[44]"></a>i2c_task</STRONG> (Thumb, 158 bytes, Stack size 24 bytes, main.o(i.i2c_task))
<BR><BR>[Stack]<UL><LI>Max Depth = 272 + Unknown Stack Size
<LI>Call Chain = i2c_task &rArr; readPressure &rArr; pow &rArr; sqrt &rArr; _dsqrt &rArr; __fpl_dnaninf
</UL>
<BR>[Calls]<UL><LI><a href="#[b3]">&gt;&gt;</a>&nbsp;&nbsp;&nbsp;SystemCoreClockUpdate
<LI><a href="#[c0]">&gt;&gt;</a>&nbsp;&nbsp;&nbsp;Board_LED_Set
<LI><a href="#[84]">&gt;&gt;</a>&nbsp;&nbsp;&nbsp;Board_Init
<LI><a href="#[c2]">&gt;&gt;</a>&nbsp;&nbsp;&nbsp;readPressure
<LI><a href="#[aa]">&gt;&gt;</a>&nbsp;&nbsp;&nbsp;ReadTemp
<LI><a href="#[7c]">&gt;&gt;</a>&nbsp;&nbsp;&nbsp;BMPInit
<LI><a href="#[bf]">&gt;&gt;</a>&nbsp;&nbsp;&nbsp;uart_init
<LI><a href="#[c1]">&gt;&gt;</a>&nbsp;&nbsp;&nbsp;setupI2CMaster
<LI><a href="#[be]">&gt;&gt;</a>&nbsp;&nbsp;&nbsp;pinmux
<LI><a href="#[a7]">&gt;&gt;</a>&nbsp;&nbsp;&nbsp;Init_I2C_PinMux
</UL>
<BR>[Address Reference Count : 1]<UL><LI> main.o(i.main)
</UL>
<P><STRONG><a name="[be]"></a>pinmux</STRONG> (Thumb, 48 bytes, Stack size 8 bytes, main.o(i.pinmux))
<BR><BR>[Stack]<UL><LI>Max Depth = 32<LI>Call Chain = pinmux &rArr; Chip_SWM_MovablePortPinAssign &rArr; Chip_SWM_MovablePinAssign
</UL>
<BR>[Calls]<UL><LI><a href="#[a0]">&gt;&gt;</a>&nbsp;&nbsp;&nbsp;Chip_SWM_MovablePortPinAssign
<LI><a href="#[a8]">&gt;&gt;</a>&nbsp;&nbsp;&nbsp;Chip_IOCON_PinMuxSet
</UL>
<BR>[Called By]<UL><LI><a href="#[56]">&gt;&gt;</a>&nbsp;&nbsp;&nbsp;main
<LI><a href="#[44]">&gt;&gt;</a>&nbsp;&nbsp;&nbsp;i2c_task
</UL>

<P><STRONG><a name="[c3]"></a>prvSetupHardware</STRONG> (Thumb, 20 bytes, Stack size 8 bytes, main.o(i.prvSetupHardware))
<BR><BR>[Stack]<UL><LI>Max Depth = 120<LI>Call Chain = prvSetupHardware &rArr; Board_Init &rArr; Board_Debug_Init &rArr; Chip_UART_SetBaud &rArr; Chip_Clock_GetUARTBaseClockRate &rArr; __aeabi_uldivmod
</UL>
<BR>[Calls]<UL><LI><a href="#[b3]">&gt;&gt;</a>&nbsp;&nbsp;&nbsp;SystemCoreClockUpdate
<LI><a href="#[c0]">&gt;&gt;</a>&nbsp;&nbsp;&nbsp;Board_LED_Set
<LI><a href="#[84]">&gt;&gt;</a>&nbsp;&nbsp;&nbsp;Board_Init
</UL>
<BR>[Called By]<UL><LI><a href="#[56]">&gt;&gt;</a>&nbsp;&nbsp;&nbsp;main
</UL>

<P><STRONG><a name="[c1]"></a>setupI2CMaster</STRONG> (Thumb, 64 bytes, Stack size 8 bytes, main.o(i.setupI2CMaster))
<BR><BR>[Stack]<UL><LI>Max Depth = 32<LI>Call Chain = setupI2CMaster &rArr; Chip_I2CM_SetBusSpeed &rArr; Chip_Clock_GetMainClockRate &rArr; Chip_Clock_GetMain_B_ClockRate &rArr; Chip_Clock_GetSystemPLLOutClockRate
</UL>
<BR>[Calls]<UL><LI><a href="#[9f]">&gt;&gt;</a>&nbsp;&nbsp;&nbsp;Chip_I2C_Init
<LI><a href="#[9b]">&gt;&gt;</a>&nbsp;&nbsp;&nbsp;Chip_I2CM_SetBusSpeed
</UL>
<BR>[Called By]<UL><LI><a href="#[44]">&gt;&gt;</a>&nbsp;&nbsp;&nbsp;i2c_task
</UL>

<P><STRONG><a name="[bf]"></a>uart_init</STRONG> (Thumb, 70 bytes, Stack size 8 bytes, main.o(i.uart_init))
<BR><BR>[Stack]<UL><LI>Max Depth = 88<LI>Call Chain = uart_init &rArr; Chip_UART_SetBaud &rArr; Chip_Clock_GetUARTBaseClockRate &rArr; __aeabi_uldivmod
</UL>
<BR>[Calls]<UL><LI><a href="#[83]">&gt;&gt;</a>&nbsp;&nbsp;&nbsp;Chip_UART_SetBaud
<LI><a href="#[82]">&gt;&gt;</a>&nbsp;&nbsp;&nbsp;Chip_UART_Init
</UL>
<BR>[Called By]<UL><LI><a href="#[56]">&gt;&gt;</a>&nbsp;&nbsp;&nbsp;main
<LI><a href="#[44]">&gt;&gt;</a>&nbsp;&nbsp;&nbsp;i2c_task
</UL>

<P><STRONG><a name="[41]"></a>vLEDTask1</STRONG> (Thumb, 24 bytes, Stack size 0 bytes, main.o(i.vLEDTask1))
<BR><BR>[Stack]<UL><LI>Max Depth = 56<LI>Call Chain = vLEDTask1 &rArr; vTaskDelay &rArr; xTaskResumeAll &rArr; xTaskIncrementTick
</UL>
<BR>[Calls]<UL><LI><a href="#[e7]">&gt;&gt;</a>&nbsp;&nbsp;&nbsp;vTaskDelay
<LI><a href="#[c0]">&gt;&gt;</a>&nbsp;&nbsp;&nbsp;Board_LED_Set
</UL>
<BR>[Address Reference Count : 1]<UL><LI> main.o(i.main)
</UL>
<P><STRONG><a name="[42]"></a>vLEDTask2</STRONG> (Thumb, 24 bytes, Stack size 0 bytes, main.o(i.vLEDTask2))
<BR><BR>[Stack]<UL><LI>Max Depth = 56<LI>Call Chain = vLEDTask2 &rArr; vTaskDelay &rArr; xTaskResumeAll &rArr; xTaskIncrementTick
</UL>
<BR>[Calls]<UL><LI><a href="#[e7]">&gt;&gt;</a>&nbsp;&nbsp;&nbsp;vTaskDelay
<LI><a href="#[c0]">&gt;&gt;</a>&nbsp;&nbsp;&nbsp;Board_LED_Set
</UL>
<BR>[Address Reference Count : 1]<UL><LI> main.o(i.main)
</UL>
<P><STRONG><a name="[43]"></a>vUARTTask</STRONG> (Thumb, 24 bytes, Stack size 0 bytes, main.o(i.vUARTTask))
<BR><BR>[Stack]<UL><LI>Max Depth = 128 + Unknown Stack Size
<LI>Call Chain = vUARTTask &rArr; __2printf &rArr; _printf_char_file &rArr; _printf_char_common &rArr; __printf
</UL>
<BR>[Calls]<UL><LI><a href="#[e7]">&gt;&gt;</a>&nbsp;&nbsp;&nbsp;vTaskDelay
<LI><a href="#[64]">&gt;&gt;</a>&nbsp;&nbsp;&nbsp;__2printf
</UL>
<BR>[Address Reference Count : 1]<UL><LI> main.o(i.main)
</UL>
<P><STRONG><a name="[cd]"></a>prvAddCurrentTaskToDelayedList</STRONG> (Thumb, 62 bytes, Stack size 8 bytes, tasks.o(i.prvAddCurrentTaskToDelayedList))
<BR><BR>[Stack]<UL><LI>Max Depth = 16<LI>Call Chain = prvAddCurrentTaskToDelayedList &rArr; vListInsert
</UL>
<BR>[Calls]<UL><LI><a href="#[ce]">&gt;&gt;</a>&nbsp;&nbsp;&nbsp;vListInsert
</UL>
<BR>[Called By]<UL><LI><a href="#[e7]">&gt;&gt;</a>&nbsp;&nbsp;&nbsp;vTaskDelay
</UL>

<P><STRONG><a name="[cf]"></a>prvAllocateTCBAndStack</STRONG> (Thumb, 66 bytes, Stack size 24 bytes, tasks.o(i.prvAllocateTCBAndStack))
<BR><BR>[Stack]<UL><LI>Max Depth = 88 + Unknown Stack Size
<LI>Call Chain = prvAllocateTCBAndStack &rArr; pvPortMalloc &rArr; malloc &rArr; __Heap_Full &rArr; __Heap_ProvideMemory &rArr; free
</UL>
<BR>[Calls]<UL><LI><a href="#[d1]">&gt;&gt;</a>&nbsp;&nbsp;&nbsp;vPortFree
<LI><a href="#[d0]">&gt;&gt;</a>&nbsp;&nbsp;&nbsp;pvPortMalloc
<LI><a href="#[61]">&gt;&gt;</a>&nbsp;&nbsp;&nbsp;__aeabi_memset
</UL>
<BR>[Called By]<UL><LI><a href="#[c4]">&gt;&gt;</a>&nbsp;&nbsp;&nbsp;xTaskGenericCreate
</UL>

<P><STRONG><a name="[d2]"></a>prvCheckTasksWaitingTermination</STRONG> (Thumb, 86 bytes, Stack size 16 bytes, tasks.o(i.prvCheckTasksWaitingTermination))
<BR><BR>[Stack]<UL><LI>Max Depth = 72<LI>Call Chain = prvCheckTasksWaitingTermination &rArr; prvDeleteTCB &rArr; vPortFree &rArr; xTaskResumeAll &rArr; xTaskIncrementTick
</UL>
<BR>[Calls]<UL><LI><a href="#[d6]">&gt;&gt;</a>&nbsp;&nbsp;&nbsp;uxListRemove
<LI><a href="#[d4]">&gt;&gt;</a>&nbsp;&nbsp;&nbsp;xTaskResumeAll
<LI><a href="#[d3]">&gt;&gt;</a>&nbsp;&nbsp;&nbsp;vTaskSuspendAll
<LI><a href="#[d7]">&gt;&gt;</a>&nbsp;&nbsp;&nbsp;vPortExitCritical
<LI><a href="#[d5]">&gt;&gt;</a>&nbsp;&nbsp;&nbsp;vPortEnterCritical
<LI><a href="#[d8]">&gt;&gt;</a>&nbsp;&nbsp;&nbsp;prvDeleteTCB
</UL>
<BR>[Called By]<UL><LI><a href="#[46]">&gt;&gt;</a>&nbsp;&nbsp;&nbsp;prvIdleTask
</UL>

<P><STRONG><a name="[d8]"></a>prvDeleteTCB</STRONG> (Thumb, 18 bytes, Stack size 8 bytes, tasks.o(i.prvDeleteTCB))
<BR><BR>[Stack]<UL><LI>Max Depth = 56<LI>Call Chain = prvDeleteTCB &rArr; vPortFree &rArr; xTaskResumeAll &rArr; xTaskIncrementTick
</UL>
<BR>[Calls]<UL><LI><a href="#[d1]">&gt;&gt;</a>&nbsp;&nbsp;&nbsp;vPortFree
</UL>
<BR>[Called By]<UL><LI><a href="#[d2]">&gt;&gt;</a>&nbsp;&nbsp;&nbsp;prvCheckTasksWaitingTermination
</UL>

<P><STRONG><a name="[46]"></a>prvIdleTask</STRONG> (Thumb, 24 bytes, Stack size 0 bytes, tasks.o(i.prvIdleTask))
<BR><BR>[Stack]<UL><LI>Max Depth = 72<LI>Call Chain = prvIdleTask &rArr; prvCheckTasksWaitingTermination &rArr; prvDeleteTCB &rArr; vPortFree &rArr; xTaskResumeAll &rArr; xTaskIncrementTick
</UL>
<BR>[Calls]<UL><LI><a href="#[d9]">&gt;&gt;</a>&nbsp;&nbsp;&nbsp;vPortYield
<LI><a href="#[da]">&gt;&gt;</a>&nbsp;&nbsp;&nbsp;vApplicationIdleHook
<LI><a href="#[d2]">&gt;&gt;</a>&nbsp;&nbsp;&nbsp;prvCheckTasksWaitingTermination
</UL>
<BR>[Address Reference Count : 1]<UL><LI> tasks.o(i.vTaskStartScheduler)
</UL>
<P><STRONG><a name="[db]"></a>prvInitialiseTCBVariables</STRONG> (Thumb, 98 bytes, Stack size 32 bytes, tasks.o(i.prvInitialiseTCBVariables))
<BR><BR>[Stack]<UL><LI>Max Depth = 32<LI>Call Chain = prvInitialiseTCBVariables
</UL>
<BR>[Calls]<UL><LI><a href="#[dc]">&gt;&gt;</a>&nbsp;&nbsp;&nbsp;vListInitialiseItem
</UL>
<BR>[Called By]<UL><LI><a href="#[c4]">&gt;&gt;</a>&nbsp;&nbsp;&nbsp;xTaskGenericCreate
</UL>

<P><STRONG><a name="[dd]"></a>prvInitialiseTaskLists</STRONG> (Thumb, 70 bytes, Stack size 8 bytes, tasks.o(i.prvInitialiseTaskLists))
<BR><BR>[Stack]<UL><LI>Max Depth = 8<LI>Call Chain = prvInitialiseTaskLists
</UL>
<BR>[Calls]<UL><LI><a href="#[de]">&gt;&gt;</a>&nbsp;&nbsp;&nbsp;vListInitialise
</UL>
<BR>[Called By]<UL><LI><a href="#[c4]">&gt;&gt;</a>&nbsp;&nbsp;&nbsp;xTaskGenericCreate
</UL>

<P><STRONG><a name="[ed]"></a>prvResetNextTaskUnblockTime</STRONG> (Thumb, 42 bytes, Stack size 0 bytes, tasks.o(i.prvResetNextTaskUnblockTime))
<BR><BR>[Called By]<UL><LI><a href="#[b1]">&gt;&gt;</a>&nbsp;&nbsp;&nbsp;xTaskIncrementTick
</UL>

<P><STRONG><a name="[45]"></a>prvTaskExitError</STRONG> (Thumb, 8 bytes, Stack size 0 bytes, port.o(i.prvTaskExitError))
<BR><BR>[Calls]<UL><LI><a href="#[b0]">&gt;&gt;</a>&nbsp;&nbsp;&nbsp;ulPortSetInterruptMask
</UL>
<BR>[Address Reference Count : 1]<UL><LI> port.o(i.pxPortInitialiseStack)
</UL>
<P><STRONG><a name="[7f]"></a>Chip_SWM_MovablePortPinAssign</STRONG> (Thumb, 10 bytes, Stack size 0 bytes, board.o(i.Chip_SWM_MovablePortPinAssign))
<BR><BR>[Stack]<UL><LI>Max Depth = 8<LI>Call Chain = Chip_SWM_MovablePortPinAssign &rArr; Chip_SWM_MovablePinAssign
</UL>
<BR>[Calls]<UL><LI><a href="#[8e]">&gt;&gt;</a>&nbsp;&nbsp;&nbsp;Chip_SWM_MovablePinAssign
</UL>
<BR>[Called By]<UL><LI><a href="#[7e]">&gt;&gt;</a>&nbsp;&nbsp;&nbsp;Board_Debug_Init
</UL>

<P><STRONG><a name="[a1]"></a>Chip_SYSCTL_PeriphReset</STRONG> (Thumb, 18 bytes, Stack size 8 bytes, uart_15xx.o(i.Chip_SYSCTL_PeriphReset))
<BR><BR>[Stack]<UL><LI>Max Depth = 8<LI>Call Chain = Chip_SYSCTL_PeriphReset
</UL>
<BR>[Calls]<UL><LI><a href="#[8c]">&gt;&gt;</a>&nbsp;&nbsp;&nbsp;Chip_SYSCTL_DeassertPeriphReset
<LI><a href="#[8b]">&gt;&gt;</a>&nbsp;&nbsp;&nbsp;Chip_SYSCTL_AssertPeriphReset
</UL>
<BR>[Called By]<UL><LI><a href="#[82]">&gt;&gt;</a>&nbsp;&nbsp;&nbsp;Chip_UART_Init
</UL>

<P><STRONG><a name="[a5]"></a>getUARTClockID</STRONG> (Thumb, 24 bytes, Stack size 0 bytes, uart_15xx.o(i.getUARTClockID))
<BR><BR>[Called By]<UL><LI><a href="#[82]">&gt;&gt;</a>&nbsp;&nbsp;&nbsp;Chip_UART_Init
</UL>

<P><STRONG><a name="[98]"></a>Chip_Clock_GetPLLFreq</STRONG> (Thumb, 12 bytes, Stack size 0 bytes, clock_15xx.o(i.Chip_Clock_GetPLLFreq))
<BR><BR>[Called By]<UL><LI><a href="#[95]">&gt;&gt;</a>&nbsp;&nbsp;&nbsp;Chip_Clock_GetSystemPLLOutClockRate
</UL>

<P><STRONG><a name="[97]"></a>Chip_Clock_GetPLLInClockRate</STRONG> (Thumb, 24 bytes, Stack size 0 bytes, clock_15xx.o(i.Chip_Clock_GetPLLInClockRate))
<BR><BR>[Called By]<UL><LI><a href="#[94]">&gt;&gt;</a>&nbsp;&nbsp;&nbsp;Chip_Clock_GetSystemPLLInClockRate
</UL>

<P><STRONG><a name="[a3]"></a>Chip_FMC_SetFLASHAccess</STRONG> (Thumb, 24 bytes, Stack size 0 bytes, sysinit_15xx.o(i.Chip_FMC_SetFLASHAccess))
<BR><BR>[Called By]<UL><LI><a href="#[87]">&gt;&gt;</a>&nbsp;&nbsp;&nbsp;Chip_SetupXtalClocking
</UL>

<P><STRONG><a name="[109]"></a>_fadd1</STRONG> (Thumb, 0 bytes, Stack size unknown bytes, faddsub_clz.o(x$fpl$fadd), UNUSED)
<BR><BR>[Called By]<UL><LI><a href="#[10a]">&gt;&gt;</a>&nbsp;&nbsp;&nbsp;_fsub
<LI><a href="#[108]">&gt;&gt;</a>&nbsp;&nbsp;&nbsp;_frsb
</UL>

<P><STRONG><a name="[103]"></a>_fsub1</STRONG> (Thumb, 0 bytes, Stack size unknown bytes, faddsub_clz.o(x$fpl$fsub), UNUSED)
<BR><BR>[Called By]<UL><LI><a href="#[108]">&gt;&gt;</a>&nbsp;&nbsp;&nbsp;_frsb
<LI><a href="#[102]">&gt;&gt;</a>&nbsp;&nbsp;&nbsp;_fadd
</UL>

<P><STRONG><a name="[fe]"></a>_dadd1</STRONG> (Thumb, 0 bytes, Stack size unknown bytes, daddsub_clz.o(x$fpl$dadd), UNUSED)
<BR><BR>[Called By]<UL><LI><a href="#[ff]">&gt;&gt;</a>&nbsp;&nbsp;&nbsp;_dsub
<LI><a href="#[fd]">&gt;&gt;</a>&nbsp;&nbsp;&nbsp;_drsb
</UL>

<P><STRONG><a name="[f2]"></a>_dsub1</STRONG> (Thumb, 0 bytes, Stack size unknown bytes, daddsub_clz.o(x$fpl$dsub), UNUSED)
<BR><BR>[Called By]<UL><LI><a href="#[fd]">&gt;&gt;</a>&nbsp;&nbsp;&nbsp;_drsb
<LI><a href="#[f1]">&gt;&gt;</a>&nbsp;&nbsp;&nbsp;_dadd
</UL>

<P><STRONG><a name="[40]"></a>_printf_input_char</STRONG> (Thumb, 10 bytes, Stack size 0 bytes, _printf_char_common.o(.text))
<BR>[Address Reference Count : 1]<UL><LI> _printf_char_common.o(.text)
</UL><P>
<H3>
Undefined Global Symbols
</H3><HR></body></html>
