Component: ARM Compiler 5.06 update 1 (build 61) Tool: armlink [4d35a8]

==============================================================================

Section Cross References

    keil_startup_lpc15xx.o(STACK) refers (Special) to heapauxi.o(.text) for __use_two_region_memory
    keil_startup_lpc15xx.o(HEAP) refers (Special) to heapauxi.o(.text) for __use_two_region_memory
    keil_startup_lpc15xx.o(RESET) refers (Special) to heapauxi.o(.text) for __use_two_region_memory
    keil_startup_lpc15xx.o(RESET) refers to keil_startup_lpc15xx.o(STACK) for __initial_sp
    keil_startup_lpc15xx.o(RESET) refers to keil_startup_lpc15xx.o(.text) for Reset_Handler
    keil_startup_lpc15xx.o(RESET) refers to port.o(.emb_text) for SVC_Handler
    keil_startup_lpc15xx.o(RESET) refers to port.o(i.SysTick_Handler) for SysTick_Handler
    keil_startup_lpc15xx.o(RESET) refers to main.o(i.SPI0_IRQHandler) for SPI0_IRQHandler
    keil_startup_lpc15xx.o(.ARM.__at_0x02FC) refers (Special) to heapauxi.o(.text) for __use_two_region_memory
    keil_startup_lpc15xx.o(.text) refers (Special) to heapauxi.o(.text) for __use_two_region_memory
    keil_startup_lpc15xx.o(.text) refers to sysinit.o(i.SystemInit) for SystemInit
    keil_startup_lpc15xx.o(.text) refers to __main.o(!!!main) for __main
    keil_startup_lpc15xx.o(.text) refers to keil_startup_lpc15xx.o(HEAP) for Heap_Mem
    keil_startup_lpc15xx.o(.text) refers to keil_startup_lpc15xx.o(STACK) for Stack_Mem
    sysinit.o(i.SystemInit) refers to board_sysinit.o(i.Board_SystemInit) for Board_SystemInit
    main.o(i.Chip_SWM_MovablePortPinAssign) refers to swm_15xx.o(i.Chip_SWM_MovablePinAssign) for Chip_SWM_MovablePinAssign
    main.o(i.Init_SPI_PinMux) refers to clock_15xx.o(i.Chip_Clock_EnablePeriphClock) for Chip_Clock_EnablePeriphClock
    main.o(i.Init_SPI_PinMux) refers to main.o(i.Chip_IOCON_PinMuxSet) for Chip_IOCON_PinMuxSet
    main.o(i.Init_SPI_PinMux) refers to swm_15xx.o(i.Chip_SWM_MovablePinAssign) for Chip_SWM_MovablePinAssign
    main.o(i.Init_SPI_PinMux) refers to clock_15xx.o(i.Chip_Clock_DisablePeriphClock) for Chip_Clock_DisablePeriphClock
    main.o(i.ReadSpiMssg) refers to spi_15xx.o(i.Chip_SPI_Int_RWFrames) for Chip_SPI_Int_RWFrames
    main.o(i.ReadSpiMssg) refers to main.o(i.errorSPI) for errorSPI
    main.o(i.ReadSpiMssg) refers to spi_15xx.o(i.Chip_SPI_Int_Cmd) for Chip_SPI_Int_Cmd
    main.o(i.ReadSpiMssg) refers to main.o(.bss) for XferSetup
    main.o(i.SPI0_IRQHandler) refers to spi_15xx.o(i.Chip_SPI_Int_RWFrames) for Chip_SPI_Int_RWFrames
    main.o(i.SPI0_IRQHandler) refers to main.o(i.errorSPI) for errorSPI
    main.o(i.SPI0_IRQHandler) refers to spi_15xx.o(i.Chip_SPI_Int_Cmd) for Chip_SPI_Int_Cmd
    main.o(i.SPI0_IRQHandler) refers to main.o(.bss) for XferSetup
    main.o(i.SPI0_IRQHandler) refers to main.o(.data) for intErrCode
    main.o(i.SPI_SlaveTask) refers to _printf_percent.o(.ARM.Collect$$_printf_percent$$00000000) for _printf_percent
    main.o(i.SPI_SlaveTask) refers to _printf_d.o(.ARM.Collect$$_printf_percent$$00000009) for _printf_d
    main.o(i.SPI_SlaveTask) refers to _printf_x.o(.ARM.Collect$$_printf_percent$$0000000C) for _printf_x
    main.o(i.SPI_SlaveTask) refers to _printf_dec.o(.text) for _printf_int_dec
    main.o(i.SPI_SlaveTask) refers to _printf_hex_int.o(.text) for _printf_longlong_hex
    main.o(i.SPI_SlaveTask) refers to chip_15xx.o(i.SystemCoreClockUpdate) for SystemCoreClockUpdate
    main.o(i.SPI_SlaveTask) refers to board.o(i.Board_Init) for Board_Init
    main.o(i.SPI_SlaveTask) refers to main.o(i.pinmux) for pinmux
    main.o(i.SPI_SlaveTask) refers to main.o(i.uart_init) for uart_init
    main.o(i.SPI_SlaveTask) refers to board.o(i.Board_LED_Set) for Board_LED_Set
    main.o(i.SPI_SlaveTask) refers to main.o(i.Init_SPI_PinMux) for Init_SPI_PinMux
    main.o(i.SPI_SlaveTask) refers to main.o(i.setupSpiSlave) for setupSpiSlave
    main.o(i.SPI_SlaveTask) refers to main.o(i.ReadSpiMssg) for ReadSpiMssg
    main.o(i.SPI_SlaveTask) refers to noretval__2printf.o(.text) for __2printf
    main.o(i.SPI_SlaveTask) refers to board.o(i.Board_LED_Toggle) for Board_LED_Toggle
    main.o(i.SPI_SlaveTask) refers to main.o(.bss) for rx_buff
    main.o(i.errorSPI) refers to board.o(i.Board_LED_Set) for Board_LED_Set
    main.o(i.main) refers to main.o(i.prvSetupHardware) for prvSetupHardware
    main.o(i.main) refers to main.o(i.pinmux) for pinmux
    main.o(i.main) refers to main.o(i.uart_init) for uart_init
    main.o(i.main) refers to tasks.o(i.xTaskGenericCreate) for xTaskGenericCreate
    main.o(i.main) refers to tasks.o(i.vTaskStartScheduler) for vTaskStartScheduler
    main.o(i.main) refers to main.o(i.SPI_SlaveTask) for SPI_SlaveTask
    main.o(i.pinmux) refers to main.o(i.Chip_IOCON_PinMuxSet) for Chip_IOCON_PinMuxSet
    main.o(i.pinmux) refers to main.o(i.Chip_SWM_MovablePortPinAssign) for Chip_SWM_MovablePortPinAssign
[...]
    ../clib/printf.c                         0x00000000   Number         0  __printf_ss.o ABSOLUTE
    ../clib/printf.c                         0x00000000   Number         0  __printf_ss_wp.o ABSOLUTE
    ../clib/printf.c                         0x00000000   Number         0  __printf_flags.o ABSOLUTE
    ../clib/printf.c                         0x00000000   Number         0  _printf_hex_int_ll_ptr.o ABSOLUTE
    ../clib/printf.c                         0x00000000   Number         0  _printf_hex_ll_ptr.o ABSOLUTE
    ../clib/printf.c                         0x00000000   Number         0  __printf_flags_wp.o ABSOLUTE
    ../clib/printf.c                         0x00000000   Number         0  __printf_wp.o ABSOLUTE
    ../clib/printf.c                         0x00000000   Number         0  _printf_hex_int_ptr.o ABSOLUTE
    ../clib/printf.c                         0x00000000   Number         0  _printf_hex_ptr.o ABSOLUTE
    ../clib/printf.c                         0x00000000   Number         0  _printf_hex_int_ll.o ABSOLUTE
    ../clib/printf.c                         0x00000000   Number         0  _printf_hex_int.o ABSOLUTE
    ../clib/printf.c                         0x00000000   Number         0  _printf_char_common.o ABSOLUTE
    ../clib/printf.c                         0x00000000   Number         0  __printf_flags_ss_wp.o ABSOLUTE
    ../clib/printf.c                         0x00000000   Number         0  _printf_hex_ll.o ABSOLUTE
    ../clib/printf.c                         0x00000000   Number         0  _printf_dec.o ABSOLUTE
    ../clib/printf.c                         0x00000000   Number         0  __printf.o ABSOLUTE
    ../clib/printf.c                         0x00000000   Number         0  __printf_flags_ss.o ABSOLUTE
    ../clib/printf.c                         0x00000000   Number         0  __printf_nopercent.o ABSOLUTE
    ../clib/printf_percent.s                 0x00000000   Number         0  _printf_x.o ABSOLUTE
    ../clib/printf_percent.s                 0x00000000   Number         0  _printf_percent_end.o ABSOLUTE
    ../clib/printf_percent.s                 0x00000000   Number         0  _printf_percent.o ABSOLUTE
    ../clib/printf_percent.s                 0x00000000   Number         0  _printf_d.o ABSOLUTE
    ../clib/signal.c                         0x00000000   Number         0  defsig_rtmem_inner.o ABSOLUTE
    ../clib/signal.c                         0x00000000   Number         0  defsig_fpe_inner.o ABSOLUTE
    ../clib/signal.c                         0x00000000   Number         0  defsig_general.o ABSOLUTE
    ../clib/signal.c                         0x00000000   Number         0  defsig_abrt_inner.o ABSOLUTE
    ../clib/signal.c                         0x00000000   Number         0  __raise.o ABSOLUTE
    ../clib/signal.c                         0x00000000   Number         0  defsig_exit.o ABSOLUTE
    ../clib/signal.c                         0x00000000   Number         0  defsig_fpe_outer.o ABSOLUTE
    ../clib/signal.c                         0x00000000   Number         0  defsig_fpe_formal.o ABSOLUTE
    ../clib/signal.c                         0x00000000   Number         0  defsig_other.o ABSOLUTE
    ../clib/signal.c                         0x00000000   Number         0  defsig_segv_inner.o ABSOLUTE
    ../clib/signal.c                         0x00000000   Number         0  defsig_cppl_inner.o ABSOLUTE
    ../clib/signal.c                         0x00000000   Number         0  defsig_pvfn_inner.o ABSOLUTE
    ../clib/signal.c                         0x00000000   Number         0  defsig_rtmem_formal.o ABSOLUTE
    ../clib/signal.c                         0x00000000   Number         0  defsig_rtmem_outer.o ABSOLUTE
    ../clib/signal.c                         0x00000000   Number         0  defsig_stak_inner.o ABSOLUTE
    ../clib/signal.c                         0x00000000   Number         0  defsig_rtred_inner.o ABSOLUTE
    ../clib/signal.s                         0x00000000   Number         0  defsig.o ABSOLUTE
    ../clib/stdlib.c                         0x00000000   Number         0  exit.o ABSOLUTE
    ../fplib/fpinit.s                        0x00000000   Number         0  fpinit.o ABSOLUTE
    ..\..\sw\freeRTOS\Source\croutine.c      0x00000000   Number         0  croutine.o ABSOLUTE
    ..\..\sw\freeRTOS\Source\event_groups.c  0x00000000   Number         0  event_groups.o ABSOLUTE
    ..\..\sw\freeRTOS\Source\list.c          0x00000000   Number         0  list.o ABSOLUTE
    ..\..\sw\freeRTOS\Source\portable\MemMang\heap_3.c 0x00000000   Number         0  heap_3.o ABSOLUTE
    ..\..\sw\freeRTOS\Source\portable\RVDS\ARM_CM3\port.c 0x00000000   Number         0  port.o ABSOLUTE
    ..\..\sw\freeRTOS\Source\queue.c         0x00000000   Number         0  queue.o ABSOLUTE
    ..\..\sw\freeRTOS\Source\tasks.c         0x00000000   Number         0  tasks.o ABSOLUTE
    ..\..\sw\freeRTOS\Source\timers.c        0x00000000   Number         0  timers.o ABSOLUTE
    ..\..\sw\freeRTOS\freertoslpc\FreeRTOSCommonHooks.c 0x00000000   Number         0  freertoscommonhooks.o ABSOLUTE
    ..\..\sw\startup_code\keil_startup_lpc15xx.s 0x00000000   Number         0  keil_startup_lpc15xx.o ABSOLUTE
    ..\..\sw\startup_code\sysinit.c          0x00000000   Number         0  sysinit.o ABSOLUTE
    ..\\..\\sw\\freeRTOS\\Source\\croutine.c 0x00000000   Number         0  croutine.o ABSOLUTE
    ..\\..\\sw\\freeRTOS\\Source\\event_groups.c 0x00000000   Number         0  event_groups.o ABSOLUTE
    ..\\..\\sw\\freeRTOS\\Source\\list.c     0x00000000   Number         0  list.o ABSOLUTE
    ..\\..\\sw\\freeRTOS\\Source\\portable\\MemMang\\heap_3.c 0x00000000   Number         0  heap_3.o ABSOLUTE
    ..\\..\\sw\\freeRTOS\\Source\\portable\\RVDS\\ARM_CM3\\port.c 0x00000000   Number         0  port.o ABSOLUTE
    ..\\..\\sw\\freeRTOS\\Source\\queue.c    0x00000000   Number         0  queue.o ABSOLUTE
    ..\\..\\sw\\freeRTOS\\Source\\tasks.c    0x00000000   Number         0  tasks.o ABSOLUTE
    ..\\..\\sw\\freeRTOS\\Source\\timers.c   0x00000000   Number         0  timers.o ABSOLUTE
    ..\\..\\sw\\freeRTOS\\freertoslpc\\FreeRTOSCommonHooks.c 0x00000000   Number         0  freertoscommonhooks.o ABSOLUTE
    ..\\..\\sw\\startup_code\\sysinit.c      0x00000000   Number         0  sysinit.o ABSOLUTE
    ..\chip_common\ring_buffer.c             0x00000000   Number         0  ring_buffer.o ABSOLUTE
    board.c                                  0x00000000   Number         0  board.o ABSOLUTE
    board.c                                  0x00000000   Number         0  board.o ABSOLUTE
    board_sysinit.c                          0x00000000   Number         0  board_sysinit.o ABSOLUTE
    board_sysinit.c                          0x00000000   Number         0  board_sysinit.o ABSOLUTE
    chip_15xx.c                              0x00000000   Number         0  chip_15xx.o ABSOLUTE
    chip_15xx.c                              0x00000000   Number         0  chip_15xx.o ABSOLUTE
    clock_15xx.c                             0x00000000   Number         0  clock_15xx.o ABSOLUTE
    clock_15xx.c                             0x00000000   Number         0  clock_15xx.o ABSOLUTE
    dc.s                                     0x00000000   Number         0  dc.o ABSOLUTE
    gpio_15xx.c                              0x00000000   Number         0  gpio_15xx.o ABSOLUTE
    gpio_15xx.c                              0x00000000   Number         0  gpio_15xx.o ABSOLUTE
    iocon_15xx.c                             0x00000000   Number         0  iocon_15xx.o ABSOLUTE
    iocon_15xx.c                             0x00000000   Number         0  iocon_15xx.o ABSOLUTE
    main.c                                   0x00000000   Number         0  main.o ABSOLUTE
    main.c                                   0x00000000   Number         0  main.o ABSOLUTE
    spi_15xx.c                               0x00000000   Number         0  spi_15xx.o ABSOLUTE
    spi_15xx.c                               0x00000000   Number         0  spi_15xx.o ABSOLUTE
    swm_15xx.c                               0x00000000   Number         0  swm_15xx.o ABSOLUTE
    swm_15xx.c                               0x00000000   Number         0  swm_15xx.o ABSOLUTE
    sysctl_15xx.c                            0x00000000   Number         0  sysctl_15xx.o ABSOLUTE
    sysctl_15xx.c                            0x00000000   Number         0  sysctl_15xx.o ABSOLUTE
    sysinit_15xx.c                           0x00000000   Number         0  sysinit_15xx.o ABSOLUTE
    sysinit_15xx.c                           0x00000000   Number         0  sysinit_15xx.o ABSOLUTE
    uart_15xx.c                              0x00000000   Number         0  uart_15xx.o ABSOLUTE
    uart_15xx.c                              0x00000000   Number         0  uart_15xx.o ABSOLUTE
    !!!main                                  0x000000fc   Section        8  __main.o(!!!main)
    !!!scatter                               0x00000104   Section       52  __scatter.o(!!!scatter)
    !!handler_copy                           0x00000138   Section       26  __scatter_copy.o(!!handler_copy)
    !!handler_zi                             0x00000154   Section       28  __scatter_zi.o(!!handler_zi)
    .ARM.Collect$$_printf_percent$$00000000  0x00000170   Section        0  _printf_percent.o(.ARM.Collect$$_printf_percent$$00000000)
    .ARM.Collect$$_printf_percent$$00000009  0x00000170   Section        6  _printf_d.o(.ARM.Collect$$_printf_percent$$00000009)
    .ARM.Collect$$_printf_percent$$0000000C  0x00000176   Section        6  _printf_x.o(.ARM.Collect$$_printf_percent$$0000000C)
    .ARM.Collect$$_printf_percent$$00000017  0x0000017c   Section        4  _printf_percent_end.o(.ARM.Collect$$_printf_percent$$00000017)
    .ARM.Collect$$libinit$$00000000          0x00000180   Section        2  libinit.o(.ARM.Collect$$libinit$$00000000)
    .ARM.Collect$$libinit$$00000002          0x00000182   Section        0  libinit2.o(.ARM.Collect$$libinit$$00000002)
    .ARM.Collect$$libinit$$00000004          0x00000182   Section        0  libinit2.o(.ARM.Collect$$libinit$$00000004)
    .ARM.Collect$$libinit$$00000005          0x00000182   Section        8  libinit2.o(.ARM.Collect$$libinit$$00000005)
    .ARM.Collect$$libinit$$0000000A          0x0000018a   Section        0  libinit2.o(.ARM.Collect$$libinit$$0000000A)
    .ARM.Collect$$libinit$$0000000C          0x0000018a   Section        0  libinit2.o(.ARM.Collect$$libinit$$0000000C)
    .ARM.Collect$$libinit$$0000000E          0x0000018a   Section        0  libinit2.o(.ARM.Collect$$libinit$$0000000E)
    .ARM.Collect$$libinit$$00000011          0x0000018a   Section        0  libinit2.o(.ARM.Collect$$libinit$$00000011)
    .ARM.Collect$$libinit$$00000013          0x0000018a   Section        0  libinit2.o(.ARM.Collect$$libinit$$00000013)
    .ARM.Collect$$libinit$$00000015          0x0000018a   Section        0  libinit2.o(.ARM.Collect$$libinit$$00000015)
    .ARM.Collect$$libinit$$00000017          0x0000018a   Section        0  libinit2.o(.ARM.Collect$$libinit$$00000017)
    .ARM.Collect$$libinit$$00000019          0x0000018a   Section        0  libinit2.o(.ARM.Collect$$libinit$$00000019)
    .ARM.Collect$$libinit$$0000001B          0x0000018a   Section        0  libinit2.o(.ARM.Collect$$libinit$$0000001B)
    .ARM.Collect$$libinit$$0000001D          0x0000018a   Section        0  libinit2.o(.ARM.Collect$$libinit$$0000001D)
    .ARM.Collect$$libinit$$0000001F          0x0000018a   Section        0  libinit2.o(.ARM.Collect$$libinit$$0000001F)
    .ARM.Collect$$libinit$$00000021          0x0000018a   Section        0  libinit2.o(.ARM.Collect$$libinit$$00000021)
    .ARM.Collect$$libinit$$00000023          0x0000018a   Section        0  libinit2.o(.ARM.Collect$$libinit$$00000023)
    .ARM.Collect$$libinit$$00000025          0x0000018a   Section        0  libinit2.o(.ARM.Collect$$libinit$$00000025)
    .ARM.Collect$$libinit$$0000002C          0x0000018a   Section        0  libinit2.o(.ARM.Collect$$libinit$$0000002C)
    .ARM.Collect$$libinit$$0000002E          0x0000018a   Section        0  libinit2.o(.ARM.Collect$$libinit$$0000002E)
    .ARM.Collect$$libinit$$00000030          0x0000018a   Section        0  libinit2.o(.ARM.Collect$$libinit$$00000030)
    .ARM.Collect$$libinit$$00000032          0x0000018a   Section        0  libinit2.o(.ARM.Collect$$libinit$$00000032)
    .ARM.Collect$$libinit$$00000033          0x0000018a   Section        2  libinit2.o(.ARM.Collect$$libinit$$00000033)
    .ARM.Collect$$libshutdown$$00000000      0x0000018c   Section        2  libshutdown.o(.ARM.Collect$$libshutdown$$00000000)
    .ARM.Collect$$libshutdown$$00000002      0x0000018e   Section        0  libshutdown2.o(.ARM.Collect$$libshutdown$$00000002)
    .ARM.Collect$$libshutdown$$00000004      0x0000018e   Section        0  libshutdown2.o(.ARM.Collect$$libshutdown$$00000004)
    .ARM.Collect$$libshutdown$$00000007      0x0000018e   Section        0  libshutdown2.o(.ARM.Collect$$libshutdown$$00000007)
    .ARM.Collect$$libshutdown$$0000000A      0x0000018e   Section        0  libshutdown2.o(.ARM.Collect$$libshutdown$$0000000A)
    .ARM.Collect$$libshutdown$$0000000C      0x0000018e   Section        0  libshutdown2.o(.ARM.Collect$$libshutdown$$0000000C)
    .ARM.Collect$$libshutdown$$0000000F      0x0000018e   Section        0  libshutdown2.o(.ARM.Collect$$libshutdown$$0000000F)
    .ARM.Collect$$libshutdown$$00000010      0x0000018e   Section        2  libshutdown2.o(.ARM.Collect$$libshutdown$$00000010)
    .ARM.Collect$$rtentry$$00000000          0x00000190   Section        0  __rtentry.o(.ARM.Collect$$rtentry$$00000000)
    .ARM.Collect$$rtentry$$00000002          0x00000190   Section        0  __rtentry2.o(.ARM.Collect$$rtentry$$00000002)
    .ARM.Collect$$rtentry$$00000004          0x00000190   Section        6  __rtentry4.o(.ARM.Collect$$rtentry$$00000004)
    .ARM.Collect$$rtentry$$00000009          0x00000196   Section        0  __rtentry2.o(.ARM.Collect$$rtentry$$00000009)
    .ARM.Collect$$rtentry$$0000000A          0x00000196   Section        4  __rtentry2.o(.ARM.Collect$$rtentry$$0000000A)
    .ARM.Collect$$rtentry$$0000000C          0x0000019a   Section        0  __rtentry2.o(.ARM.Collect$$rtentry$$0000000C)
    .ARM.Collect$$rtentry$$0000000D          0x0000019a   Section        8  __rtentry2.o(.ARM.Collect$$rtentry$$0000000D)
    .ARM.Collect$$rtexit$$00000000           0x000001a2   Section        2  rtexit.o(.ARM.Collect$$rtexit$$00000000)
    .ARM.Collect$$rtexit$$00000002           0x000001a4   Section        0  rtexit2.o(.ARM.Collect$$rtexit$$00000002)
    .ARM.Collect$$rtexit$$00000003           0x000001a4   Section        4  rtexit2.o(.ARM.Collect$$rtexit$$00000003)
    .ARM.Collect$$rtexit$$00000004           0x000001a8   Section        6  rtexit2.o(.ARM.Collect$$rtexit$$00000004)
    .emb_text                                0x000001b0   Section      162  port.o(.emb_text)
    .emb_text                                0x00000254   Section        0  maybetermalloc1.o(.emb_text)
    .text                                    0x00000254   Section       60  keil_startup_lpc15xx.o(.text)
    .text                                    0x00000290   Section        0  h1_alloc.o(.text)
    .text                                    0x000002ee   Section        0  heapauxi.o(.text)
    .text                                    0x000002f4   Section        8  rt_heap_descriptor_intlibspace.o(.text)
    .ARM.__at_0x02FC                         0x000002fc   Section        4  keil_startup_lpc15xx.o(.ARM.__at_0x02FC)
    .text                                    0x00000300   Section        0  h1_free.o(.text)
    .text                                    0x0000034e   Section      238  lludivv7m.o(.text)
    .text                                    0x0000043c   Section        0  noretval__2printf.o(.text)
    .text                                    0x00000454   Section        0  __printf.o(.text)
    .text                                    0x000004bc   Section        0  _printf_dec.o(.text)
    .text                                    0x00000534   Section        0  _printf_hex_int.o(.text)
    .text                                    0x0000058c   Section       16  aeabi_memset.o(.text)
    .text                                    0x0000059c   Section        0  hguard.o(.text)
    .text                                    0x000005a0   Section        0  init_alloc.o(.text)
    .text                                    0x0000062a   Section        0  h1_init.o(.text)
    .text                                    0x00000638   Section        0  _printf_intcommon.o(.text)
    .text                                    0x000006ec   Section        0  _printf_char_file.o(.text)
    .text                                    0x00000710   Section       68  rt_memclr.o(.text)
    .text                                    0x00000754   Section        8  libspace.o(.text)
    .text                                    0x0000075c   Section        0  h1_extend.o(.text)
    .text                                    0x00000790   Section        0  _printf_char_common.o(.text)
    _printf_input_char                       0x00000791   Thumb Code    10  _printf_char_common.o(.text)
    .text                                    0x000007c0   Section        0  defsig_rtmem_outer.o(.text)
    .text                                    0x000007ce   Section       78  rt_memclr_w.o(.text)
    .text                                    0x0000081c   Section        0  heapauxiu.o(.text)
    .text                                    0x00000826   Section        2  use_no_semi.o(.text)
    .text                                    0x00000828   Section        0  indicate_semi.o(.text)
    .text                                    0x00000828   Section       74  sys_stackheap_outer.o(.text)
    .text                                    0x00000872   Section        0  exit.o(.text)
    .text                                    0x00000884   Section        0  defsig_exit.o(.text)
    .text                                    0x00000890   Section        0  defsig_rtmem_inner.o(.text)
    .text                                    0x000008e0   Section        0  defsig_general.o(.text)
    .text                                    0x00000912   Section        0  sys_wrch.o(.text)
    i.Board_Debug_Init                       0x00000920   Section        0  board.o(i.Board_Debug_Init)
    i.Board_Init                             0x00000980   Section        0  board.o(i.Board_Init)
    i.Board_LED_Set                          0x000009c8   Section        0  board.o(i.Board_LED_Set)
    i.Board_LED_Toggle                       0x000009ec   Section        0  board.o(i.Board_LED_Toggle)
    i.Board_SetupClocking                    0x00000a10   Section        0  board_sysinit.o(i.Board_SetupClocking)
    i.Board_SetupMuxing                      0x00000a48   Section        0  board_sysinit.o(i.Board_SetupMuxing)
    i.Board_SystemInit                       0x00000a98   Section        0  board_sysinit.o(i.Board_SystemInit)
    i.Board_UARTPutChar                      0x00000ab0   Section        0  board.o(i.Board_UARTPutChar)
    i.Chip_Clock_DisablePeriphClock          0x00000ac4   Section        0  clock_15xx.o(i.Chip_Clock_DisablePeriphClock)
    i.Chip_Clock_EnablePeriphClock           0x00000ae4   Section        0  clock_15xx.o(i.Chip_Clock_EnablePeriphClock)
    i.Chip_Clock_GetMainClockRate            0x00000b04   Section        0  clock_15xx.o(i.Chip_Clock_GetMainClockRate)
    i.Chip_Clock_GetMain_A_ClockRate         0x00000b1c   Section        0  clock_15xx.o(i.Chip_Clock_GetMain_A_ClockRate)
    i.Chip_Clock_GetMain_B_ClockRate         0x00000b50   Section        0  clock_15xx.o(i.Chip_Clock_GetMain_B_ClockRate)
    i.Chip_Clock_GetPLLFreq                  0x00000b84   Section        0  clock_15xx.o(i.Chip_Clock_GetPLLFreq)
    Chip_Clock_GetPLLFreq                    0x00000b85   Thumb Code    12  clock_15xx.o(i.Chip_Clock_GetPLLFreq)
    i.Chip_Clock_GetPLLInClockRate           0x00000b90   Section        0  clock_15xx.o(i.Chip_Clock_GetPLLInClockRate)
    Chip_Clock_GetPLLInClockRate             0x00000b91   Thumb Code    24  clock_15xx.o(i.Chip_Clock_GetPLLInClockRate)
    i.Chip_Clock_GetSystemClockRate          0x00000bb0   Section        0  clock_15xx.o(i.Chip_Clock_GetSystemClockRate)
    i.Chip_Clock_GetSystemPLLInClockRate     0x00000bc8   Section        0  clock_15xx.o(i.Chip_Clock_GetSystemPLLInClockRate)
    i.Chip_Clock_GetSystemPLLOutClockRate    0x00000bd8   Section        0  clock_15xx.o(i.Chip_Clock_GetSystemPLLOutClockRate)
    i.Chip_Clock_GetUARTBaseClockRate        0x00000bf4   Section        0  clock_15xx.o(i.Chip_Clock_GetUARTBaseClockRate)
    i.Chip_Clock_SetMainClockSource          0x00000c34   Section        0  clock_15xx.o(i.Chip_Clock_SetMainClockSource)
    i.Chip_Clock_SetUARTBaseClockRate        0x00000c54   Section        0  clock_15xx.o(i.Chip_Clock_SetUARTBaseClockRate)
    i.Chip_FMC_SetFLASHAccess                0x00000ca4   Section        0  sysinit_15xx.o(i.Chip_FMC_SetFLASHAccess)
    Chip_FMC_SetFLASHAccess                  0x00000ca5   Thumb Code    24  sysinit_15xx.o(i.Chip_FMC_SetFLASHAccess)
    i.Chip_GPIO_Init                         0x00000cc0   Section        0  gpio_15xx.o(i.Chip_GPIO_Init)
    i.Chip_IOCON_PinMuxSet                   0x00000cec   Section        0  main.o(i.Chip_IOCON_PinMuxSet)
    Chip_IOCON_PinMuxSet                     0x00000ced   Thumb Code    12  main.o(i.Chip_IOCON_PinMuxSet)
    i.Chip_IOCON_SetPinMuxing                0x00000cf8   Section        0  iocon_15xx.o(i.Chip_IOCON_SetPinMuxing)
    i.Chip_SPI_DelayConfig                   0x00000d1c   Section        0  spi_15xx.o(i.Chip_SPI_DelayConfig)
    i.Chip_SPI_Init                          0x00000d58   Section        0  spi_15xx.o(i.Chip_SPI_Init)
    i.Chip_SPI_Int_Cmd                       0x00000d80   Section        0  spi_15xx.o(i.Chip_SPI_Int_Cmd)
    i.Chip_SPI_Int_RWFrames                  0x00000d94   Section        0  spi_15xx.o(i.Chip_SPI_Int_RWFrames)
    i.Chip_SPI_SendLastFrame                 0x00000e14   Section        0  spi_15xx.o(i.Chip_SPI_SendLastFrame)
    Chip_SPI_SendLastFrame                   0x00000e15   Thumb Code    24  spi_15xx.o(i.Chip_SPI_SendLastFrame)
    i.Chip_SPI_SetConfig                     0x00000e2c   Section        0  spi_15xx.o(i.Chip_SPI_SetConfig)
    i.Chip_SPI_SetControlInfo                0x00000e70   Section        0  spi_15xx.o(i.Chip_SPI_SetControlInfo)
    Chip_SPI_SetControlInfo                  0x00000e71   Thumb Code    18  spi_15xx.o(i.Chip_SPI_SetControlInfo)
    i.Chip_SWM_MovablePinAssign              0x00000e88   Section        0  swm_15xx.o(i.Chip_SWM_MovablePinAssign)
    i.Chip_SWM_MovablePortPinAssign          0x00000eac   Section        0  main.o(i.Chip_SWM_MovablePortPinAssign)
    Chip_SWM_MovablePortPinAssign            0x00000ead   Thumb Code    22  main.o(i.Chip_SWM_MovablePortPinAssign)
    i.Chip_SWM_MovablePortPinAssign          0x00000ec2   Section        0  board.o(i.Chip_SWM_MovablePortPinAssign)
    Chip_SWM_MovablePortPinAssign            0x00000ec3   Thumb Code    10  board.o(i.Chip_SWM_MovablePortPinAssign)
    i.Chip_SYSCTL_AssertPeriphReset          0x00000ecc   Section        0  sysctl_15xx.o(i.Chip_SYSCTL_AssertPeriphReset)
    i.Chip_SYSCTL_DeassertPeriphReset        0x00000ef0   Section        0  sysctl_15xx.o(i.Chip_SYSCTL_DeassertPeriphReset)
    i.Chip_SYSCTL_PeriphReset                0x00000f14   Section        0  uart_15xx.o(i.Chip_SYSCTL_PeriphReset)
    Chip_SYSCTL_PeriphReset                  0x00000f15   Thumb Code    18  uart_15xx.o(i.Chip_SYSCTL_PeriphReset)
    i.Chip_SYSCTL_PeriphReset                0x00000f26   Section        0  spi_15xx.o(i.Chip_SYSCTL_PeriphReset)
    Chip_SYSCTL_PeriphReset                  0x00000f27   Thumb Code    18  spi_15xx.o(i.Chip_SYSCTL_PeriphReset)
    i.Chip_SYSCTL_PowerDown                  0x00000f38   Section        0  sysctl_15xx.o(i.Chip_SYSCTL_PowerDown)
    i.Chip_SYSCTL_PowerUp                    0x00000f54   Section        0  sysctl_15xx.o(i.Chip_SYSCTL_PowerUp)
    i.Chip_SetupXtalClocking                 0x00000f70   Section        0  sysinit_15xx.o(i.Chip_SetupXtalClocking)
    i.Chip_UART_Init                         0x00000fd0   Section        0  uart_15xx.o(i.Chip_UART_Init)
    i.Chip_UART_Send                         0x00001004   Section        0  uart_15xx.o(i.Chip_UART_Send)
    i.Chip_UART_SendBlocking                 0x00001020   Section        0  uart_15xx.o(i.Chip_UART_SendBlocking)
    i.Chip_UART_SetBaud                      0x00001044   Section        0  uart_15xx.o(i.Chip_UART_SetBaud)
    i.Init_SPI_PinMux                        0x0000105c   Section        0  main.o(i.Init_SPI_PinMux)
    Init_SPI_PinMux                          0x0000105d   Thumb Code    96  main.o(i.Init_SPI_PinMux)
    i.ReadSpiMssg                            0x000010c0   Section        0  main.o(i.ReadSpiMssg)
    ReadSpiMssg                              0x000010c1   Thumb Code    58  main.o(i.ReadSpiMssg)
    i.SPI0_IRQHandler                        0x00001104   Section        0  main.o(i.SPI0_IRQHandler)
    i.SPI_Receive_Data                       0x00001148   Section        0  spi_15xx.o(i.SPI_Receive_Data)
    SPI_Receive_Data                         0x00001149   Thumb Code    18  spi_15xx.o(i.SPI_Receive_Data)
    i.SPI_Send_Data                          0x0000115a   Section        0  spi_15xx.o(i.SPI_Send_Data)
    SPI_Send_Data                            0x0000115b   Thumb Code    40  spi_15xx.o(i.SPI_Send_Data)
    i.SPI_Send_Data_RxIgnore                 0x00001182   Section        0  spi_15xx.o(i.SPI_Send_Data_RxIgnore)
    SPI_Send_Data_RxIgnore                   0x00001183   Thumb Code    56  spi_15xx.o(i.SPI_Send_Data_RxIgnore)
    i.SPI_SlaveTask                          0x000011bc   Section        0  main.o(i.SPI_SlaveTask)
    SPI_SlaveTask                            0x000011bd   Thumb Code   104  main.o(i.SPI_SlaveTask)
    i.SysTick_Handler                        0x00001244   Section        0  port.o(i.SysTick_Handler)
    i.SystemCoreClockUpdate                  0x00001264   Section        0  chip_15xx.o(i.SystemCoreClockUpdate)
    i.SystemInit                             0x00001274   Section        0  sysinit.o(i.SystemInit)
    i.__user_heap_extend                     0x0000127c   Section        0  freertoscommonhooks.o(i.__user_heap_extend)
    __tagsym$$used                           0x0000127d   Number         0  freertoscommonhooks.o(i.__user_heap_extend)
    i._sys_exit                              0x00001298   Section        0  board.o(i._sys_exit)
    i.errorSPI                               0x0000129c   Section        0  main.o(i.errorSPI)
    errorSPI                                 0x0000129d   Thumb Code    12  main.o(i.errorSPI)
    i.ferror                                 0x000012a8   Section        0  board.o(i.ferror)
    i.fputc                                  0x000012ae   Section        0  board.o(i.fputc)
    i.getUARTClockID                         0x000012bc   Section        0  uart_15xx.o(i.getUARTClockID)
    getUARTClockID                           0x000012bd   Thumb Code    24  uart_15xx.o(i.getUARTClockID)
    i.main                                   0x000012dc   Section        0  main.o(i.main)
    i.pinmux                                 0x00001320   Section        0  main.o(i.pinmux)
    pinmux                                   0x00001321   Thumb Code    48  main.o(i.pinmux)
    i.prvAllocateTCBAndStack                 0x00001354   Section        0  tasks.o(i.prvAllocateTCBAndStack)
    prvAllocateTCBAndStack                   0x00001355   Thumb Code    66  tasks.o(i.prvAllocateTCBAndStack)
    i.prvCheckTasksWaitingTermination        0x00001398   Section        0  tasks.o(i.prvCheckTasksWaitingTermination)
    prvCheckTasksWaitingTermination          0x00001399   Thumb Code    86  tasks.o(i.prvCheckTasksWaitingTermination)
    i.prvDeleteTCB                           0x000013fc   Section        0  tasks.o(i.prvDeleteTCB)
    prvDeleteTCB                             0x000013fd   Thumb Code    18  tasks.o(i.prvDeleteTCB)
    i.prvIdleTask                            0x00001410   Section        0  tasks.o(i.prvIdleTask)
    prvIdleTask                              0x00001411   Thumb Code    24  tasks.o(i.prvIdleTask)
    i.prvInitialiseTCBVariables              0x0000142c   Section        0  tasks.o(i.prvInitialiseTCBVariables)
    prvInitialiseTCBVariables                0x0000142d   Thumb Code    98  tasks.o(i.prvInitialiseTCBVariables)
    i.prvInitialiseTaskLists                 0x00001490   Section        0  tasks.o(i.prvInitialiseTaskLists)
    prvInitialiseTaskLists                   0x00001491   Thumb Code    70  tasks.o(i.prvInitialiseTaskLists)
    i.prvResetNextTaskUnblockTime            0x000014f8   Section        0  tasks.o(i.prvResetNextTaskUnblockTime)
    prvResetNextTaskUnblockTime              0x000014f9   Thumb Code    42  tasks.o(i.prvResetNextTaskUnblockTime)
    i.prvSetupHardware                       0x0000152c   Section        0  main.o(i.prvSetupHardware)
    prvSetupHardware                         0x0000152d   Thumb Code    20  main.o(i.prvSetupHardware)
    i.prvTaskExitError                       0x00001540   Section        0  port.o(i.prvTaskExitError)
    prvTaskExitError                         0x00001541   Thumb Code     8  port.o(i.prvTaskExitError)
    i.pvPortMalloc                           0x00001548   Section        0  heap_3.o(i.pvPortMalloc)
    i.pxPortInitialiseStack                  0x00001560   Section        0  port.o(i.pxPortInitialiseStack)
    i.setupSpiSlave                          0x00001580   Section        0  main.o(i.setupSpiSlave)
    setupSpiSlave                            0x00001581   Thumb Code    80  main.o(i.setupSpiSlave)
    i.uart_init                              0x000015d4   Section        0  main.o(i.uart_init)
    uart_init                                0x000015d5   Thumb Code    70  main.o(i.uart_init)
    i.uxListRemove                           0x00001620   Section        0  list.o(i.uxListRemove)
    i.vApplicationIdleHook                   0x00001648   Section        0  freertoscommonhooks.o(i.vApplicationIdleHook)
    i.vListInitialise                        0x0000164c   Section        0  list.o(i.vListInitialise)
    i.vListInitialiseItem                    0x00001666   Section        0  list.o(i.vListInitialiseItem)
    i.vListInsertEnd                         0x0000166c   Section        0  list.o(i.vListInsertEnd)
    i.vPortEnterCritical                     0x00001684   Section        0  port.o(i.vPortEnterCritical)
    i.vPortExitCritical                      0x000016a4   Section        0  port.o(i.vPortExitCritical)
    i.vPortFree                              0x000016c4   Section        0  heap_3.o(i.vPortFree)
    i.vPortSetupTimerInterrupt               0x000016dc   Section        0  port.o(i.vPortSetupTimerInterrupt)
    i.vPortYield                             0x000016fc   Section        0  port.o(i.vPortYield)
    i.vTaskStartScheduler                    0x00001714   Section        0  tasks.o(i.vTaskStartScheduler)
    i.vTaskSuspendAll                        0x00001768   Section        0  tasks.o(i.vTaskSuspendAll)
    i.vTaskSwitchContext                     0x00001778   Section        0  tasks.o(i.vTaskSwitchContext)
    i.xPortStartScheduler                    0x000017d8   Section        0  port.o(i.xPortStartScheduler)
    i.xTaskGenericCreate                     0x0000180c   Section        0  tasks.o(i.xTaskGenericCreate)
    i.xTaskIncrementTick                     0x0000190c   Section        0  tasks.o(i.xTaskIncrementTick)
    i.xTaskResumeAll                         0x00001a2c   Section        0  tasks.o(i.xTaskResumeAll)
    .constdata                               0x00001b08   Section        4  board.o(.constdata)
    .constdata                               0x00001b0c   Section        4  board.o(.constdata)
    .constdata                               0x00001b10   Section       21  board.o(.constdata)
    ledpins                                  0x00001b10   Data           3  board.o(.constdata)
    ledports                                 0x00001b13   Data           3  board.o(.constdata)
    portButton                               0x00001b16   Data           5  board.o(.constdata)
    pinButton                                0x00001b1b   Data           5  board.o(.constdata)
    stateButton                              0x00001b20   Data           5  board.o(.constdata)
    .constdata                               0x00001b28   Section      124  board_sysinit.o(.constdata)
    swmSetup                                 0x00001b28   Data           6  board_sysinit.o(.constdata)
    ioconSetup                               0x00001b30   Data         116  board_sysinit.o(.constdata)
    .constdata                               0x00001ba4   Section       40  _printf_hex_int.o(.constdata)
    uc_hextab                                0x00001ba4   Data          20  _printf_hex_int.o(.constdata)
    lc_hextab                                0x00001bb8   Data          20  _printf_hex_int.o(.constdata)
    .data                                    0x02000000   Section        4  main.o(.data)
    intErrCode                               0x02000000   Data           4  main.o(.data)
    .data                                    0x02000004   Section       56  tasks.o(.data)
    pxDelayedTaskList                        0x02000008   Data           4  tasks.o(.data)
    pxOverflowDelayedTaskList                0x0200000c   Data           4  tasks.o(.data)
    uxTasksDeleted                           0x02000010   Data           4  tasks.o(.data)
    uxCurrentNumberOfTasks                   0x02000014   Data           4  tasks.o(.data)
    xTickCount                               0x02000018   Data           4  tasks.o(.data)
    uxTopReadyPriority                       0x0200001c   Data           4  tasks.o(.data)
    xSchedulerRunning                        0x02000020   Data           4  tasks.o(.data)
    uxPendedTicks                            0x02000024   Data           4  tasks.o(.data)
    xYieldPending                            0x02000028   Data           4  tasks.o(.data)
    xNumOfOverflows                          0x0200002c   Data           4  tasks.o(.data)
    uxTaskNumber                             0x02000030   Data           4  tasks.o(.data)
    xNextTaskUnblockTime                     0x02000034   Data           4  tasks.o(.data)
    uxSchedulerSuspended                     0x02000038   Data           4  tasks.o(.data)
    .data                                    0x0200003c   Section        4  port.o(.data)
    uxCriticalNesting                        0x0200003c   Data           4  port.o(.data)
    .data                                    0x02000040   Section        4  board.o(.data)
    .data                                    0x02000044   Section        4  chip_15xx.o(.data)
    .bss                                     0x02000048   Section       92  main.o(.bss)
    XferSetup                                0x02000048   Data          28  main.o(.bss)
    rx_buff                                  0x02000064   Data          64  main.o(.bss)
    .bss                                     0x020000a4   Section      260  tasks.o(.bss)
    pxReadyTasksLists                        0x020000a4   Data         160  tasks.o(.bss)
    xDelayedTaskList1                        0x02000144   Data          20  tasks.o(.bss)
    xDelayedTaskList2                        0x02000158   Data          20  tasks.o(.bss)
    xPendingReadyList                        0x0200016c   Data          20  tasks.o(.bss)
    xTasksWaitingTermination                 0x02000180   Data          20  tasks.o(.bss)
    xSuspendedTaskList                       0x02000194   Data          20  tasks.o(.bss)
    .bss                                     0x020001a8   Section    24576  freertoscommonhooks.o(.bss)
    extra_heap                               0x020001a8   Data       24576  freertoscommonhooks.o(.bss)
    .bss                                     0x020061a8   Section       96  libspace.o(.bss)
    HEAP                                     0x02006208   Section      256  keil_startup_lpc15xx.o(HEAP)
    Heap_Mem                                 0x02006208   Data         256  keil_startup_lpc15xx.o(HEAP)
    STACK                                    0x02006308   Section      512  keil_startup_lpc15xx.o(STACK)
    Stack_Mem                                0x02006308   Data         512  keil_startup_lpc15xx.o(STACK)
    __initial_sp                             0x02006508   Data           0  keil_startup_lpc15xx.o(STACK)

    Global Symbols

    Symbol Name                              Value     Ov Type        Size  Object(Section)

    BuildAttributes$$THM_ISAv4$P$D$K$B$S$PE$A:L22UL41UL21$X:L11$S22US41US21$IEEE1$IW$USESV6$~STKCKD$USESV7$~SHL$OTIME$ROPI$EBA8$UX$STANDARDLIB$REQ8$PRES8$EABIv2 0x00000000   Number         0  anon$$obj.o ABSOLUTE
    __ARM_use_no_argv                        0x00000000   Number         0  main.o ABSOLUTE
    __Vectors                                0x00000000   Data           4  keil_startup_lpc15xx.o(RESET)
    __ARM_exceptions_init                     - Undefined Weak Reference
    __alloca_initialize                       - Undefined Weak Reference
    __arm_preinit_                            - Undefined Weak Reference
    __cpp_initialize__aeabi_                  - Undefined Weak Reference
    __cxa_finalize                            - Undefined Weak Reference
    __rt_locale                               - Undefined Weak Reference
    __sigvec_lookup                           - Undefined Weak Reference
    __user_heap_extent                        - Undefined Weak Reference
    _atexit_init                              - Undefined Weak Reference
    _call_atexit_fns                          - Undefined Weak Reference
    _clock_init                               - Undefined Weak Reference
    _fp_trap_init                             - Undefined Weak Reference
    _fp_trap_shutdown                         - Undefined Weak Reference
    _get_lc_collate                           - Undefined Weak Reference
    _get_lc_ctype                             - Undefined Weak Reference
    _get_lc_monetary                          - Undefined Weak Reference
    _get_lc_numeric                           - Undefined Weak Reference
    _get_lc_time                              - Undefined Weak Reference
    _getenv_init                              - Undefined Weak Reference
    _handle_redirection                       - Undefined Weak Reference
    _initio                                   - Undefined Weak Reference
    _mutex_acquire                            - Undefined Weak Reference
    _mutex_free                               - Undefined Weak Reference
    _mutex_release                            - Undefined Weak Reference
    _printf_post_padding                      - Undefined Weak Reference
    _printf_pre_padding                       - Undefined Weak Reference
    _printf_truncate_signed                   - Undefined Weak Reference
    _printf_truncate_unsigned                 - Undefined Weak Reference
    _rand_init                                - Undefined Weak Reference
    _signal_finish                            - Undefined Weak Reference
    _signal_init                              - Undefined Weak Reference
    _terminateio                              - Undefined Weak Reference
    __main                                   0x000000fd   Thumb Code     8  __main.o(!!!main)
    __scatterload                            0x00000105   Thumb Code     0  __scatter.o(!!!scatter)
    __scatterload_rt2                        0x00000105   Thumb Code    44  __scatter.o(!!!scatter)
    __scatterload_rt2_thumb_only             0x00000105   Thumb Code     0  __scatter.o(!!!scatter)
    __scatterload_null                       0x00000113   Thumb Code     0  __scatter.o(!!!scatter)
    __scatterload_copy                       0x00000139   Thumb Code    26  __scatter_copy.o(!!handler_copy)
    __scatterload_zeroinit                   0x00000155   Thumb Code    28  __scatter_zi.o(!!handler_zi)
    _printf_d                                0x00000171   Thumb Code     0  _printf_d.o(.ARM.Collect$$_printf_percent$$00000009)
    _printf_percent                          0x00000171   Thumb Code     0  _printf_percent.o(.ARM.Collect$$_printf_percent$$00000000)
    _printf_x                                0x00000177   Thumb Code     0  _printf_x.o(.ARM.Collect$$_printf_percent$$0000000C)
    _printf_percent_end                      0x0000017d   Thumb Code     0  _printf_percent_end.o(.ARM.Collect$$_printf_percent$$00000017)
    __rt_lib_init                            0x00000181   Thumb Code     0  libinit.o(.ARM.Collect$$libinit$$00000000)
    __rt_lib_init_fp_1                       0x00000183   Thumb Code     0  libinit2.o(.ARM.Collect$$libinit$$00000002)
    __rt_lib_init_heap_2                     0x00000183   Thumb Code     0  libinit2.o(.ARM.Collect$$libinit$$00000005)
    __rt_lib_init_preinit_1                  0x00000183   Thumb Code     0  libinit2.o(.ARM.Collect$$libinit$$00000004)
    __rt_lib_init_alloca_1                   0x0000018b   Thumb Code     0  libinit2.o(.ARM.Collect$$libinit$$0000002E)
    __rt_lib_init_argv_1                     0x0000018b   Thumb Code     0  libinit2.o(.ARM.Collect$$libinit$$0000002C)
    __rt_lib_init_atexit_1                   0x0000018b   Thumb Code     0  libinit2.o(.ARM.Collect$$libinit$$0000001B)
    __rt_lib_init_clock_1                    0x0000018b   Thumb Code     0  libinit2.o(.ARM.Collect$$libinit$$00000021)
    __rt_lib_init_cpp_1                      0x0000018b   Thumb Code     0  libinit2.o(.ARM.Collect$$libinit$$00000032)
    __rt_lib_init_exceptions_1               0x0000018b   Thumb Code     0  libinit2.o(.ARM.Collect$$libinit$$00000030)
    __rt_lib_init_fp_trap_1                  0x0000018b   Thumb Code     0  libinit2.o(.ARM.Collect$$libinit$$0000001F)
    __rt_lib_init_getenv_1                   0x0000018b   Thumb Code     0  libinit2.o(.ARM.Collect$$libinit$$00000023)
    __rt_lib_init_heap_1                     0x0000018b   Thumb Code     0  libinit2.o(.ARM.Collect$$libinit$$0000000A)
    __rt_lib_init_lc_collate_1               0x0000018b   Thumb Code     0  libinit2.o(.ARM.Collect$$libinit$$00000011)
    __rt_lib_init_lc_ctype_1                 0x0000018b   Thumb Code     0  libinit2.o(.ARM.Collect$$libinit$$00000013)
    __rt_lib_init_lc_monetary_1              0x0000018b   Thumb Code     0  libinit2.o(.ARM.Collect$$libinit$$00000015)
    __rt_lib_init_lc_numeric_1               0x0000018b   Thumb Code     0  libinit2.o(.ARM.Collect$$libinit$$00000017)
    __rt_lib_init_lc_time_1                  0x0000018b   Thumb Code     0  libinit2.o(.ARM.Collect$$libinit$$00000019)
    __rt_lib_init_rand_1                     0x0000018b   Thumb Code     0  libinit2.o(.ARM.Collect$$libinit$$0000000E)
    __rt_lib_init_return                     0x0000018b   Thumb Code     0  libinit2.o(.ARM.Collect$$libinit$$00000033)
    __rt_lib_init_signal_1                   0x0000018b   Thumb Code     0  libinit2.o(.ARM.Collect$$libinit$$0000001D)
    __rt_lib_init_stdio_1                    0x0000018b   Thumb Code     0  libinit2.o(.ARM.Collect$$libinit$$00000025)
    __rt_lib_init_user_alloc_1               0x0000018b   Thumb Code     0  libinit2.o(.ARM.Collect$$libinit$$0000000C)
    __rt_lib_shutdown                        0x0000018d   Thumb Code     0  libshutdown.o(.ARM.Collect$$libshutdown$$00000000)
    __rt_lib_shutdown_cpp_1                  0x0000018f   Thumb Code     0  libshutdown2.o(.ARM.Collect$$libshutdown$$00000002)
    __rt_lib_shutdown_fp_trap_1              0x0000018f   Thumb Code     0  libshutdown2.o(.ARM.Collect$$libshutdown$$00000007)
    __rt_lib_shutdown_heap_1                 0x0000018f   Thumb Code     0  libshutdown2.o(.ARM.Collect$$libshutdown$$0000000F)
    __rt_lib_shutdown_return                 0x0000018f   Thumb Code     0  libshutdown2.o(.ARM.Collect$$libshutdown$$00000010)
    __rt_lib_shutdown_signal_1               0x0000018f   Thumb Code     0  libshutdown2.o(.ARM.Collect$$libshutdown$$0000000A)
    __rt_lib_shutdown_stdio_1                0x0000018f   Thumb Code     0  libshutdown2.o(.ARM.Collect$$libshutdown$$00000004)
    __rt_lib_shutdown_user_alloc_1           0x0000018f   Thumb Code     0  libshutdown2.o(.ARM.Collect$$libshutdown$$0000000C)
    __rt_entry                               0x00000191   Thumb Code     0  __rtentry.o(.ARM.Collect$$rtentry$$00000000)
    __rt_entry_presh_1                       0x00000191   Thumb Code     0  __rtentry2.o(.ARM.Collect$$rtentry$$00000002)
    __rt_entry_sh                            0x00000191   Thumb Code     0  __rtentry4.o(.ARM.Collect$$rtentry$$00000004)
    __rt_entry_li                            0x00000197   Thumb Code     0  __rtentry2.o(.ARM.Collect$$rtentry$$0000000A)
    __rt_entry_postsh_1                      0x00000197   Thumb Code     0  __rtentry2.o(.ARM.Collect$$rtentry$$00000009)
    __rt_entry_main                          0x0000019b   Thumb Code     0  __rtentry2.o(.ARM.Collect$$rtentry$$0000000D)
    __rt_entry_postli_1                      0x0000019b   Thumb Code     0  __rtentry2.o(.ARM.Collect$$rtentry$$0000000C)
    __rt_exit                                0x000001a3   Thumb Code     0  rtexit.o(.ARM.Collect$$rtexit$$00000000)
    __rt_exit_ls                             0x000001a5   Thumb Code     0  rtexit2.o(.ARM.Collect$$rtexit$$00000003)
    __rt_exit_prels_1                        0x000001a5   Thumb Code     0  rtexit2.o(.ARM.Collect$$rtexit$$00000002)
    __rt_exit_exit                           0x000001a9   Thumb Code     0  rtexit2.o(.ARM.Collect$$rtexit$$00000004)
    SVC_Handler                              0x000001b1   Thumb Code    32  port.o(.emb_text)
    __asm___6_port_c_39a90d8d__prvStartFirstTask 0x000001d5   Thumb Code    28  port.o(.emb_text)
    PendSV_Handler                           0x000001f5   Thumb Code    64  port.o(.emb_text)
    ulPortSetInterruptMask                   0x00000239   Thumb Code    14  port.o(.emb_text)
    vPortClearInterruptMask                  0x00000247   Thumb Code     6  port.o(.emb_text)
    vPortGetIPSR                             0x0000024d   Thumb Code     6  port.o(.emb_text)
    Reset_Handler                            0x00000255   Thumb Code     8  keil_startup_lpc15xx.o(.text)
    _maybe_terminate_alloc                   0x00000255   Thumb Code     0  maybetermalloc1.o(.emb_text)
    NMI_Handler                              0x0000025d   Thumb Code     2  keil_startup_lpc15xx.o(.text)
    HardFault_Handler                        0x0000025f   Thumb Code     2  keil_startup_lpc15xx.o(.text)
    Reserved_IRQHandler                      0x00000267   Thumb Code     2  keil_startup_lpc15xx.o(.text)
    ACMP0_IRQHandler                         0x00000269   Thumb Code     0  keil_startup_lpc15xx.o(.text)
    ACMP1_IRQHandler                         0x00000269   Thumb Code     0  keil_startup_lpc15xx.o(.text)
    ACMP2_IRQHandler                         0x00000269   Thumb Code     0  keil_startup_lpc15xx.o(.text)
    ACMP3_IRQHandler                         0x00000269   Thumb Code     0  keil_startup_lpc15xx.o(.text)
    ADC0A_IRQHandler                         0x00000269   Thumb Code     0  keil_startup_lpc15xx.o(.text)
    ADC0B_IRQHandler                         0x00000269   Thumb Code     0  keil_startup_lpc15xx.o(.text)
    ADC0_OVR_IRQHandler                      0x00000269   Thumb Code     0  keil_startup_lpc15xx.o(.text)
    ADC0_THCMP_IRQHandler                    0x00000269   Thumb Code     0  keil_startup_lpc15xx.o(.text)
    ADC1A_IRQHandler                         0x00000269   Thumb Code     0  keil_startup_lpc15xx.o(.text)
    ADC1B_IRQHandler                         0x00000269   Thumb Code     0  keil_startup_lpc15xx.o(.text)
    ADC1_OVR_IRQHandler                      0x00000269   Thumb Code     0  keil_startup_lpc15xx.o(.text)
    ADC1_THCMP_IRQHandler                    0x00000269   Thumb Code     0  keil_startup_lpc15xx.o(.text)
    BOD_IRQHandler                           0x00000269   Thumb Code     0  keil_startup_lpc15xx.o(.text)
    CAN_IRQHandler                           0x00000269   Thumb Code     0  keil_startup_lpc15xx.o(.text)
    DAC_IRQHandler                           0x00000269   Thumb Code     0  keil_startup_lpc15xx.o(.text)
    DMA_IRQHandler                           0x00000269   Thumb Code     0  keil_startup_lpc15xx.o(.text)
    EEPROM_IRQHandler                        0x00000269   Thumb Code     0  keil_startup_lpc15xx.o(.text)
    FMC_IRQHandler                           0x00000269   Thumb Code     0  keil_startup_lpc15xx.o(.text)
    GINT0_IRQHandler                         0x00000269   Thumb Code     0  keil_startup_lpc15xx.o(.text)
    GINT1_IRQHandler                         0x00000269   Thumb Code     0  keil_startup_lpc15xx.o(.text)
    I2C0_IRQHandler                          0x00000269   Thumb Code     0  keil_startup_lpc15xx.o(.text)
    MRT_IRQHandler                           0x00000269   Thumb Code     0  keil_startup_lpc15xx.o(.text)
    PIN_INT0_IRQHandler                      0x00000269   Thumb Code     0  keil_startup_lpc15xx.o(.text)
    PIN_INT1_IRQHandler                      0x00000269   Thumb Code     0  keil_startup_lpc15xx.o(.text)
    PIN_INT2_IRQHandler                      0x00000269   Thumb Code     0  keil_startup_lpc15xx.o(.text)
    PIN_INT3_IRQHandler                      0x00000269   Thumb Code     0  keil_startup_lpc15xx.o(.text)
    PIN_INT4_IRQHandler                      0x00000269   Thumb Code     0  keil_startup_lpc15xx.o(.text)
    PIN_INT5_IRQHandler                      0x00000269   Thumb Code     0  keil_startup_lpc15xx.o(.text)
    PIN_INT6_IRQHandler                      0x00000269   Thumb Code     0  keil_startup_lpc15xx.o(.text)
    PIN_INT7_IRQHandler                      0x00000269   Thumb Code     0  keil_startup_lpc15xx.o(.text)
    QEI_IRQHandler                           0x00000269   Thumb Code     0  keil_startup_lpc15xx.o(.text)
    RIT_IRQHandler                           0x00000269   Thumb Code     0  keil_startup_lpc15xx.o(.text)
    RTC_ALARM_IRQHandler                     0x00000269   Thumb Code     0  keil_startup_lpc15xx.o(.text)
    RTC_WAKE_IRQHandler                      0x00000269   Thumb Code     0  keil_startup_lpc15xx.o(.text)
    SCT0_IRQHandler                          0x00000269   Thumb Code     0  keil_startup_lpc15xx.o(.text)
    SCT1_IRQHandler                          0x00000269   Thumb Code     0  keil_startup_lpc15xx.o(.text)
    SCT2_IRQHandler                          0x00000269   Thumb Code     0  keil_startup_lpc15xx.o(.text)
    SCT3_IRQHandler                          0x00000269   Thumb Code     0  keil_startup_lpc15xx.o(.text)
    SPI1_IRQHandler                          0x00000269   Thumb Code     0  keil_startup_lpc15xx.o(.text)
    UART0_IRQHandler                         0x00000269   Thumb Code     0  keil_startup_lpc15xx.o(.text)
    UART1_IRQHandler                         0x00000269   Thumb Code     0  keil_startup_lpc15xx.o(.text)
    UART2_IRQHandler                         0x00000269   Thumb Code     0  keil_startup_lpc15xx.o(.text)
    USBWakeup_IRQHandler                     0x00000269   Thumb Code     0  keil_startup_lpc15xx.o(.text)
    USB_FIQHandler                           0x00000269   Thumb Code     0  keil_startup_lpc15xx.o(.text)
    USB_IRQHandler                           0x00000269   Thumb Code     0  keil_startup_lpc15xx.o(.text)
    WDT_IRQHandler                           0x00000269   Thumb Code     0  keil_startup_lpc15xx.o(.text)
    __user_initial_stackheap                 0x0000026d   Thumb Code     0  keil_startup_lpc15xx.o(.text)
    malloc                                   0x00000291   Thumb Code    94  h1_alloc.o(.text)
    __use_two_region_memory                  0x000002ef   Thumb Code     2  heapauxi.o(.text)
    __rt_heap_escrow$2region                 0x000002f1   Thumb Code     2  heapauxi.o(.text)
    __rt_heap_expand$2region                 0x000002f3   Thumb Code     2  heapauxi.o(.text)
    __rt_heap_descriptor                     0x000002f5   Thumb Code     8  rt_heap_descriptor_intlibspace.o(.text)
    free                                     0x00000301   Thumb Code    78  h1_free.o(.text)
    __aeabi_uldivmod                         0x0000034f   Thumb Code     0  lludivv7m.o(.text)
    _ll_udiv                                 0x0000034f   Thumb Code   238  lludivv7m.o(.text)
    __2printf                                0x0000043d   Thumb Code    20  noretval__2printf.o(.text)
    __printf                                 0x00000455   Thumb Code   104  __printf.o(.text)
    _printf_int_dec                          0x000004bd   Thumb Code   104  _printf_dec.o(.text)
    _printf_int_hex                          0x00000535   Thumb Code    84  _printf_hex_int.o(.text)
    _printf_longlong_hex                     0x00000535   Thumb Code     0  _printf_hex_int.o(.text)
    __aeabi_memset                           0x0000058d   Thumb Code    16  aeabi_memset.o(.text)
    __use_no_heap                            0x0000059d   Thumb Code     2  hguard.o(.text)
    __heap$guard                             0x0000059f   Thumb Code     2  hguard.o(.text)
    _terminate_user_alloc                    0x000005a1   Thumb Code     2  init_alloc.o(.text)
    _init_user_alloc                         0x000005a3   Thumb Code     2  init_alloc.o(.text)
    __Heap_Full                              0x000005a5   Thumb Code    34  init_alloc.o(.text)
    __Heap_Broken                            0x000005c7   Thumb Code     6  init_alloc.o(.text)
    _init_alloc                              0x000005cd   Thumb Code    94  init_alloc.o(.text)
    __Heap_Initialize                        0x0000062b   Thumb Code    10  h1_init.o(.text)
    __Heap_DescSize                          0x00000635   Thumb Code     4  h1_init.o(.text)
    _printf_int_common                       0x00000639   Thumb Code   178  _printf_intcommon.o(.text)
    _printf_char_file                        0x000006ed   Thumb Code    32  _printf_char_file.o(.text)
    __aeabi_memclr                           0x00000711   Thumb Code     0  rt_memclr.o(.text)
    __rt_memclr                              0x00000711   Thumb Code    68  rt_memclr.o(.text)
    _memset                                  0x00000715   Thumb Code     0  rt_memclr.o(.text)
    __user_libspace                          0x00000755   Thumb Code     8  libspace.o(.text)
    __user_perproc_libspace                  0x00000755   Thumb Code     0  libspace.o(.text)
    __user_perthread_libspace                0x00000755   Thumb Code     0  libspace.o(.text)
    __Heap_ProvideMemory                     0x0000075d   Thumb Code    52  h1_extend.o(.text)
    _printf_char_common                      0x0000079b   Thumb Code    32  _printf_char_common.o(.text)
    __rt_SIGRTMEM                            0x000007c1   Thumb Code    14  defsig_rtmem_outer.o(.text)
    __aeabi_memclr4                          0x000007cf   Thumb Code     0  rt_memclr_w.o(.text)
    __aeabi_memclr8                          0x000007cf   Thumb Code     0  rt_memclr_w.o(.text)
    __rt_memclr_w                            0x000007cf   Thumb Code    78  rt_memclr_w.o(.text)
    _memset_w                                0x000007d3   Thumb Code     0  rt_memclr_w.o(.text)
    __rt_heap_escrow                         0x0000081d   Thumb Code     2  heapauxiu.o(.text)
    __rt_heap_expand                         0x0000081f   Thumb Code     8  heapauxiu.o(.text)
    __I$use$semihosting                      0x00000827   Thumb Code     0  use_no_semi.o(.text)
    __use_no_semihosting_swi                 0x00000827   Thumb Code     2  use_no_semi.o(.text)
    __semihosting_library_function           0x00000829   Thumb Code     0  indicate_semi.o(.text)
    __user_setup_stackheap                   0x00000829   Thumb Code    74  sys_stackheap_outer.o(.text)
    exit                                     0x00000873   Thumb Code    18  exit.o(.text)
    __sig_exit                               0x00000885   Thumb Code    10  defsig_exit.o(.text)
    __rt_SIGRTMEM_inner                      0x00000891   Thumb Code    22  defsig_rtmem_inner.o(.text)
    __default_signal_display                 0x000008e1   Thumb Code    50  defsig_general.o(.text)
    _ttywrch                                 0x00000913   Thumb Code    14  sys_wrch.o(.text)
    Board_Debug_Init                         0x00000921   Thumb Code    88  board.o(i.Board_Debug_Init)
    Board_Init                               0x00000981   Thumb Code    68  board.o(i.Board_Init)
    Board_LED_Set                            0x000009c9   Thumb Code    32  board.o(i.Board_LED_Set)
    Board_LED_Toggle                         0x000009ed   Thumb Code    32  board.o(i.Board_LED_Toggle)
    Board_SetupClocking                      0x00000a11   Thumb Code    50  board_sysinit.o(i.Board_SetupClocking)
    Board_SetupMuxing                        0x00000a49   Thumb Code    72  board_sysinit.o(i.Board_SetupMuxing)
    Board_SystemInit                         0x00000a99   Thumb Code    20  board_sysinit.o(i.Board_SystemInit)
    Board_UARTPutChar                        0x00000ab1   Thumb Code    14  board.o(i.Board_UARTPutChar)
    Chip_Clock_DisablePeriphClock            0x00000ac5   Thumb Code    28  clock_15xx.o(i.Chip_Clock_DisablePeriphClock)
    Chip_Clock_EnablePeriphClock             0x00000ae5   Thumb Code    28  clock_15xx.o(i.Chip_Clock_EnablePeriphClock)
    Chip_Clock_GetMainClockRate              0x00000b05   Thumb Code    20  clock_15xx.o(i.Chip_Clock_GetMainClockRate)
    Chip_Clock_GetMain_A_ClockRate           0x00000b1d   Thumb Code    36  clock_15xx.o(i.Chip_Clock_GetMain_A_ClockRate)
    Chip_Clock_GetMain_B_ClockRate           0x00000b51   Thumb Code    44  clock_15xx.o(i.Chip_Clock_GetMain_B_ClockRate)
    Chip_Clock_GetSystemClockRate            0x00000bb1   Thumb Code    18  clock_15xx.o(i.Chip_Clock_GetSystemClockRate)
    Chip_Clock_GetSystemPLLInClockRate       0x00000bc9   Thumb Code    10  clock_15xx.o(i.Chip_Clock_GetSystemPLLInClockRate)
    Chip_Clock_GetSystemPLLOutClockRate      0x00000bd9   Thumb Code    22  clock_15xx.o(i.Chip_Clock_GetSystemPLLOutClockRate)
    Chip_Clock_GetUARTBaseClockRate          0x00000bf5   Thumb Code    60  clock_15xx.o(i.Chip_Clock_GetUARTBaseClockRate)
    Chip_Clock_SetMainClockSource            0x00000c35   Thumb Code    26  clock_15xx.o(i.Chip_Clock_SetMainClockSource)
    Chip_Clock_SetUARTBaseClockRate          0x00000c55   Thumb Code    76  clock_15xx.o(i.Chip_Clock_SetUARTBaseClockRate)
    Chip_GPIO_Init                           0x00000cc1   Thumb Code    44  gpio_15xx.o(i.Chip_GPIO_Init)
    Chip_IOCON_SetPinMuxing                  0x00000cf9   Thumb Code    36  iocon_15xx.o(i.Chip_IOCON_SetPinMuxing)
    Chip_SPI_DelayConfig                     0x00000d1d   Thumb Code    58  spi_15xx.o(i.Chip_SPI_DelayConfig)
    Chip_SPI_Init                            0x00000d59   Thumb Code    34  spi_15xx.o(i.Chip_SPI_Init)
    Chip_SPI_Int_Cmd                         0x00000d81   Thumb Code    20  spi_15xx.o(i.Chip_SPI_Int_Cmd)
    Chip_SPI_Int_RWFrames                    0x00000d95   Thumb Code   128  spi_15xx.o(i.Chip_SPI_Int_RWFrames)
    Chip_SPI_SetConfig                       0x00000e2d   Thumb Code    68  spi_15xx.o(i.Chip_SPI_SetConfig)
    Chip_SWM_MovablePinAssign                0x00000e89   Thumb Code    30  swm_15xx.o(i.Chip_SWM_MovablePinAssign)
    Chip_SYSCTL_AssertPeriphReset            0x00000ecd   Thumb Code    30  sysctl_15xx.o(i.Chip_SYSCTL_AssertPeriphReset)
    Chip_SYSCTL_DeassertPeriphReset          0x00000ef1   Thumb Code    30  sysctl_15xx.o(i.Chip_SYSCTL_DeassertPeriphReset)
    Chip_SYSCTL_PowerDown                    0x00000f39   Thumb Code    20  sysctl_15xx.o(i.Chip_SYSCTL_PowerDown)
    Chip_SYSCTL_PowerUp                      0x00000f55   Thumb Code    20  sysctl_15xx.o(i.Chip_SYSCTL_PowerUp)
    Chip_SetupXtalClocking                   0x00000f71   Thumb Code    92  sysinit_15xx.o(i.Chip_SetupXtalClocking)
    Chip_UART_Init                           0x00000fd1   Thumb Code    42  uart_15xx.o(i.Chip_UART_Init)
    Chip_UART_Send                           0x00001005   Thumb Code    28  uart_15xx.o(i.Chip_UART_Send)
    Chip_UART_SendBlocking                   0x00001021   Thumb Code    36  uart_15xx.o(i.Chip_UART_SendBlocking)
    Chip_UART_SetBaud                        0x00001045   Thumb Code    22  uart_15xx.o(i.Chip_UART_SetBaud)
    SPI0_IRQHandler                          0x00001105   Thumb Code    54  main.o(i.SPI0_IRQHandler)
    SysTick_Handler                          0x00001245   Thumb Code    28  port.o(i.SysTick_Handler)
    SystemCoreClockUpdate                    0x00001265   Thumb Code    12  chip_15xx.o(i.SystemCoreClockUpdate)
    SystemInit                               0x00001275   Thumb Code     8  sysinit.o(i.SystemInit)
    __user_heap_extend                       0x0000127d   Thumb Code    22  freertoscommonhooks.o(i.__user_heap_extend)
    _sys_exit                                0x00001299   Thumb Code     4  board.o(i._sys_exit)
    ferror                                   0x000012a9   Thumb Code     6  board.o(i.ferror)
    fputc                                    0x000012af   Thumb Code    12  board.o(i.fputc)
    main                                     0x000012dd   Thumb Code    48  main.o(i.main)
    pvPortMalloc                             0x00001549   Thumb Code    24  heap_3.o(i.pvPortMalloc)
    pxPortInitialiseStack                    0x00001561   Thumb Code    26  port.o(i.pxPortInitialiseStack)
    uxListRemove                             0x00001621   Thumb Code    40  list.o(i.uxListRemove)
    vApplicationIdleHook                     0x00001649   Thumb Code     4  freertoscommonhooks.o(i.vApplicationIdleHook)
    vListInitialise                          0x0000164d   Thumb Code    26  list.o(i.vListInitialise)
    vListInitialiseItem                      0x00001667   Thumb Code     6  list.o(i.vListInitialiseItem)
    vListInsertEnd                           0x0000166d   Thumb Code    24  list.o(i.vListInsertEnd)
    vPortEnterCritical                       0x00001685   Thumb Code    26  port.o(i.vPortEnterCritical)
    vPortExitCritical                        0x000016a5   Thumb Code    26  port.o(i.vPortExitCritical)
    vPortFree                                0x000016c5   Thumb Code    22  heap_3.o(i.vPortFree)
    vPortSetupTimerInterrupt                 0x000016dd   Thumb Code    26  port.o(i.vPortSetupTimerInterrupt)
    vPortYield                               0x000016fd   Thumb Code    18  port.o(i.vPortYield)
    vTaskStartScheduler                      0x00001715   Thumb Code    58  tasks.o(i.vTaskStartScheduler)
    vTaskSuspendAll                          0x00001769   Thumb Code    12  tasks.o(i.vTaskSuspendAll)
    vTaskSwitchContext                       0x00001779   Thumb Code    76  tasks.o(i.vTaskSwitchContext)
    xPortStartScheduler                      0x000017d9   Thumb Code    42  port.o(i.xPortStartScheduler)
    xTaskGenericCreate                       0x0000180d   Thumb Code   232  tasks.o(i.xTaskGenericCreate)
    xTaskIncrementTick                       0x0000190d   Thumb Code   242  tasks.o(i.xTaskIncrementTick)
    xTaskResumeAll                           0x00001a2d   Thumb Code   186  tasks.o(i.xTaskResumeAll)
    OscRateIn                                0x00001b08   Data           4  board.o(.constdata)
    RTCOscRateIn                             0x00001b0c   Data           4  board.o(.constdata)
    Region$$Table$$Base                      0x00001bcc   Number         0  anon$$obj.o(Region$$Table)
    Region$$Table$$Limit                     0x00001bec   Number         0  anon$$obj.o(Region$$Table)
    pxCurrentTCB                             0x02000004   Data           4  tasks.o(.data)
    __stdout                                 0x02000040   Data           4  board.o(.data)
    SystemCoreClock                          0x02000044   Data           4  chip_15xx.o(.data)
    __libspace_start                         0x020061a8   Data          96  libspace.o(.bss)
    __temporary_stack_top$libspace           0x02006208   Data           0  libspace.o(.bss)



==============================================================================

Memory Map of the image

  Image Entry point : 0x000000fd

  Load Region LR_IROM1 (Base: 0x00000000, Size: 0x00001c34, Max: 0x00040000, ABSOLUTE)

    Execution Region ER_IROM1 (Base: 0x00000000, Size: 0x00001bec, Max: 0x00040000, ABSOLUTE)

    Base Addr    Size         Type   Attr      Idx    E Section Name        Object

    0x00000000   0x000000fc   Data   RO            3    RESET               keil_startup_lpc15xx.o
    0x000000fc   0x00000008   Code   RO         2516  * !!!main             c_w.l(__main.o)
    0x00000104   0x00000034   Code   RO         2745    !!!scatter          c_w.l(__scatter.o)
    0x00000138   0x0000001a   Code   RO         2747    !!handler_copy      c_w.l(__scatter_copy.o)
    0x00000152   0x00000002   PAD
    0x00000154   0x0000001c   Code   RO         2749    !!handler_zi        c_w.l(__scatter_zi.o)
    0x00000170   0x00000000   Code   RO         2509    .ARM.Collect$$_printf_percent$$00000000  c_w.l(_printf_percent.o)
    0x00000170   0x00000006   Code   RO         2508    .ARM.Collect$$_printf_percent$$00000009  c_w.l(_printf_d.o)
    0x00000176   0x00000006   Code   RO         2507    .ARM.Collect$$_printf_percent$$0000000C  c_w.l(_printf_x.o)
    0x0000017c   0x00000004   Code   RO         2554    .ARM.Collect$$_printf_percent$$00000017  c_w.l(_printf_percent_end.o)
    0x00000180   0x00000002   Code   RO         2686    .ARM.Collect$$libinit$$00000000  c_w.l(libinit.o)
    0x00000182   0x00000000   Code   RO         2562    .ARM.Collect$$libinit$$00000002  c_w.l(libinit2.o)
    0x00000182   0x00000000   Code   RO         2564    .ARM.Collect$$libinit$$00000004  c_w.l(libinit2.o)
    0x00000182   0x00000008   Code   RO         2565    .ARM.Collect$$libinit$$00000005  c_w.l(libinit2.o)
    0x0000018a   0x00000000   Code   RO         2567    .ARM.Collect$$libinit$$0000000A  c_w.l(libinit2.o)
    0x0000018a   0x00000000   Code   RO         2569    .ARM.Collect$$libinit$$0000000C  c_w.l(libinit2.o)
    0x0000018a   0x00000000   Code   RO         2571    .ARM.Collect$$libinit$$0000000E  c_w.l(libinit2.o)
    0x0000018a   0x00000000   Code   RO         2574    .ARM.Collect$$libinit$$00000011  c_w.l(libinit2.o)
    0x0000018a   0x00000000   Code   RO         2576    .ARM.Collect$$libinit$$00000013  c_w.l(libinit2.o)
    0x0000018a   0x00000000   Code   RO         2578    .ARM.Collect$$libinit$$00000015  c_w.l(libinit2.o)
    0x0000018a   0x00000000   Code   RO         2580    .ARM.Collect$$libinit$$00000017  c_w.l(libinit2.o)
    0x0000018a   0x00000000   Code   RO         2582    .ARM.Collect$$libinit$$00000019  c_w.l(libinit2.o)
    0x0000018a   0x00000000   Code   RO         2584    .ARM.Collect$$libinit$$0000001B  c_w.l(libinit2.o)
    0x0000018a   0x00000000   Code   RO         2586    .ARM.Collect$$libinit$$0000001D  c_w.l(libinit2.o)
    0x0000018a   0x00000000   Code   RO         2588    .ARM.Collect$$libinit$$0000001F  c_w.l(libinit2.o)
    0x0000018a   0x00000000   Code   RO         2590    .ARM.Collect$$libinit$$00000021  c_w.l(libinit2.o)
    0x0000018a   0x00000000   Code   RO         2592    .ARM.Collect$$libinit$$00000023  c_w.l(libinit2.o)
    0x0000018a   0x00000000   Code   RO         2594    .ARM.Collect$$libinit$$00000025  c_w.l(libinit2.o)
    0x0000018a   0x00000000   Code   RO         2598    .ARM.Collect$$libinit$$0000002C  c_w.l(libinit2.o)
    0x0000018a   0x00000000   Code   RO         2600    .ARM.Collect$$libinit$$0000002E  c_w.l(libinit2.o)
    0x0000018a   0x00000000   Code   RO         2602    .ARM.Collect$$libinit$$00000030  c_w.l(libinit2.o)
    0x0000018a   0x00000000   Code   RO         2604    .ARM.Collect$$libinit$$00000032  c_w.l(libinit2.o)
    0x0000018a   0x00000002   Code   RO         2605    .ARM.Collect$$libinit$$00000033  c_w.l(libinit2.o)
    0x0000018c   0x00000002   Code   RO         2742    .ARM.Collect$$libshutdown$$00000000  c_w.l(libshutdown.o)
    0x0000018e   0x00000000   Code   RO         2700    .ARM.Collect$$libshutdown$$00000002  c_w.l(libshutdown2.o)
    0x0000018e   0x00000000   Code   RO         2702    .ARM.Collect$$libshutdown$$00000004  c_w.l(libshutdown2.o)
    0x0000018e   0x00000000   Code   RO         2705    .ARM.Collect$$libshutdown$$00000007  c_w.l(libshutdown2.o)
    0x0000018e   0x00000000   Code   RO         2708    .ARM.Collect$$libshutdown$$0000000A  c_w.l(libshutdown2.o)
    0x0000018e   0x00000000   Code   RO         2710    .ARM.Collect$$libshutdown$$0000000C  c_w.l(libshutdown2.o)
    0x0000018e   0x00000000   Code   RO         2713    .ARM.Collect$$libshutdown$$0000000F  c_w.l(libshutdown2.o)
    0x0000018e   0x00000002   Code   RO         2714    .ARM.Collect$$libshutdown$$00000010  c_w.l(libshutdown2.o)
    0x00000190   0x00000000   Code   RO         2520    .ARM.Collect$$rtentry$$00000000  c_w.l(__rtentry.o)
    0x00000190   0x00000000   Code   RO         2612    .ARM.Collect$$rtentry$$00000002  c_w.l(__rtentry2.o)
    0x00000190   0x00000006   Code   RO         2624    .ARM.Collect$$rtentry$$00000004  c_w.l(__rtentry4.o)
    0x00000196   0x00000000   Code   RO         2614    .ARM.Collect$$rtentry$$00000009  c_w.l(__rtentry2.o)
    0x00000196   0x00000004   Code   RO         2615    .ARM.Collect$$rtentry$$0000000A  c_w.l(__rtentry2.o)
    0x0000019a   0x00000000   Code   RO         2617    .ARM.Collect$$rtentry$$0000000C  c_w.l(__rtentry2.o)
    0x0000019a   0x00000008   Code   RO         2618    .ARM.Collect$$rtentry$$0000000D  c_w.l(__rtentry2.o)
    0x000001a2   0x00000002   Code   RO         2687    .ARM.Collect$$rtexit$$00000000  c_w.l(rtexit.o)
    0x000001a4   0x00000000   Code   RO         2718    .ARM.Collect$$rtexit$$00000002  c_w.l(rtexit2.o)
    0x000001a4   0x00000004   Code   RO         2719    .ARM.Collect$$rtexit$$00000003  c_w.l(rtexit2.o)
    0x000001a8   0x00000006   Code   RO         2720    .ARM.Collect$$rtexit$$00000004  c_w.l(rtexit2.o)
    0x000001ae   0x00000002   PAD
    0x000001b0   0x000000a2   Code   RO         1114    .emb_text           port.o
    0x00000252   0x00000002   PAD
    0x00000254   0x00000000   Code   RO         2630    .emb_text           c_w.l(maybetermalloc1.o)
    0x00000254   0x0000003c   Code   RO            5    .text               keil_startup_lpc15xx.o
    0x00000290   0x0000005e   Code   RO         2398    .text               c_w.l(h1_alloc.o)
    0x000002ee   0x00000006   Code   RO         2514    .text               c_w.l(heapauxi.o)
    0x000002f4   0x00000008   Code   RO         2528    .text               c_w.l(rt_heap_descriptor_intlibspace.o)
    0x000002fc   0x00000004   Code   RO            4    .ARM.__at_0x02FC    keil_startup_lpc15xx.o
    0x00000300   0x0000004e   Code   RO         2400    .text               c_w.l(h1_free.o)
    0x0000034e   0x000000ee   Code   RO         2456    .text               c_w.l(lludivv7m.o)
    0x0000043c   0x00000018   Code   RO         2460    .text               c_w.l(noretval__2printf.o)
    0x00000454   0x00000068   Code   RO         2462    .text               c_w.l(__printf.o)
    0x000004bc   0x00000078   Code   RO         2464    .text               c_w.l(_printf_dec.o)
    0x00000534   0x00000058   Code   RO         2469    .text               c_w.l(_printf_hex_int.o)
    0x0000058c   0x00000010   Code   RO         2512    .text               c_w.l(aeabi_memset.o)
    0x0000059c   0x00000004   Code   RO         2530    .text               c_w.l(hguard.o)
    0x000005a0   0x0000008a   Code   RO         2532    .text               c_w.l(init_alloc.o)
    0x0000062a   0x0000000e   Code   RO         2536    .text               c_w.l(h1_init.o)
    0x00000638   0x000000b2   Code   RO         2550    .text               c_w.l(_printf_intcommon.o)
    0x000006ea   0x00000002   PAD
    0x000006ec   0x00000024   Code   RO         2552    .text               c_w.l(_printf_char_file.o)
    0x00000710   0x00000044   Code   RO         2557    .text               c_w.l(rt_memclr.o)
    0x00000754   0x00000008   Code   RO         2608    .text               c_w.l(libspace.o)
    0x0000075c   0x00000034   Code   RO         2632    .text               c_w.l(h1_extend.o)
    0x00000790   0x00000030   Code   RO         2636    .text               c_w.l(_printf_char_common.o)
    0x000007c0   0x0000000e   Code   RO         2638    .text               c_w.l(defsig_rtmem_outer.o)
    0x000007ce   0x0000004e   Code   RO         2642    .text               c_w.l(rt_memclr_w.o)
    0x0000081c   0x0000000a   Code   RO         2650    .text               c_w.l(heapauxiu.o)
    0x00000826   0x00000002   Code   RO         2656    .text               c_w.l(use_no_semi.o)
    0x00000828   0x00000000   Code   RO         2658    .text               c_w.l(indicate_semi.o)
    0x00000828   0x0000004a   Code   RO         2659    .text               c_w.l(sys_stackheap_outer.o)
    0x00000872   0x00000012   Code   RO         2667    .text               c_w.l(exit.o)
    0x00000884   0x0000000a   Code   RO         2669    .text               c_w.l(defsig_exit.o)
    0x0000088e   0x00000002   PAD
    0x00000890   0x00000050   Code   RO         2675    .text               c_w.l(defsig_rtmem_inner.o)
    0x000008e0   0x00000032   Code   RO         2695    .text               c_w.l(defsig_general.o)
    0x00000912   0x0000000e   Code   RO         2715    .text               c_w.l(sys_wrch.o)
    0x00000920   0x00000060   Code   RO         1249    i.Board_Debug_Init  board_nxp_lpcxpresso_1549.lib(board.o)
    0x00000980   0x00000048   Code   RO         1250    i.Board_Init        board_nxp_lpcxpresso_1549.lib(board.o)
    0x000009c8   0x00000024   Code   RO         1252    i.Board_LED_Set     board_nxp_lpcxpresso_1549.lib(board.o)
    0x000009ec   0x00000024   Code   RO         1254    i.Board_LED_Toggle  board_nxp_lpcxpresso_1549.lib(board.o)
    0x00000a10   0x00000038   Code   RO         1530    i.Board_SetupClocking  board_nxp_lpcxpresso_1549.lib(board_sysinit.o)
    0x00000a48   0x00000050   Code   RO         1531    i.Board_SetupMuxing  board_nxp_lpcxpresso_1549.lib(board_sysinit.o)
    0x00000a98   0x00000018   Code   RO         1532    i.Board_SystemInit  board_nxp_lpcxpresso_1549.lib(board_sysinit.o)
    0x00000ab0   0x00000014   Code   RO         1256    i.Board_UARTPutChar  board_nxp_lpcxpresso_1549.lib(board.o)
    0x00000ac4   0x00000020   Code   RO         1586    i.Chip_Clock_DisablePeriphClock  chip_15xx_lib.lib(clock_15xx.o)
    0x00000ae4   0x00000020   Code   RO         1587    i.Chip_Clock_EnablePeriphClock  chip_15xx_lib.lib(clock_15xx.o)
    0x00000b04   0x00000018   Code   RO         1589    i.Chip_Clock_GetMainClockRate  chip_15xx_lib.lib(clock_15xx.o)
    0x00000b1c   0x00000034   Code   RO         1591    i.Chip_Clock_GetMain_A_ClockRate  chip_15xx_lib.lib(clock_15xx.o)
    0x00000b50   0x00000034   Code   RO         1592    i.Chip_Clock_GetMain_B_ClockRate  chip_15xx_lib.lib(clock_15xx.o)
    0x00000b84   0x0000000c   Code   RO         1593    i.Chip_Clock_GetPLLFreq  chip_15xx_lib.lib(clock_15xx.o)
    0x00000b90   0x00000020   Code   RO         1594    i.Chip_Clock_GetPLLInClockRate  chip_15xx_lib.lib(clock_15xx.o)
    0x00000bb0   0x00000018   Code   RO         1598    i.Chip_Clock_GetSystemClockRate  chip_15xx_lib.lib(clock_15xx.o)
    0x00000bc8   0x00000010   Code   RO         1599    i.Chip_Clock_GetSystemPLLInClockRate  chip_15xx_lib.lib(clock_15xx.o)
    0x00000bd8   0x0000001c   Code   RO         1600    i.Chip_Clock_GetSystemPLLOutClockRate  chip_15xx_lib.lib(clock_15xx.o)
    0x00000bf4   0x00000040   Code   RO         1601    i.Chip_Clock_GetUARTBaseClockRate  chip_15xx_lib.lib(clock_15xx.o)
    0x00000c34   0x00000020   Code   RO         1605    i.Chip_Clock_SetMainClockSource  chip_15xx_lib.lib(clock_15xx.o)
    0x00000c54   0x00000050   Code   RO         1607    i.Chip_Clock_SetUARTBaseClockRate  chip_15xx_lib.lib(clock_15xx.o)
    0x00000ca4   0x0000001c   Code   RO         2351    i.Chip_FMC_SetFLASHAccess  chip_15xx_lib.lib(sysinit_15xx.o)
    0x00000cc0   0x0000002c   Code   RO         2276    i.Chip_GPIO_Init    chip_15xx_lib.lib(gpio_15xx.o)
    0x00000cec   0x0000000c   Code   RO          201    i.Chip_IOCON_PinMuxSet  main.o
    0x00000cf8   0x00000024   Code   RO         2328    i.Chip_IOCON_SetPinMuxing  chip_15xx_lib.lib(iocon_15xx.o)
    0x00000d1c   0x0000003a   Code   RO         2062    i.Chip_SPI_DelayConfig  chip_15xx_lib.lib(spi_15xx.o)
    0x00000d56   0x00000002   PAD
    0x00000d58   0x00000028   Code   RO         2063    i.Chip_SPI_Init     chip_15xx_lib.lib(spi_15xx.o)
    0x00000d80   0x00000014   Code   RO         2064    i.Chip_SPI_Int_Cmd  chip_15xx_lib.lib(spi_15xx.o)
    0x00000d94   0x00000080   Code   RO         2065    i.Chip_SPI_Int_RWFrames  chip_15xx_lib.lib(spi_15xx.o)
    0x00000e14   0x00000018   Code   RO         2068    i.Chip_SPI_SendLastFrame  chip_15xx_lib.lib(spi_15xx.o)
    0x00000e2c   0x00000044   Code   RO         2069    i.Chip_SPI_SetConfig  chip_15xx_lib.lib(spi_15xx.o)
    0x00000e70   0x00000018   Code   RO         2070    i.Chip_SPI_SetControlInfo  chip_15xx_lib.lib(spi_15xx.o)
    0x00000e88   0x00000024   Code   RO         1871    i.Chip_SWM_MovablePinAssign  chip_15xx_lib.lib(swm_15xx.o)
    0x00000eac   0x00000016   Code   RO          202    i.Chip_SWM_MovablePortPinAssign  main.o
    0x00000ec2   0x0000000a   Code   RO         1259    i.Chip_SWM_MovablePortPinAssign  board_nxp_lpcxpresso_1549.lib(board.o)
    0x00000ecc   0x00000024   Code   RO         2222    i.Chip_SYSCTL_AssertPeriphReset  chip_15xx_lib.lib(sysctl_15xx.o)
    0x00000ef0   0x00000024   Code   RO         2223    i.Chip_SYSCTL_DeassertPeriphReset  chip_15xx_lib.lib(sysctl_15xx.o)
    0x00000f14   0x00000012   Code   RO         1952    i.Chip_SYSCTL_PeriphReset  chip_15xx_lib.lib(uart_15xx.o)
    0x00000f26   0x00000012   Code   RO         2072    i.Chip_SYSCTL_PeriphReset  chip_15xx_lib.lib(spi_15xx.o)
    0x00000f38   0x0000001c   Code   RO         2225    i.Chip_SYSCTL_PowerDown  chip_15xx_lib.lib(sysctl_15xx.o)
    0x00000f54   0x0000001c   Code   RO         2226    i.Chip_SYSCTL_PowerUp  chip_15xx_lib.lib(sysctl_15xx.o)
    0x00000f70   0x00000060   Code   RO         2353    i.Chip_SetupXtalClocking  chip_15xx_lib.lib(sysinit_15xx.o)
    0x00000fd0   0x00000034   Code   RO         1955    i.Chip_UART_Init    chip_15xx_lib.lib(uart_15xx.o)
    0x00001004   0x0000001c   Code   RO         1960    i.Chip_UART_Send    chip_15xx_lib.lib(uart_15xx.o)
    0x00001020   0x00000024   Code   RO         1961    i.Chip_UART_SendBlocking  chip_15xx_lib.lib(uart_15xx.o)
    0x00001044   0x00000016   Code   RO         1963    i.Chip_UART_SetBaud  chip_15xx_lib.lib(uart_15xx.o)
    0x0000105a   0x00000002   PAD
    0x0000105c   0x00000064   Code   RO          203    i.Init_SPI_PinMux   main.o
    0x000010c0   0x00000044   Code   RO          204    i.ReadSpiMssg       main.o
    0x00001104   0x00000044   Code   RO          205    i.SPI0_IRQHandler   main.o
    0x00001148   0x00000012   Code   RO         2073    i.SPI_Receive_Data  chip_15xx_lib.lib(spi_15xx.o)
    0x0000115a   0x00000028   Code   RO         2074    i.SPI_Send_Data     chip_15xx_lib.lib(spi_15xx.o)
    0x00001182   0x00000038   Code   RO         2075    i.SPI_Send_Data_RxIgnore  chip_15xx_lib.lib(spi_15xx.o)
    0x000011ba   0x00000002   PAD
    0x000011bc   0x00000088   Code   RO          206    i.SPI_SlaveTask     main.o
    0x00001244   0x00000020   Code   RO         1115    i.SysTick_Handler   port.o
    0x00001264   0x00000010   Code   RO         1914    i.SystemCoreClockUpdate  chip_15xx_lib.lib(chip_15xx.o)
    0x00001274   0x00000008   Code   RO           16    i.SystemInit        sysinit.o
    0x0000127c   0x0000001c   Code   RO         1192    i.__user_heap_extend  freertoscommonhooks.o
    0x00001298   0x00000004   Code   RO         1261    i._sys_exit         board_nxp_lpcxpresso_1549.lib(board.o)
    0x0000129c   0x0000000c   Code   RO          207    i.errorSPI          main.o
    0x000012a8   0x00000006   Code   RO         1263    i.ferror            board_nxp_lpcxpresso_1549.lib(board.o)
    0x000012ae   0x0000000c   Code   RO         1265    i.fputc             board_nxp_lpcxpresso_1549.lib(board.o)
    0x000012ba   0x00000002   PAD
    0x000012bc   0x00000020   Code   RO         1966    i.getUARTClockID    chip_15xx_lib.lib(uart_15xx.o)
    0x000012dc   0x00000044   Code   RO          208    i.main              main.o
    0x00001320   0x00000034   Code   RO          209    i.pinmux            main.o
    0x00001354   0x00000042   Code   RO          741    i.prvAllocateTCBAndStack  tasks.o
    0x00001396   0x00000002   PAD
    0x00001398   0x00000064   Code   RO          742    i.prvCheckTasksWaitingTermination  tasks.o
    0x000013fc   0x00000012   Code   RO          743    i.prvDeleteTCB      tasks.o
    0x0000140e   0x00000002   PAD
    0x00001410   0x0000001c   Code   RO          744    i.prvIdleTask       tasks.o
    0x0000142c   0x00000062   Code   RO          745    i.prvInitialiseTCBVariables  tasks.o
    0x0000148e   0x00000002   PAD
    0x00001490   0x00000068   Code   RO          746    i.prvInitialiseTaskLists  tasks.o
    0x000014f8   0x00000034   Code   RO          748    i.prvResetNextTaskUnblockTime  tasks.o
    0x0000152c   0x00000014   Code   RO          210    i.prvSetupHardware  main.o
    0x00001540   0x00000008   Code   RO         1116    i.prvTaskExitError  port.o
    0x00001548   0x00000018   Code   RO         1084    i.pvPortMalloc      heap_3.o
    0x00001560   0x00000020   Code   RO         1117    i.pxPortInitialiseStack  port.o
    0x00001580   0x00000054   Code   RO          211    i.setupSpiSlave     main.o
    0x000015d4   0x0000004c   Code   RO          212    i.uart_init         main.o
    0x00001620   0x00000028   Code   RO          502    i.uxListRemove      list.o
    0x00001648   0x00000004   Code   RO         1193    i.vApplicationIdleHook  freertoscommonhooks.o
    0x0000164c   0x0000001a   Code   RO          503    i.vListInitialise   list.o
    0x00001666   0x00000006   Code   RO          504    i.vListInitialiseItem  list.o
    0x0000166c   0x00000018   Code   RO          506    i.vListInsertEnd    list.o
    0x00001684   0x00000020   Code   RO         1119    i.vPortEnterCritical  port.o
    0x000016a4   0x00000020   Code   RO         1120    i.vPortExitCritical  port.o
    0x000016c4   0x00000016   Code   RO         1085    i.vPortFree         heap_3.o
    0x000016da   0x00000002   PAD
    0x000016dc   0x00000020   Code   RO         1121    i.vPortSetupTimerInterrupt  port.o
    0x000016fc   0x00000018   Code   RO         1122    i.vPortYield        port.o
    0x00001714   0x00000054   Code   RO          773    i.vTaskStartScheduler  tasks.o
    0x00001768   0x00000010   Code   RO          775    i.vTaskSuspendAll   tasks.o
    0x00001778   0x00000060   Code   RO          776    i.vTaskSwitchContext  tasks.o
    0x000017d8   0x00000034   Code   RO         1123    i.xPortStartScheduler  port.o
    0x0000180c   0x00000100   Code   RO          778    i.xTaskGenericCreate  tasks.o
    0x0000190c   0x00000120   Code   RO          784    i.xTaskIncrementTick  tasks.o
    0x00001a2c   0x000000dc   Code   RO          790    i.xTaskResumeAll    tasks.o
    0x00001b08   0x00000004   Data   RO         1266    .constdata          board_nxp_lpcxpresso_1549.lib(board.o)
    0x00001b0c   0x00000004   Data   RO         1267    .constdata          board_nxp_lpcxpresso_1549.lib(board.o)
    0x00001b10   0x00000015   Data   RO         1268    .constdata          board_nxp_lpcxpresso_1549.lib(board.o)
    0x00001b25   0x00000003   PAD
    0x00001b28   0x0000007c   Data   RO         1533    .constdata          board_nxp_lpcxpresso_1549.lib(board_sysinit.o)
    0x00001ba4   0x00000028   Data   RO         2470    .constdata          c_w.l(_printf_hex_int.o)
    0x00001bcc   0x00000020   Data   RO         2743    Region$$Table       anon$$obj.o


    Execution Region RW_IRAM1 (Base: 0x02000000, Size: 0x00006508, Max: 0x00009000, ABSOLUTE)

    Base Addr    Size         Type   Attr      Idx    E Section Name        Object

    0x02000000   0x00000004   Data   RW          217    .data               main.o
    0x02000004   0x00000038   Data   RW          793    .data               tasks.o
    0x0200003c   0x00000004   Data   RW         1124    .data               port.o
    0x02000040   0x00000004   Data   RW         1269    .data               board_nxp_lpcxpresso_1549.lib(board.o)
    0x02000044   0x00000004   Data   RW         1915    .data               chip_15xx_lib.lib(chip_15xx.o)
    0x02000048   0x0000005c   Zero   RW          216    .bss                main.o
    0x020000a4   0x00000104   Zero   RW          792    .bss                tasks.o
    0x020001a8   0x00006000   Zero   RW         1197    .bss                freertoscommonhooks.o
    0x020061a8   0x00000060   Zero   RW         2609    .bss                c_w.l(libspace.o)
    0x02006208   0x00000100   Zero   RW            2    HEAP                keil_startup_lpc15xx.o
    0x02006308   0x00000200   Zero   RW            1    STACK               keil_startup_lpc15xx.o


==============================================================================

Image component sizes


      Code (inc. data)   RO Data    RW Data    ZI Data      Debug   Object Name

         0          0          0          0          0       1452   event_groups.o
        32          6          0          0      24576       1968   freertoscommonhooks.o
        46          0          0          0          0       1163   heap_3.o
        64         32        252          0        768        956   keil_startup_lpc15xx.o
        96          0          0          0          0       2456   list.o
       718         94          0          4         92      54744   main.o
       406         56          0          4          0       6853   port.o
         8          0          0          0          0       6521   sysinit.o
      1426        216          0         56        260      11675   tasks.o

    ----------------------------------------------------------------------
      2806        404        284         64      25696      87788   Object Totals
         0          0         32          0          0          0   (incl. Generated)
        10          0          0          0          0          0   (incl. Padding)

    ----------------------------------------------------------------------

      Code (inc. data)   RO Data    RW Data    ZI Data      Debug   Library Member Name

       292         26         29          4          0      17251   board.o
       160         18        124          0          0      15321   board_sysinit.o
         8          0          0          0          0         68   __main.o
       104          0          0          0          0         84   __printf.o
         0          0          0          0          0          0   __rtentry.o
        12          0          0          0          0          0   __rtentry2.o
         6          0          0          0          0          0   __rtentry4.o
        52          8          0          0          0          0   __scatter.o
        26          0          0          0          0          0   __scatter_copy.o
        28          0          0          0          0          0   __scatter_zi.o
        48          6          0          0          0         96   _printf_char_common.o
        36          4          0          0          0         80   _printf_char_file.o
         6          0          0          0          0          0   _printf_d.o
       120         16          0          0          0         92   _printf_dec.o
        88          4         40          0          0         88   _printf_hex_int.o
       178          0          0          0          0         88   _printf_intcommon.o
         0          0          0          0          0          0   _printf_percent.o
         4          0          0          0          0          0   _printf_percent_end.o
         6          0          0          0          0          0   _printf_x.o
        16          0          0          0          0         68   aeabi_memset.o
        10          0          0          0          0         68   defsig_exit.o
        50          0          0          0          0         88   defsig_general.o
        80         58          0          0          0         76   defsig_rtmem_inner.o
        14          0          0          0          0         80   defsig_rtmem_outer.o
        18          0          0          0          0         80   exit.o
        94          0          0          0          0         80   h1_alloc.o
        52          0          0          0          0         68   h1_extend.o
        78          0          0          0          0         80   h1_free.o
        14          0          0          0          0         84   h1_init.o
         6          0          0          0          0        152   heapauxi.o
        10          0          0          0          0         92   heapauxiu.o
         4          0          0          0          0        136   hguard.o
         0          0          0          0          0          0   indicate_semi.o
       138          0          0          0          0        168   init_alloc.o
         2          0          0          0          0          0   libinit.o
        10          0          0          0          0          0   libinit2.o
         2          0          0          0          0          0   libshutdown.o
         2          0          0          0          0          0   libshutdown2.o
         8          4          0          0         96         68   libspace.o
       238          0          0          0          0        100   lludivv7m.o
         0          0          0          0          0          0   maybetermalloc1.o
        24          4          0          0          0         84   noretval__2printf.o
         8          4          0          0          0         68   rt_heap_descriptor_intlibspace.o
        68          0          0          0          0         68   rt_memclr.o
        78          0          0          0          0         80   rt_memclr_w.o
         2          0          0          0          0          0   rtexit.o
        10          0          0          0          0          0   rtexit2.o
        74          0          0          0          0         80   sys_stackheap_outer.o
        14          0          0          0          0         76   sys_wrch.o
         2          0          0          0          0         68   use_no_semi.o
        16          4          0          4          0       7714   chip_15xx.o
       480         76          0          0          0      17414   clock_15xx.o
        44          0          0          0          0       2881   gpio_15xx.o
        36          0          0          0          0       2178   iocon_15xx.o
       494         12          0          0          0      13435   spi_15xx.o
        36          6          0          0          0        600   swm_15xx.o
       128         28          0          0          0       9064   sysctl_15xx.o
       124          8          0          0          0      12537   sysinit_15xx.o
       188         18          0          0          0      12032   uart_15xx.o

    ----------------------------------------------------------------------
      3862        304        196          8         96     113035   Library Totals
        16          0          3          0          0          0   (incl. Padding)

    ----------------------------------------------------------------------

      Code (inc. data)   RO Data    RW Data    ZI Data      Debug   Library Name

       452         44        153          4          0      32572   board_nxp_lpcxpresso_1549.lib
      1848        108         40          0         96       2608   c_w.l
      1546        152          0          4          0      77855   chip_15xx_lib.lib

    ----------------------------------------------------------------------
      3862        304        196          8         96     113035   Library Totals

    ----------------------------------------------------------------------

==============================================================================


      Code (inc. data)   RO Data    RW Data    ZI Data      Debug   

      6668        708        480         72      25792     194839   Grand Totals
      6668        708        480         72      25792     194839   ELF Image Totals
      6668        708        480         72          0          0   ROM Totals

==============================================================================

    Total RO  Size (Code + RO Data)                 7148 (   6.98kB)
    Total RW  Size (RW Data + ZI Data)             25864 (  25.26kB)
    Total ROM Size (Code + RO Data + RW Data)       7220 (   7.05kB)

==============================================================================

